Archive member included to satisfy reference by file (symbol)

/home/xiao/Tool/gcc-arm-none-eabi-7-2017-q4-major/bin/../lib/gcc/arm-none-eabi/7.2.1/../../../../arm-none-eabi/lib/thumb/v6-m/libc_nano.a(lib_a-exit.o)
                              /home/xiao/Tool/gcc-arm-none-eabi-7-2017-q4-major/bin/../lib/gcc/arm-none-eabi/7.2.1/../../../../arm-none-eabi/lib/thumb/v6-m/crt0.o (exit)
/home/xiao/Tool/gcc-arm-none-eabi-7-2017-q4-major/bin/../lib/gcc/arm-none-eabi/7.2.1/../../../../arm-none-eabi/lib/thumb/v6-m/libc_nano.a(lib_a-impure.o)
                              /home/xiao/Tool/gcc-arm-none-eabi-7-2017-q4-major/bin/../lib/gcc/arm-none-eabi/7.2.1/../../../../arm-none-eabi/lib/thumb/v6-m/libc_nano.a(lib_a-exit.o) (_global_impure_ptr)
/home/xiao/Tool/gcc-arm-none-eabi-7-2017-q4-major/bin/../lib/gcc/arm-none-eabi/7.2.1/../../../../arm-none-eabi/lib/thumb/v6-m/libc_nano.a(lib_a-init.o)
                              /home/xiao/Tool/gcc-arm-none-eabi-7-2017-q4-major/bin/../lib/gcc/arm-none-eabi/7.2.1/../../../../arm-none-eabi/lib/thumb/v6-m/crt0.o (__libc_init_array)
/home/xiao/Tool/gcc-arm-none-eabi-7-2017-q4-major/bin/../lib/gcc/arm-none-eabi/7.2.1/../../../../arm-none-eabi/lib/thumb/v6-m/libc_nano.a(lib_a-memset.o)
                              /home/xiao/Tool/gcc-arm-none-eabi-7-2017-q4-major/bin/../lib/gcc/arm-none-eabi/7.2.1/../../../../arm-none-eabi/lib/thumb/v6-m/crt0.o (memset)
/home/xiao/Tool/gcc-arm-none-eabi-7-2017-q4-major/bin/../lib/gcc/arm-none-eabi/7.2.1/../../../../arm-none-eabi/lib/thumb/v6-m/libc_nano.a(lib_a-printf.o)
                              build/at24cxx.o (printf)
/home/xiao/Tool/gcc-arm-none-eabi-7-2017-q4-major/bin/../lib/gcc/arm-none-eabi/7.2.1/../../../../arm-none-eabi/lib/thumb/v6-m/libc_nano.a(lib_a-puts.o)
                              build/ec11.o (puts)
/home/xiao/Tool/gcc-arm-none-eabi-7-2017-q4-major/bin/../lib/gcc/arm-none-eabi/7.2.1/../../../../arm-none-eabi/lib/thumb/v6-m/libc_nano.a(lib_a-wbuf.o)
                              /home/xiao/Tool/gcc-arm-none-eabi-7-2017-q4-major/bin/../lib/gcc/arm-none-eabi/7.2.1/../../../../arm-none-eabi/lib/thumb/v6-m/libc_nano.a(lib_a-puts.o) (__swbuf_r)
/home/xiao/Tool/gcc-arm-none-eabi-7-2017-q4-major/bin/../lib/gcc/arm-none-eabi/7.2.1/../../../../arm-none-eabi/lib/thumb/v6-m/libc_nano.a(lib_a-wsetup.o)
                              /home/xiao/Tool/gcc-arm-none-eabi-7-2017-q4-major/bin/../lib/gcc/arm-none-eabi/7.2.1/../../../../arm-none-eabi/lib/thumb/v6-m/libc_nano.a(lib_a-puts.o) (__swsetup_r)
/home/xiao/Tool/gcc-arm-none-eabi-7-2017-q4-major/bin/../lib/gcc/arm-none-eabi/7.2.1/../../../../arm-none-eabi/lib/thumb/v6-m/libc_nano.a(lib_a-fflush.o)
                              /home/xiao/Tool/gcc-arm-none-eabi-7-2017-q4-major/bin/../lib/gcc/arm-none-eabi/7.2.1/../../../../arm-none-eabi/lib/thumb/v6-m/libc_nano.a(lib_a-wbuf.o) (_fflush_r)
/home/xiao/Tool/gcc-arm-none-eabi-7-2017-q4-major/bin/../lib/gcc/arm-none-eabi/7.2.1/../../../../arm-none-eabi/lib/thumb/v6-m/libc_nano.a(lib_a-findfp.o)
                              /home/xiao/Tool/gcc-arm-none-eabi-7-2017-q4-major/bin/../lib/gcc/arm-none-eabi/7.2.1/../../../../arm-none-eabi/lib/thumb/v6-m/libc_nano.a(lib_a-printf.o) (__sinit)
/home/xiao/Tool/gcc-arm-none-eabi-7-2017-q4-major/bin/../lib/gcc/arm-none-eabi/7.2.1/../../../../arm-none-eabi/lib/thumb/v6-m/libc_nano.a(lib_a-fwalk.o)
                              /home/xiao/Tool/gcc-arm-none-eabi-7-2017-q4-major/bin/../lib/gcc/arm-none-eabi/7.2.1/../../../../arm-none-eabi/lib/thumb/v6-m/libc_nano.a(lib_a-findfp.o) (_fwalk)
/home/xiao/Tool/gcc-arm-none-eabi-7-2017-q4-major/bin/../lib/gcc/arm-none-eabi/7.2.1/../../../../arm-none-eabi/lib/thumb/v6-m/libc_nano.a(lib_a-makebuf.o)
                              /home/xiao/Tool/gcc-arm-none-eabi-7-2017-q4-major/bin/../lib/gcc/arm-none-eabi/7.2.1/../../../../arm-none-eabi/lib/thumb/v6-m/libc_nano.a(lib_a-wsetup.o) (__smakebuf_r)
/home/xiao/Tool/gcc-arm-none-eabi-7-2017-q4-major/bin/../lib/gcc/arm-none-eabi/7.2.1/../../../../arm-none-eabi/lib/thumb/v6-m/libc_nano.a(lib_a-nano-freer.o)
                              /home/xiao/Tool/gcc-arm-none-eabi-7-2017-q4-major/bin/../lib/gcc/arm-none-eabi/7.2.1/../../../../arm-none-eabi/lib/thumb/v6-m/libc_nano.a(lib_a-wsetup.o) (_free_r)
/home/xiao/Tool/gcc-arm-none-eabi-7-2017-q4-major/bin/../lib/gcc/arm-none-eabi/7.2.1/../../../../arm-none-eabi/lib/thumb/v6-m/libc_nano.a(lib_a-nano-mallocr.o)
                              /home/xiao/Tool/gcc-arm-none-eabi-7-2017-q4-major/bin/../lib/gcc/arm-none-eabi/7.2.1/../../../../arm-none-eabi/lib/thumb/v6-m/libc_nano.a(lib_a-findfp.o) (_malloc_r)
/home/xiao/Tool/gcc-arm-none-eabi-7-2017-q4-major/bin/../lib/gcc/arm-none-eabi/7.2.1/../../../../arm-none-eabi/lib/thumb/v6-m/libc_nano.a(lib_a-nano-vfprintf.o)
                              /home/xiao/Tool/gcc-arm-none-eabi-7-2017-q4-major/bin/../lib/gcc/arm-none-eabi/7.2.1/../../../../arm-none-eabi/lib/thumb/v6-m/libc_nano.a(lib_a-printf.o) (_vfprintf_r)
[...]
Memory Configuration

Name             Origin             Length             Attributes
RAM              0x0000000020000000 0x0000000000001000 xrw
FLASH            0x0000000008000000 0x0000000000008000 xr
*default*        0x0000000000000000 0xffffffffffffffff

Linker script and memory map

LOAD /home/xiao/Tool/gcc-arm-none-eabi-7-2017-q4-major/bin/../lib/gcc/arm-none-eabi/7.2.1/thumb/v6-m/crti.o
LOAD /home/xiao/Tool/gcc-arm-none-eabi-7-2017-q4-major/bin/../lib/gcc/arm-none-eabi/7.2.1/thumb/v6-m/crtbegin.o
LOAD /home/xiao/Tool/gcc-arm-none-eabi-7-2017-q4-major/bin/../lib/gcc/arm-none-eabi/7.2.1/../../../../arm-none-eabi/lib/thumb/v6-m/crt0.o
LOAD build/stm32f0xx_hal_msp.o
LOAD build/usart.o
LOAD build/adc.o
LOAD build/tim.o
LOAD build/main.o
LOAD build/stm32f0xx_it.o
LOAD build/gpio.o
LOAD build/system_stm32f0xx.o
LOAD build/hc595.o
LOAD build/ec11.o
LOAD build/table.o
LOAD build/iic.o
LOAD build/at24cxx.o
LOAD build/stm32f0xx_hal_cortex.o
LOAD build/stm32f0xx_hal.o
LOAD build/stm32f0xx_hal_pwr.o
LOAD build/stm32f0xx_hal_adc.o
LOAD build/stm32f0xx_hal_uart_ex.o
LOAD build/stm32f0xx_hal_rcc.o
LOAD build/stm32f0xx_hal_flash.o
LOAD build/stm32f0xx_hal_tim.o
LOAD build/stm32f0xx_hal_flash_ex.o
LOAD build/stm32f0xx_hal_dma.o
LOAD build/stm32f0xx_hal_adc_ex.o
LOAD build/stm32f0xx_hal_tim_ex.o
LOAD build/stm32f0xx_hal_i2c_ex.o
LOAD build/stm32f0xx_hal_uart.o
LOAD build/stm32f0xx_hal_pwr_ex.o
LOAD build/stm32f0xx_hal_i2c.o
LOAD build/stm32f0xx_hal_rcc_ex.o
LOAD build/stm32f0xx_hal_gpio.o
LOAD build/startup_stm32f030x6.o
LOAD /home/xiao/Tool/gcc-arm-none-eabi-7-2017-q4-major/bin/../lib/gcc/arm-none-eabi/7.2.1/../../../../arm-none-eabi/lib/thumb/v6-m/libc_nano.a
LOAD /home/xiao/Tool/gcc-arm-none-eabi-7-2017-q4-major/bin/../lib/gcc/arm-none-eabi/7.2.1/../../../../arm-none-eabi/lib/thumb/v6-m/libm.a
LOAD /home/xiao/Tool/gcc-arm-none-eabi-7-2017-q4-major/bin/../lib/gcc/arm-none-eabi/7.2.1/../../../../arm-none-eabi/lib/thumb/v6-m/libnosys.a
START GROUP
LOAD /home/xiao/Tool/gcc-arm-none-eabi-7-2017-q4-major/bin/../lib/gcc/arm-none-eabi/7.2.1/thumb/v6-m/libgcc.a
LOAD /home/xiao/Tool/gcc-arm-none-eabi-7-2017-q4-major/bin/../lib/gcc/arm-none-eabi/7.2.1/../../../../arm-none-eabi/lib/thumb/v6-m/libc_nano.a
END GROUP
START GROUP
LOAD /home/xiao/Tool/gcc-arm-none-eabi-7-2017-q4-major/bin/../lib/gcc/arm-none-eabi/7.2.1/thumb/v6-m/libgcc.a
LOAD /home/xiao/Tool/gcc-arm-none-eabi-7-2017-q4-major/bin/../lib/gcc/arm-none-eabi/7.2.1/../../../../arm-none-eabi/lib/thumb/v6-m/libc_nano.a
END GROUP
LOAD /home/xiao/Tool/gcc-arm-none-eabi-7-2017-q4-major/bin/../lib/gcc/arm-none-eabi/7.2.1/thumb/v6-m/crtend.o
LOAD /home/xiao/Tool/gcc-arm-none-eabi-7-2017-q4-major/bin/../lib/gcc/arm-none-eabi/7.2.1/thumb/v6-m/crtn.o
                0x0000000020001000                _estack = 0x20001000
                0x0000000000000200                _Min_Heap_Size = 0x200
                0x0000000000000400                _Min_Stack_Size = 0x400

.isr_vector     0x0000000008000000       0xc0
                0x0000000008000000                . = ALIGN (0x4)
 *(.isr_vector)
 .isr_vector    0x0000000008000000       0xc0 build/startup_stm32f030x6.o
                0x0000000008000000                g_pfnVectors
                0x00000000080000c0                . = ALIGN (0x4)

.text           0x00000000080000c0     0x4dc0
                0x00000000080000c0                . = ALIGN (0x4)
 *(.text)
 .text          0x00000000080000c0       0x48 /home/xiao/Tool/gcc-arm-none-eabi-7-2017-q4-major/bin/../lib/gcc/arm-none-eabi/7.2.1/thumb/v6-m/crtbegin.o
 .text          0x0000000008000108      0x114 /home/xiao/Tool/gcc-arm-none-eabi-7-2017-q4-major/bin/../lib/gcc/arm-none-eabi/7.2.1/thumb/v6-m/libgcc.a(_udivsi3.o)
                0x0000000008000108                __udivsi3
                0x0000000008000108                __aeabi_uidiv
                0x0000000008000214                __aeabi_uidivmod
 .text          0x000000000800021c        0x4 /home/xiao/Tool/gcc-arm-none-eabi-7-2017-q4-major/bin/../lib/gcc/arm-none-eabi/7.2.1/thumb/v6-m/libgcc.a(_dvmd_tls.o)
                0x000000000800021c                __aeabi_ldiv0
                0x000000000800021c                __aeabi_idiv0
 .text          0x0000000008000220       0x30 /home/xiao/Tool/gcc-arm-none-eabi-7-2017-q4-major/bin/../lib/gcc/arm-none-eabi/7.2.1/thumb/v6-m/libgcc.a(_fixunssfsi.o)
                0x0000000008000220                __aeabi_f2uiz
                0x0000000008000220                __fixunssfsi
 .text          0x0000000008000250      0x334 /home/xiao/Tool/gcc-arm-none-eabi-7-2017-q4-major/bin/../lib/gcc/arm-none-eabi/7.2.1/thumb/v6-m/libgcc.a(addsf3.o)
                0x0000000008000250                __aeabi_fadd
 .text          0x0000000008000584      0x224 /home/xiao/Tool/gcc-arm-none-eabi-7-2017-q4-major/bin/../lib/gcc/arm-none-eabi/7.2.1/thumb/v6-m/libgcc.a(divsf3.o)
                0x0000000008000584                __aeabi_fdiv
 .text          0x00000000080007a8      0x264 /home/xiao/Tool/gcc-arm-none-eabi-7-2017-q4-major/bin/../lib/gcc/arm-none-eabi/7.2.1/thumb/v6-m/libgcc.a(mulsf3.o)
                0x00000000080007a8                __aeabi_fmul
 .text          0x0000000008000a0c      0x388 /home/xiao/Tool/gcc-arm-none-eabi-7-2017-q4-major/bin/../lib/gcc/arm-none-eabi/7.2.1/thumb/v6-m/libgcc.a(subsf3.o)
                0x0000000008000a0c                __aeabi_fsub
 .text          0x0000000008000d94       0x40 /home/xiao/Tool/gcc-arm-none-eabi-7-2017-q4-major/bin/../lib/gcc/arm-none-eabi/7.2.1/thumb/v6-m/libgcc.a(fixsfsi.o)
                0x0000000008000d94                __aeabi_f2iz
 .text          0x0000000008000dd4       0x94 /home/xiao/Tool/gcc-arm-none-eabi-7-2017-q4-major/bin/../lib/gcc/arm-none-eabi/7.2.1/thumb/v6-m/libgcc.a(floatsisf.o)
                0x0000000008000dd4                __aeabi_i2f
 .text          0x0000000008000e68       0x80 /home/xiao/Tool/gcc-arm-none-eabi-7-2017-q4-major/bin/../lib/gcc/arm-none-eabi/7.2.1/thumb/v6-m/libgcc.a(floatunsisf.o)
                0x0000000008000e68                __aeabi_ui2f
 .text          0x0000000008000ee8      0x638 /home/xiao/Tool/gcc-arm-none-eabi-7-2017-q4-major/bin/../lib/gcc/arm-none-eabi/7.2.1/thumb/v6-m/libgcc.a(adddf3.o)
                0x0000000008000ee8                __aeabi_dadd
 .text          0x0000000008001520      0x4e4 /home/xiao/Tool/gcc-arm-none-eabi-7-2017-q4-major/bin/../lib/gcc/arm-none-eabi/7.2.1/thumb/v6-m/libgcc.a(muldf3.o)
                0x0000000008001520                __aeabi_dmul
 .text          0x0000000008001a04       0x6c /home/xiao/Tool/gcc-arm-none-eabi-7-2017-q4-major/bin/../lib/gcc/arm-none-eabi/7.2.1/thumb/v6-m/libgcc.a(fixdfsi.o)
                0x0000000008001a04                __aeabi_d2iz
 .text          0x0000000008001a70       0x74 /home/xiao/Tool/gcc-arm-none-eabi-7-2017-q4-major/bin/../lib/gcc/arm-none-eabi/7.2.1/thumb/v6-m/libgcc.a(floatsidf.o)
                0x0000000008001a70                __aeabi_i2d
 .text          0x0000000008001ae4       0x64 /home/xiao/Tool/gcc-arm-none-eabi-7-2017-q4-major/bin/../lib/gcc/arm-none-eabi/7.2.1/thumb/v6-m/libgcc.a(floatunsidf.o)
                0x0000000008001ae4                __aeabi_ui2d
 .text          0x0000000008001b48       0x74 /home/xiao/Tool/gcc-arm-none-eabi-7-2017-q4-major/bin/../lib/gcc/arm-none-eabi/7.2.1/thumb/v6-m/libgcc.a(_arm_cmpsf2.o)
                0x0000000008001b48                __aeabi_cfrcmple
                0x0000000008001b50                __aeabi_cfcmple
                0x0000000008001b50                __aeabi_cfcmpeq
                0x0000000008001b60                __aeabi_fcmpeq
                0x0000000008001b6c                __aeabi_fcmplt
                0x0000000008001b80                __aeabi_fcmple
                0x0000000008001b94                __aeabi_fcmpgt
                0x0000000008001ba8                __aeabi_fcmpge
 .text          0x0000000008001bbc       0x3c /home/xiao/Tool/gcc-arm-none-eabi-7-2017-q4-major/bin/../lib/gcc/arm-none-eabi/7.2.1/thumb/v6-m/libgcc.a(_clzsi2.o)
                0x0000000008001bbc                __clzsi2
 .text          0x0000000008001bf8       0x50 /home/xiao/Tool/gcc-arm-none-eabi-7-2017-q4-major/bin/../lib/gcc/arm-none-eabi/7.2.1/thumb/v6-m/libgcc.a(eqsf2.o)
                0x0000000008001bf8                __nesf2
                0x0000000008001bf8                __eqsf2
 .text          0x0000000008001c48       0x9c /home/xiao/Tool/gcc-arm-none-eabi-7-2017-q4-major/bin/../lib/gcc/arm-none-eabi/7.2.1/thumb/v6-m/libgcc.a(gesf2.o)
                0x0000000008001c48                __gtsf2
                0x0000000008001c48                __gesf2
 .text          0x0000000008001ce4       0xa0 /home/xiao/Tool/gcc-arm-none-eabi-7-2017-q4-major/bin/../lib/gcc/arm-none-eabi/7.2.1/thumb/v6-m/libgcc.a(lesf2.o)
                0x0000000008001ce4                __lesf2
                0x0000000008001ce4                __ltsf2
 *(.text*)
 .text.HAL_MspInit
                0x0000000008001d84       0x44 build/stm32f0xx_hal_msp.o
                0x0000000008001d84                HAL_MspInit
 .text._write   0x0000000008001dc8       0x48 build/usart.o
                0x0000000008001dc8                _write
 .text.MX_USART1_UART_Init
                0x0000000008001e10       0x44 build/usart.o
                0x0000000008001e10                MX_USART1_UART_Init
 .text.HAL_UART_MspInit
                0x0000000008001e54       0x5c build/usart.o
                0x0000000008001e54                HAL_UART_MspInit
 .text.MX_ADC_Init
                0x0000000008001eb0       0x78 build/adc.o
                0x0000000008001eb0                MX_ADC_Init
 .text.HAL_ADC_MspInit
                0x0000000008001f28       0x48 build/adc.o
                0x0000000008001f28                HAL_ADC_MspInit
 .text.HAL_TIM_PWM_MspInit
                0x0000000008001f70       0x2c build/tim.o
                0x0000000008001f70                HAL_TIM_PWM_MspInit
 .text.HAL_TIM_MspPostInit
                0x0000000008001f9c       0x34 build/tim.o
                0x0000000008001f9c                HAL_TIM_MspPostInit
 .text.MX_TIM3_Init
                0x0000000008001fd0       0x8c build/tim.o
                0x0000000008001fd0                MX_TIM3_Init
 .text.Task_main
                0x000000000800205c       0x80 build/main.o
                0x000000000800205c                Task_main
 .text.HAL_SYSTICK_Callback
                0x00000000080020dc       0x28 build/main.o
                0x00000000080020dc                HAL_SYSTICK_Callback
 .text._Error_Handler
                0x0000000008002104        0x2 build/main.o
                0x0000000008002104                _Error_Handler
 *fill*         0x0000000008002106        0x2 
 .text.SystemClock_Config
                0x0000000008002108       0x98 build/main.o
                0x0000000008002108                SystemClock_Config
 .text.main     0x00000000080021a0       0x54 build/main.o
                0x00000000080021a0                main
 .text.NMI_Handler
                0x00000000080021f4        0x2 build/stm32f0xx_it.o
                0x00000000080021f4                NMI_Handler
 .text.HardFault_Handler
                0x00000000080021f6        0x2 build/stm32f0xx_it.o
                0x00000000080021f6                HardFault_Handler
 .text.SVC_Handler
                0x00000000080021f8        0x2 build/stm32f0xx_it.o
                0x00000000080021f8                SVC_Handler
 .text.PendSV_Handler
                0x00000000080021fa        0x2 build/stm32f0xx_it.o
                0x00000000080021fa                PendSV_Handler
 .text.SysTick_Handler
                0x00000000080021fc        0xc build/stm32f0xx_it.o
                0x00000000080021fc                SysTick_Handler
 .text.USART1_IRQHandler
                0x0000000008002208       0x10 build/stm32f0xx_it.o
                0x0000000008002208                USART1_IRQHandler
 .text.MX_GPIO_Init
                0x0000000008002218       0xf0 build/gpio.o
                0x0000000008002218                MX_GPIO_Init
 .text.SystemInit
                0x0000000008002308       0x60 build/system_stm32f0xx.o
                0x0000000008002308                SystemInit
 .text.hc595_control
                0x0000000008002368       0x54 build/hc595.o
                0x0000000008002368                hc595_control
 .text.branches_bt
                0x00000000080023bc       0xbc build/hc595.o
                0x00000000080023bc                branches_bt
 .text.ec11_irq_handler
                0x0000000008002478       0x68 build/ec11.o
                0x0000000008002478                ec11_irq_handler
 .text.EXTI4_15_IRQHandler
                0x00000000080024e0        0x8 build/ec11.o
                0x00000000080024e0                EXTI4_15_IRQHandler
 .text.key_scanning
                0x00000000080024e8      0x138 build/ec11.o
                0x00000000080024e8                key_scanning
 .text.LinearValue
                0x0000000008002620       0x38 build/table.o
                0x0000000008002620                LinearValue
 .text.Temperature
                0x0000000008002658       0x80 build/table.o
                0x0000000008002658                Temperature
 .text.adc_entry
                0x00000000080026d8       0x88 build/table.o
                0x00000000080026d8                adc_entry
 .text.adc_pid  0x0000000008002760      0x284 build/table.o
                0x0000000008002760                adc_pid
 .text.I2C_Start
                0x00000000080029e4       0x34 build/iic.o
                0x00000000080029e4                I2C_Start
 .text.I2C_Stop
                0x0000000008002a18       0x28 build/iic.o
                0x0000000008002a18                I2C_Stop
 .text.I2C_InitGPIO
                0x0000000008002a40       0x3c build/iic.o
 .text.I2C_SendByte
                0x0000000008002a7c       0x5c build/iic.o
                0x0000000008002a7c                I2C_SendByte
 .text.I2C_WaitAck
                0x0000000008002ad8       0x3c build/iic.o
                0x0000000008002ad8                I2C_WaitAck
 .text.I2C_CheckDevice
                0x0000000008002b14       0x20 build/iic.o
                0x0000000008002b14                I2C_CheckDevice
 .text.EEPROM_CheckOk
                0x0000000008002b34       0x18 build/iic.o
                0x0000000008002b34                EEPROM_CheckOk
 .text.EEPROM_WriteBytes
                0x0000000008002b4c       0x88 build/iic.o
                0x0000000008002b4c                EEPROM_WriteBytes
 .text.at24c02_adc_write
                0x0000000008002bd4       0x28 build/at24cxx.o
                0x0000000008002bd4                at24c02_adc_write
 .text.HAL_NVIC_SetPriority
                0x0000000008002bfc       0x60 build/stm32f0xx_hal_cortex.o
                0x0000000008002bfc                HAL_NVIC_SetPriority
 .text.HAL_NVIC_EnableIRQ
                0x0000000008002c5c       0x14 build/stm32f0xx_hal_cortex.o
                0x0000000008002c5c                HAL_NVIC_EnableIRQ
 .text.HAL_SYSTICK_Config
                0x0000000008002c70       0x38 build/stm32f0xx_hal_cortex.o
                0x0000000008002c70                HAL_SYSTICK_Config
 .text.HAL_SYSTICK_CLKSourceConfig
                0x0000000008002ca8       0x20 build/stm32f0xx_hal_cortex.o
                0x0000000008002ca8                HAL_SYSTICK_CLKSourceConfig
 .text.HAL_SYSTICK_IRQHandler
                0x0000000008002cc8        0x8 build/stm32f0xx_hal_cortex.o
                0x0000000008002cc8                HAL_SYSTICK_IRQHandler
 .text.HAL_InitTick
                0x0000000008002cd0       0x24 build/stm32f0xx_hal.o
                0x0000000008002cd0                HAL_InitTick
 .text.HAL_Init
                0x0000000008002cf4       0x20 build/stm32f0xx_hal.o
                0x0000000008002cf4                HAL_Init
 .text.HAL_IncTick
                0x0000000008002d14       0x10 build/stm32f0xx_hal.o
                0x0000000008002d14                HAL_IncTick
 .text.HAL_GetTick
                0x0000000008002d24        0xc build/stm32f0xx_hal.o
                0x0000000008002d24                HAL_GetTick
 .text.ADC_Enable
                0x0000000008002d30       0xa8 build/stm32f0xx_hal_adc.o
 .text.HAL_ADC_Init
                0x0000000008002dd8      0x17c build/stm32f0xx_hal_adc.o
                0x0000000008002dd8                HAL_ADC_Init
 .text.HAL_ADC_Start
                0x0000000008002f54       0x60 build/stm32f0xx_hal_adc.o
                0x0000000008002f54                HAL_ADC_Start
 .text.HAL_ADC_ConfigChannel
                0x0000000008002fb4      0x134 build/stm32f0xx_hal_adc.o
                0x0000000008002fb4                HAL_ADC_ConfigChannel
 .text.HAL_RCC_OscConfig
                0x00000000080030e8      0x454 build/stm32f0xx_hal_rcc.o
                0x00000000080030e8                HAL_RCC_OscConfig
 .text.HAL_RCC_GetSysClockFreq
                0x000000000800353c       0x70 build/stm32f0xx_hal_rcc.o
                0x000000000800353c                HAL_RCC_GetSysClockFreq
 .text.HAL_RCC_ClockConfig
                0x00000000080035ac      0x154 build/stm32f0xx_hal_rcc.o
                0x00000000080035ac                HAL_RCC_ClockConfig
 .text.HAL_RCC_GetHCLKFreq
                0x0000000008003700        0xc build/stm32f0xx_hal_rcc.o
                0x0000000008003700                HAL_RCC_GetHCLKFreq
 .text.HAL_RCC_GetPCLK1Freq
                0x000000000800370c       0x20 build/stm32f0xx_hal_rcc.o
                0x000000000800370c                HAL_RCC_GetPCLK1Freq
 .text.TIM_OC1_SetConfig
                0x000000000800372c       0x78 build/stm32f0xx_hal_tim.o
 .text.TIM_OC3_SetConfig
                0x00000000080037a4       0x88 build/stm32f0xx_hal_tim.o
 .text.TIM_OC4_SetConfig
                0x000000000800382c       0x68 build/stm32f0xx_hal_tim.o
 .text.HAL_TIM_Base_Start
                0x0000000008003894       0x18 build/stm32f0xx_hal_tim.o
                0x0000000008003894                HAL_TIM_Base_Start
 .text.TIM_Base_SetConfig
                0x00000000080038ac       0x84 build/stm32f0xx_hal_tim.o
                0x00000000080038ac                TIM_Base_SetConfig
 .text.HAL_TIM_PWM_Init
                0x0000000008003930       0x34 build/stm32f0xx_hal_tim.o
                0x0000000008003930                HAL_TIM_PWM_Init
 .text.TIM_OC2_SetConfig
                0x0000000008003964       0x80 build/stm32f0xx_hal_tim.o
                0x0000000008003964                TIM_OC2_SetConfig
 .text.HAL_TIM_PWM_ConfigChannel
                0x00000000080039e4       0xec build/stm32f0xx_hal_tim.o
                0x00000000080039e4                HAL_TIM_PWM_ConfigChannel
 .text.TIM_CCxChannelCmd
                0x0000000008003ad0       0x16 build/stm32f0xx_hal_tim.o
                0x0000000008003ad0                TIM_CCxChannelCmd
 *fill*         0x0000000008003ae6        0x2 
 .text.HAL_TIM_PWM_Start
                0x0000000008003ae8       0x44 build/stm32f0xx_hal_tim.o
                0x0000000008003ae8                HAL_TIM_PWM_Start
 .text.HAL_DMA_Abort_IT
                0x0000000008003b2c       0x4a build/stm32f0xx_hal_dma.o
                0x0000000008003b2c                HAL_DMA_Abort_IT
 .text.HAL_TIMEx_MasterConfigSynchronization
                0x0000000008003b76       0x4c build/stm32f0xx_hal_tim_ex.o
                0x0000000008003b76                HAL_TIMEx_MasterConfigSynchronization
 *fill*         0x0000000008003bc2        0x2 
 .text.UART_EndRxTransfer
                0x0000000008003bc4       0x24 build/stm32f0xx_hal_uart.o
 .text.HAL_UART_TxCpltCallback
                0x0000000008003be8        0x2 build/stm32f0xx_hal_uart.o
                0x0000000008003be8                HAL_UART_TxCpltCallback
 .text.HAL_UART_RxCpltCallback
                0x0000000008003bea        0x2 build/stm32f0xx_hal_uart.o
                0x0000000008003bea                HAL_UART_RxCpltCallback
 .text.HAL_UART_ErrorCallback
                0x0000000008003bec        0x2 build/stm32f0xx_hal_uart.o
                0x0000000008003bec                HAL_UART_ErrorCallback
 .text.UART_DMAAbortOnError
                0x0000000008003bee       0x14 build/stm32f0xx_hal_uart.o
 *fill*         0x0000000008003c02        0x2 
 .text.UART_SetConfig
                0x0000000008003c04      0x1a0 build/stm32f0xx_hal_uart.o
                0x0000000008003c04                UART_SetConfig
 .text.UART_AdvFeatureConfig
                0x0000000008003da4       0xe0 build/stm32f0xx_hal_uart.o
                0x0000000008003da4                UART_AdvFeatureConfig
 .text.UART_CheckIdleState
                0x0000000008003e84       0x16 build/stm32f0xx_hal_uart.o
                0x0000000008003e84                UART_CheckIdleState
 *fill*         0x0000000008003e9a        0x2 
 .text.HAL_UART_Init
                0x0000000008003e9c       0x70 build/stm32f0xx_hal_uart.o
                0x0000000008003e9c                HAL_UART_Init
 .text.UART_Transmit_IT
                0x0000000008003f0c       0x6c build/stm32f0xx_hal_uart.o
                0x0000000008003f0c                UART_Transmit_IT
 .text.UART_EndTransmit_IT
                0x0000000008003f78       0x1a build/stm32f0xx_hal_uart.o
                0x0000000008003f78                UART_EndTransmit_IT
 *fill*         0x0000000008003f92        0x2 
 .text.UART_Receive_IT
                0x0000000008003f94       0x88 build/stm32f0xx_hal_uart.o
                0x0000000008003f94                UART_Receive_IT
 .text.HAL_UART_IRQHandler
                0x000000000800401c      0x124 build/stm32f0xx_hal_uart.o
                0x000000000800401c                HAL_UART_IRQHandler
 .text.HAL_RCCEx_PeriphCLKConfig
                0x0000000008004140      0x118 build/stm32f0xx_hal_rcc_ex.o
                0x0000000008004140                HAL_RCCEx_PeriphCLKConfig
 .text.HAL_GPIO_Init
                0x0000000008004258      0x18c build/stm32f0xx_hal_gpio.o
                0x0000000008004258                HAL_GPIO_Init
 .text.HAL_GPIO_ReadPin
                0x00000000080043e4        0xe build/stm32f0xx_hal_gpio.o
                0x00000000080043e4                HAL_GPIO_ReadPin
 .text.HAL_GPIO_WritePin
                0x00000000080043f2        0xc build/stm32f0xx_hal_gpio.o
                0x00000000080043f2                HAL_GPIO_WritePin
 *fill*         0x00000000080043fe        0x2 
 .text.Reset_Handler
                0x0000000008004400       0x50 build/startup_stm32f030x6.o
                0x0000000008004400                Reset_Handler
 .text.Default_Handler
                0x0000000008004450        0x2 build/startup_stm32f030x6.o
                0x0000000008004450                TIM1_CC_IRQHandler
                0x0000000008004450                I2C1_IRQHandler
                0x0000000008004450                SPI1_IRQHandler
                0x0000000008004450                EXTI2_3_IRQHandler
                0x0000000008004450                ADC1_IRQHandler
                0x0000000008004450                TIM17_IRQHandler
                0x0000000008004450                RTC_IRQHandler
                0x0000000008004450                TIM16_IRQHandler
                0x0000000008004450                TIM3_IRQHandler
                0x0000000008004450                RCC_IRQHandler
                0x0000000008004450                DMA1_Channel1_IRQHandler
                0x0000000008004450                Default_Handler
                0x0000000008004450                TIM14_IRQHandler
                0x0000000008004450                DMA1_Channel4_5_IRQHandler
                0x0000000008004450                EXTI0_1_IRQHandler
                0x0000000008004450                WWDG_IRQHandler
                0x0000000008004450                DMA1_Channel2_3_IRQHandler
                0x0000000008004450                FLASH_IRQHandler
                0x0000000008004450                TIM1_BRK_UP_TRG_COM_IRQHandler
 *fill*         0x0000000008004452        0x2 
 .text.__libc_init_array
                0x0000000008004454       0x48 /home/xiao/Tool/gcc-arm-none-eabi-7-2017-q4-major/bin/../lib/gcc/arm-none-eabi/7.2.1/../../../../arm-none-eabi/lib/thumb/v6-m/libc_nano.a(lib_a-init.o)
                0x0000000008004454                __libc_init_array
 .text.memset   0x000000000800449c       0x10 /home/xiao/Tool/gcc-arm-none-eabi-7-2017-q4-major/bin/../lib/gcc/arm-none-eabi/7.2.1/../../../../arm-none-eabi/lib/thumb/v6-m/libc_nano.a(lib_a-memset.o)
                0x000000000800449c                memset
 .text._puts_r  0x00000000080044ac       0xc0 /home/xiao/Tool/gcc-arm-none-eabi-7-2017-q4-major/bin/../lib/gcc/arm-none-eabi/7.2.1/../../../../arm-none-eabi/lib/thumb/v6-m/libc_nano.a(lib_a-puts.o)
                0x00000000080044ac                _puts_r
 .text.puts     0x000000000800456c       0x14 /home/xiao/Tool/gcc-arm-none-eabi-7-2017-q4-major/bin/../lib/gcc/arm-none-eabi/7.2.1/../../../../arm-none-eabi/lib/thumb/v6-m/libc_nano.a(lib_a-puts.o)
                0x000000000800456c                puts
 .text.__swbuf_r
                0x0000000008004580       0xac /home/xiao/Tool/gcc-arm-none-eabi-7-2017-q4-major/bin/../lib/gcc/arm-none-eabi/7.2.1/../../../../arm-none-eabi/lib/thumb/v6-m/libc_nano.a(lib_a-wbuf.o)
                0x0000000008004580                __swbuf_r
 .text.__swsetup_r
                0x000000000800462c       0xec /home/xiao/Tool/gcc-arm-none-eabi-7-2017-q4-major/bin/../lib/gcc/arm-none-eabi/7.2.1/../../../../arm-none-eabi/lib/thumb/v6-m/libc_nano.a(lib_a-wsetup.o)
                0x000000000800462c                __swsetup_r
 .text.__sflush_r
                0x0000000008004718      0x114 /home/xiao/Tool/gcc-arm-none-eabi-7-2017-q4-major/bin/../lib/gcc/arm-none-eabi/7.2.1/../../../../arm-none-eabi/lib/thumb/v6-m/libc_nano.a(lib_a-fflush.o)
                0x0000000008004718                __sflush_r
 .text._fflush_r
                0x000000000800482c       0x58 /home/xiao/Tool/gcc-arm-none-eabi-7-2017-q4-major/bin/../lib/gcc/arm-none-eabi/7.2.1/../../../../arm-none-eabi/lib/thumb/v6-m/libc_nano.a(lib_a-fflush.o)
                0x000000000800482c                _fflush_r
 .text.std      0x0000000008004884       0x48 /home/xiao/Tool/gcc-arm-none-eabi-7-2017-q4-major/bin/../lib/gcc/arm-none-eabi/7.2.1/../../../../arm-none-eabi/lib/thumb/v6-m/libc_nano.a(lib_a-findfp.o)
 .text._cleanup_r
                0x00000000080048cc       0x10 /home/xiao/Tool/gcc-arm-none-eabi-7-2017-q4-major/bin/../lib/gcc/arm-none-eabi/7.2.1/../../../../arm-none-eabi/lib/thumb/v6-m/libc_nano.a(lib_a-findfp.o)
                0x00000000080048cc                _cleanup_r
 .text.__sfmoreglue
                0x00000000080048dc       0x2c /home/xiao/Tool/gcc-arm-none-eabi-7-2017-q4-major/bin/../lib/gcc/arm-none-eabi/7.2.1/../../../../arm-none-eabi/lib/thumb/v6-m/libc_nano.a(lib_a-findfp.o)
                0x00000000080048dc                __sfmoreglue
 .text.__sinit  0x0000000008004908       0x68 /home/xiao/Tool/gcc-arm-none-eabi-7-2017-q4-major/bin/../lib/gcc/arm-none-eabi/7.2.1/../../../../arm-none-eabi/lib/thumb/v6-m/libc_nano.a(lib_a-findfp.o)
                0x0000000008004908                __sinit
 .text.__sfp    0x0000000008004970       0x7c /home/xiao/Tool/gcc-arm-none-eabi-7-2017-q4-major/bin/../lib/gcc/arm-none-eabi/7.2.1/../../../../arm-none-eabi/lib/thumb/v6-m/libc_nano.a(lib_a-findfp.o)
                0x0000000008004970                __sfp
 .text._fwalk_reent
                0x00000000080049ec       0x42 /home/xiao/Tool/gcc-arm-none-eabi-7-2017-q4-major/bin/../lib/gcc/arm-none-eabi/7.2.1/../../../../arm-none-eabi/lib/thumb/v6-m/libc_nano.a(lib_a-fwalk.o)
                0x00000000080049ec                _fwalk_reent
 *fill*         0x0000000008004a2e        0x2 
 .text.__swhatbuf_r
                0x0000000008004a30       0x50 /home/xiao/Tool/gcc-arm-none-eabi-7-2017-q4-major/bin/../lib/gcc/arm-none-eabi/7.2.1/../../../../arm-none-eabi/lib/thumb/v6-m/libc_nano.a(lib_a-makebuf.o)
                0x0000000008004a30                __swhatbuf_r
 .text.__smakebuf_r
                0x0000000008004a80       0x88 /home/xiao/Tool/gcc-arm-none-eabi-7-2017-q4-major/bin/../lib/gcc/arm-none-eabi/7.2.1/../../../../arm-none-eabi/lib/thumb/v6-m/libc_nano.a(lib_a-makebuf.o)
                0x0000000008004a80                __smakebuf_r
 .text._free_r  0x0000000008004b08       0x94 /home/xiao/Tool/gcc-arm-none-eabi-7-2017-q4-major/bin/../lib/gcc/arm-none-eabi/7.2.1/../../../../arm-none-eabi/lib/thumb/v6-m/libc_nano.a(lib_a-nano-freer.o)
                0x0000000008004b08                _free_r
 .text._malloc_r
                0x0000000008004b9c       0xbc /home/xiao/Tool/gcc-arm-none-eabi-7-2017-q4-major/bin/../lib/gcc/arm-none-eabi/7.2.1/../../../../arm-none-eabi/lib/thumb/v6-m/libc_nano.a(lib_a-nano-mallocr.o)
                0x0000000008004b9c                _malloc_r
 .text._sbrk_r  0x0000000008004c58       0x24 /home/xiao/Tool/gcc-arm-none-eabi-7-2017-q4-major/bin/../lib/gcc/arm-none-eabi/7.2.1/../../../../arm-none-eabi/lib/thumb/v6-m/libc_nano.a(lib_a-sbrkr.o)
                0x0000000008004c58                _sbrk_r
 .text.__sread  0x0000000008004c7c       0x28 /home/xiao/Tool/gcc-arm-none-eabi-7-2017-q4-major/bin/../lib/gcc/arm-none-eabi/7.2.1/../../../../arm-none-eabi/lib/thumb/v6-m/libc_nano.a(lib_a-stdio.o)
                0x0000000008004c7c                __sread
 .text.__swrite
                0x0000000008004ca4       0x38 /home/xiao/Tool/gcc-arm-none-eabi-7-2017-q4-major/bin/../lib/gcc/arm-none-eabi/7.2.1/../../../../arm-none-eabi/lib/thumb/v6-m/libc_nano.a(lib_a-stdio.o)
                0x0000000008004ca4                __swrite
 .text.__sseek  0x0000000008004cdc       0x2c /home/xiao/Tool/gcc-arm-none-eabi-7-2017-q4-major/bin/../lib/gcc/arm-none-eabi/7.2.1/../../../../arm-none-eabi/lib/thumb/v6-m/libc_nano.a(lib_a-stdio.o)
                0x0000000008004cdc                __sseek
 .text.__sclose
                0x0000000008004d08        0xc /home/xiao/Tool/gcc-arm-none-eabi-7-2017-q4-major/bin/../lib/gcc/arm-none-eabi/7.2.1/../../../../arm-none-eabi/lib/thumb/v6-m/libc_nano.a(lib_a-stdio.o)
                0x0000000008004d08                __sclose
 .text._write_r
                0x0000000008004d14       0x28 /home/xiao/Tool/gcc-arm-none-eabi-7-2017-q4-major/bin/../lib/gcc/arm-none-eabi/7.2.1/../../../../arm-none-eabi/lib/thumb/v6-m/libc_nano.a(lib_a-writer.o)
                0x0000000008004d14                _write_r
 .text._close_r
                0x0000000008004d3c       0x24 /home/xiao/Tool/gcc-arm-none-eabi-7-2017-q4-major/bin/../lib/gcc/arm-none-eabi/7.2.1/../../../../arm-none-eabi/lib/thumb/v6-m/libc_nano.a(lib_a-closer.o)
                0x0000000008004d3c                _close_r
 .text._fstat_r
                0x0000000008004d60       0x24 /home/xiao/Tool/gcc-arm-none-eabi-7-2017-q4-major/bin/../lib/gcc/arm-none-eabi/7.2.1/../../../../arm-none-eabi/lib/thumb/v6-m/libc_nano.a(lib_a-fstatr.o)
                0x0000000008004d60                _fstat_r
 .text._isatty_r
                0x0000000008004d84       0x24 /home/xiao/Tool/gcc-arm-none-eabi-7-2017-q4-major/bin/../lib/gcc/arm-none-eabi/7.2.1/../../../../arm-none-eabi/lib/thumb/v6-m/libc_nano.a(lib_a-isattyr.o)
                0x0000000008004d84                _isatty_r
 .text._lseek_r
                0x0000000008004da8       0x28 /home/xiao/Tool/gcc-arm-none-eabi-7-2017-q4-major/bin/../lib/gcc/arm-none-eabi/7.2.1/../../../../arm-none-eabi/lib/thumb/v6-m/libc_nano.a(lib_a-lseekr.o)
                0x0000000008004da8                _lseek_r
 .text.__malloc_lock
                0x0000000008004dd0        0x2 /home/xiao/Tool/gcc-arm-none-eabi-7-2017-q4-major/bin/../lib/gcc/arm-none-eabi/7.2.1/../../../../arm-none-eabi/lib/thumb/v6-m/libc_nano.a(lib_a-mlock.o)
                0x0000000008004dd0                __malloc_lock
 .text.__malloc_unlock
                0x0000000008004dd2        0x2 /home/xiao/Tool/gcc-arm-none-eabi-7-2017-q4-major/bin/../lib/gcc/arm-none-eabi/7.2.1/../../../../arm-none-eabi/lib/thumb/v6-m/libc_nano.a(lib_a-mlock.o)
                0x0000000008004dd2                __malloc_unlock
 .text._read_r  0x0000000008004dd4       0x28 /home/xiao/Tool/gcc-arm-none-eabi-7-2017-q4-major/bin/../lib/gcc/arm-none-eabi/7.2.1/../../../../arm-none-eabi/lib/thumb/v6-m/libc_nano.a(lib_a-readr.o)
                0x0000000008004dd4                _read_r
 .text._close   0x0000000008004dfc       0x10 /home/xiao/Tool/gcc-arm-none-eabi-7-2017-q4-major/bin/../lib/gcc/arm-none-eabi/7.2.1/../../../../arm-none-eabi/lib/thumb/v6-m/libnosys.a(close.o)
                0x0000000008004dfc                _close
 .text._fstat   0x0000000008004e0c       0x10 /home/xiao/Tool/gcc-arm-none-eabi-7-2017-q4-major/bin/../lib/gcc/arm-none-eabi/7.2.1/../../../../arm-none-eabi/lib/thumb/v6-m/libnosys.a(fstat.o)
                0x0000000008004e0c                _fstat
 .text._isatty  0x0000000008004e1c       0x10 /home/xiao/Tool/gcc-arm-none-eabi-7-2017-q4-major/bin/../lib/gcc/arm-none-eabi/7.2.1/../../../../arm-none-eabi/lib/thumb/v6-m/libnosys.a(isatty.o)
                0x0000000008004e1c                _isatty
 .text._lseek   0x0000000008004e2c       0x10 /home/xiao/Tool/gcc-arm-none-eabi-7-2017-q4-major/bin/../lib/gcc/arm-none-eabi/7.2.1/../../../../arm-none-eabi/lib/thumb/v6-m/libnosys.a(lseek.o)
                0x0000000008004e2c                _lseek
 .text._read    0x0000000008004e3c       0x10 /home/xiao/Tool/gcc-arm-none-eabi-7-2017-q4-major/bin/../lib/gcc/arm-none-eabi/7.2.1/../../../../arm-none-eabi/lib/thumb/v6-m/libnosys.a(read.o)
                0x0000000008004e3c                _read
 .text._sbrk    0x0000000008004e4c       0x1c /home/xiao/Tool/gcc-arm-none-eabi-7-2017-q4-major/bin/../lib/gcc/arm-none-eabi/7.2.1/../../../../arm-none-eabi/lib/thumb/v6-m/libnosys.a(sbrk.o)
                0x0000000008004e4c                _sbrk
 *(.glue_7)
 .glue_7        0x0000000008004e68        0x0 linker stubs
 *(.glue_7t)
 .glue_7t       0x0000000008004e68        0x0 linker stubs
 *(.eh_frame)
 .eh_frame      0x0000000008004e68        0x0 /home/xiao/Tool/gcc-arm-none-eabi-7-2017-q4-major/bin/../lib/gcc/arm-none-eabi/7.2.1/thumb/v6-m/crtbegin.o
 *(.init)
 .init          0x0000000008004e68        0x4 /home/xiao/Tool/gcc-arm-none-eabi-7-2017-q4-major/bin/../lib/gcc/arm-none-eabi/7.2.1/thumb/v6-m/crti.o
                0x0000000008004e68                _init
 .init          0x0000000008004e6c        0x8 /home/xiao/Tool/gcc-arm-none-eabi-7-2017-q4-major/bin/../lib/gcc/arm-none-eabi/7.2.1/thumb/v6-m/crtn.o
 *(.fini)
 .fini          0x0000000008004e74        0x4 /home/xiao/Tool/gcc-arm-none-eabi-7-2017-q4-major/bin/../lib/gcc/arm-none-eabi/7.2.1/thumb/v6-m/crti.o
                0x0000000008004e74                _fini
 .fini          0x0000000008004e78        0x8 /home/xiao/Tool/gcc-arm-none-eabi-7-2017-q4-major/bin/../lib/gcc/arm-none-eabi/7.2.1/thumb/v6-m/crtn.o
                0x0000000008004e80                . = ALIGN (0x4)
                0x0000000008004e80                _etext = .

.vfp11_veneer   0x0000000008004e80        0x0
 .vfp11_veneer  0x0000000008004e80        0x0 linker stubs

.v4_bx          0x0000000008004e80        0x0
 .v4_bx         0x0000000008004e80        0x0 linker stubs

.iplt           0x0000000008004e80        0x0
 .iplt          0x0000000008004e80        0x0 /home/xiao/Tool/gcc-arm-none-eabi-7-2017-q4-major/bin/../lib/gcc/arm-none-eabi/7.2.1/thumb/v6-m/crtbegin.o

.rodata         0x0000000008004e80      0x1ec
                0x0000000008004e80                . = ALIGN (0x4)
 *(.rodata)
 .rodata        0x0000000008004e80       0x20 build/stm32f0xx_hal_rcc.o
 .rodata        0x0000000008004ea0       0x80 /home/xiao/Tool/gcc-arm-none-eabi-7-2017-q4-major/bin/../lib/gcc/arm-none-eabi/7.2.1/thumb/v6-m/libgcc.a(divsf3.o)
 .rodata        0x0000000008004f20       0x40 /home/xiao/Tool/gcc-arm-none-eabi-7-2017-q4-major/bin/../lib/gcc/arm-none-eabi/7.2.1/thumb/v6-m/libgcc.a(mulsf3.o)
 .rodata        0x0000000008004f60       0x40 /home/xiao/Tool/gcc-arm-none-eabi-7-2017-q4-major/bin/../lib/gcc/arm-none-eabi/7.2.1/thumb/v6-m/libgcc.a(muldf3.o)
 *(.rodata*)
 .rodata.MX_USART1_UART_Init.str1.4
                0x0000000008004fa0        0xc build/usart.o
 .rodata.MX_ADC_Init.str1.4
                0x0000000008004fac        0xa build/adc.o
 *fill*         0x0000000008004fb6        0x2 
 .rodata.MX_TIM3_Init.str1.4
                0x0000000008004fb8        0xa build/tim.o
 *fill*         0x0000000008004fc2        0x2 
 .rodata.SystemClock_Config.str1.4
                0x0000000008004fc4        0xb build/main.o
 *fill*         0x0000000008004fcf        0x1 
 .rodata.AHBPrescTable
                0x0000000008004fd0       0x10 build/system_stm32f0xx.o
                0x0000000008004fd0                AHBPrescTable
 .rodata.APBPrescTable
                0x0000000008004fe0        0x8 build/system_stm32f0xx.o
                0x0000000008004fe0                APBPrescTable
 .rodata.key_scanning
                0x0000000008004fe8       0x18 build/ec11.o
 .rodata.key_scanning.str1.4
                0x0000000008005000        0x8 build/ec11.o
 .rodata._global_impure_ptr
                0x0000000008005008        0x4 /home/xiao/Tool/gcc-arm-none-eabi-7-2017-q4-major/bin/../lib/gcc/arm-none-eabi/7.2.1/../../../../arm-none-eabi/lib/thumb/v6-m/libc_nano.a(lib_a-impure.o)
                0x0000000008005008                _global_impure_ptr
 .rodata.__sf_fake_stderr
                0x000000000800500c       0x20 /home/xiao/Tool/gcc-arm-none-eabi-7-2017-q4-major/bin/../lib/gcc/arm-none-eabi/7.2.1/../../../../arm-none-eabi/lib/thumb/v6-m/libc_nano.a(lib_a-findfp.o)
                0x000000000800500c                __sf_fake_stderr
 .rodata.__sf_fake_stdin
                0x000000000800502c       0x20 /home/xiao/Tool/gcc-arm-none-eabi-7-2017-q4-major/bin/../lib/gcc/arm-none-eabi/7.2.1/../../../../arm-none-eabi/lib/thumb/v6-m/libc_nano.a(lib_a-findfp.o)
                0x000000000800502c                __sf_fake_stdin
 .rodata.__sf_fake_stdout
                0x000000000800504c       0x20 /home/xiao/Tool/gcc-arm-none-eabi-7-2017-q4-major/bin/../lib/gcc/arm-none-eabi/7.2.1/../../../../arm-none-eabi/lib/thumb/v6-m/libc_nano.a(lib_a-findfp.o)
                0x000000000800504c                __sf_fake_stdout
                0x000000000800506c                . = ALIGN (0x4)

.rel.dyn        0x000000000800506c        0x0
 .rel.iplt      0x000000000800506c        0x0 /home/xiao/Tool/gcc-arm-none-eabi-7-2017-q4-major/bin/../lib/gcc/arm-none-eabi/7.2.1/thumb/v6-m/crtbegin.o

.ARM.extab
 *(.ARM.extab* .gnu.linkonce.armextab.*)

.ARM            0x000000000800506c        0x0
                0x000000000800506c                __exidx_start = .
 *(.ARM.exidx*)
                0x000000000800506c                __exidx_end = .

.preinit_array  0x000000000800506c        0x0
                0x000000000800506c                PROVIDE (__preinit_array_start, .)
 *(.preinit_array*)
                0x000000000800506c                PROVIDE (__preinit_array_end, .)

.init_array     0x000000000800506c        0x4
                0x000000000800506c                PROVIDE (__init_array_start, .)
 *(SORT_BY_NAME(.init_array.*))
 *(.init_array*)
 .init_array    0x000000000800506c        0x4 /home/xiao/Tool/gcc-arm-none-eabi-7-2017-q4-major/bin/../lib/gcc/arm-none-eabi/7.2.1/thumb/v6-m/crtbegin.o
                0x0000000008005070                PROVIDE (__init_array_end, .)

.fini_array     0x0000000008005070        0x4
                [!provide]                        PROVIDE (__fini_array_start, .)
 *(SORT_BY_NAME(.fini_array.*))
 *(.fini_array*)
 .fini_array    0x0000000008005070        0x4 /home/xiao/Tool/gcc-arm-none-eabi-7-2017-q4-major/bin/../lib/gcc/arm-none-eabi/7.2.1/thumb/v6-m/crtbegin.o
                [!provide]                        PROVIDE (__fini_array_end, .)
                0x0000000008005074                _sidata = LOADADDR (.data)

.data           0x0000000020000000      0x1d8 load address 0x0000000008005074
                0x0000000020000000                . = ALIGN (0x4)
                0x0000000020000000                _sdata = .
 *(.data)
 *(.data*)
 .data.SystemCoreClock
                0x0000000020000000        0x4 build/system_stm32f0xx.o
                0x0000000020000000                SystemCoreClock
 .data.num      0x0000000020000004       0xa0 build/hc595.o
                0x0000000020000004                num
 .data.t        0x00000000200000a4        0x1 build/ec11.o
 *fill*         0x00000000200000a5        0x1 
 .data.SetPoint1.6982
                0x00000000200000a6        0x2 build/table.o
 .data.ad       0x00000000200000a8       0xca build/table.o
                0x00000000200000a8                ad
 *fill*         0x0000000020000172        0x2 
 .data._impure_ptr
                0x0000000020000174        0x4 /home/xiao/Tool/gcc-arm-none-eabi-7-2017-q4-major/bin/../lib/gcc/arm-none-eabi/7.2.1/../../../../arm-none-eabi/lib/thumb/v6-m/libc_nano.a(lib_a-impure.o)
                0x0000000020000174                _impure_ptr
 .data.impure_data
                0x0000000020000178       0x60 /home/xiao/Tool/gcc-arm-none-eabi-7-2017-q4-major/bin/../lib/gcc/arm-none-eabi/7.2.1/../../../../arm-none-eabi/lib/thumb/v6-m/libc_nano.a(lib_a-impure.o)
                0x00000000200001d8                . = ALIGN (0x4)
                0x00000000200001d8                _edata = .

.igot.plt       0x00000000200001d8        0x0 load address 0x000000000800524c
 .igot.plt      0x00000000200001d8        0x0 /home/xiao/Tool/gcc-arm-none-eabi-7-2017-q4-major/bin/../lib/gcc/arm-none-eabi/7.2.1/thumb/v6-m/crtbegin.o
                0x00000000200001d8                . = ALIGN (0x4)

.bss            0x00000000200001d8      0x178 load address 0x000000000800524c
                0x00000000200001d8                _sbss = .
                0x00000000200001d8                __bss_start__ = _sbss
 *(.bss)
 .bss           0x00000000200001d8       0x1c /home/xiao/Tool/gcc-arm-none-eabi-7-2017-q4-major/bin/../lib/gcc/arm-none-eabi/7.2.1/thumb/v6-m/crtbegin.o
 *(.bss*)
 .bss.flag      0x00000000200001f4        0x1 build/main.o
                0x00000000200001f4                flag
 *fill*         0x00000000200001f5        0x1 
 .bss.adc_cont  0x00000000200001f6        0x2 build/hc595.o
                0x00000000200001f6                adc_cont
 .bss.adc_target
                0x00000000200001f8        0x2 build/hc595.o
                0x00000000200001f8                adc_target
 .bss.k_data.6959
                0x00000000200001fa        0x1 build/ec11.o
 .bss.press.6960
                0x00000000200001fb        0x1 build/ec11.o
 .bss.press_l.6961
                0x00000000200001fc        0x1 build/ec11.o
 .bss.I2c_Write
                0x00000000200001fd        0x1 build/table.o
                0x00000000200001fd                I2c_Write
 .bss.LastError.6980
                0x00000000200001fe        0x2 build/table.o
 .bss.SetPoint.6981
                0x0000000020000200        0x2 build/table.o
 .bss.add       0x0000000020000202        0x2 build/table.o
                0x0000000020000202                add
 .bss.add_t     0x0000000020000204        0x2 build/table.o
                0x0000000020000204                add_t
 *fill*         0x0000000020000206        0x2 
 .bss.ki.6984   0x0000000020000208        0x4 build/table.o
 .bss.kp.6983   0x000000002000020c        0x2 build/table.o
 .bss.m1.6972   0x000000002000020e        0x2 build/table.o
 .bss.sumError.6978
                0x0000000020000210        0x2 build/table.o
 .bss.t1.6986   0x0000000020000212        0x2 build/table.o
 .bss.flag_ec11
                0x0000000020000214        0x1 build/at24cxx.o
                0x0000000020000214                flag_ec11
 *fill*         0x0000000020000215        0x3 
 .bss.__malloc_free_list
                0x0000000020000218        0x4 /home/xiao/Tool/gcc-arm-none-eabi-7-2017-q4-major/bin/../lib/gcc/arm-none-eabi/7.2.1/../../../../arm-none-eabi/lib/thumb/v6-m/libc_nano.a(lib_a-nano-mallocr.o)
                0x0000000020000218                __malloc_free_list
 .bss.__malloc_sbrk_start
                0x000000002000021c        0x4 /home/xiao/Tool/gcc-arm-none-eabi-7-2017-q4-major/bin/../lib/gcc/arm-none-eabi/7.2.1/../../../../arm-none-eabi/lib/thumb/v6-m/libc_nano.a(lib_a-nano-mallocr.o)
                0x000000002000021c                __malloc_sbrk_start
 .bss.heap_end.4102
                0x0000000020000220        0x4 /home/xiao/Tool/gcc-arm-none-eabi-7-2017-q4-major/bin/../lib/gcc/arm-none-eabi/7.2.1/../../../../arm-none-eabi/lib/thumb/v6-m/libnosys.a(sbrk.o)
 *(COMMON)
 COMMON         0x0000000020000224       0x70 build/usart.o
                0x0000000020000224                huart1
 COMMON         0x0000000020000294       0x4c build/adc.o
                0x0000000020000294                hadc
 COMMON         0x00000000200002e0       0x40 build/tim.o
                0x00000000200002e0                htim3
 COMMON         0x0000000020000320       0x28 build/main.o
                0x0000000020000320                Task_Delay
 COMMON         0x0000000020000348        0x4 build/stm32f0xx_hal.o
                0x0000000020000348                uwTick
 COMMON         0x000000002000034c        0x4 /home/xiao/Tool/gcc-arm-none-eabi-7-2017-q4-major/bin/../lib/gcc/arm-none-eabi/7.2.1/../../../../arm-none-eabi/lib/thumb/v6-m/libc_nano.a(lib_a-reent.o)
                0x000000002000034c                errno
                0x0000000020000350                . = ALIGN (0x4)
                0x0000000020000350                _ebss = .
                0x0000000020000350                __bss_end__ = _ebss

._user_heap_stack
                0x0000000020000350      0x600 load address 0x000000000800524c
                0x0000000020000350                . = ALIGN (0x8)
                0x0000000020000350                PROVIDE (end, .)
                [!provide]                        PROVIDE (_end, .)
                0x0000000020000550                . = (. + _Min_Heap_Size)
 *fill*         0x0000000020000350      0x200 
                0x0000000020000950                . = (. + _Min_Stack_Size)
 *fill*         0x0000000020000550      0x400 
                0x0000000020000950                . = ALIGN (0x8)

/DISCARD/
 libc.a(*)
 libm.a(*)
 libgcc.a(*)

.ARM.attributes
                0x0000000000000000       0x28
 *(.ARM.attributes)
 .ARM.attributes
                0x0000000000000000       0x1e /home/xiao/Tool/gcc-arm-none-eabi-7-2017-q4-major/bin/../lib/gcc/arm-none-eabi/7.2.1/thumb/v6-m/crti.o
 .ARM.attributes
                0x000000000000001e       0x2c /home/xiao/Tool/gcc-arm-none-eabi-7-2017-q4-major/bin/../lib/gcc/arm-none-eabi/7.2.1/thumb/v6-m/crtbegin.o
 .ARM.attributes
                0x000000000000004a       0x31 build/stm32f0xx_hal_msp.o
 .ARM.attributes
                0x000000000000007b       0x31 build/usart.o
 .ARM.attributes
                0x00000000000000ac       0x31 build/adc.o
 .ARM.attributes
                0x00000000000000dd       0x31 build/tim.o
 .ARM.attributes
                0x000000000000010e       0x31 build/main.o
 .ARM.attributes
                0x000000000000013f       0x31 build/stm32f0xx_it.o
 .ARM.attributes
                0x0000000000000170       0x31 build/gpio.o
 .ARM.attributes
                0x00000000000001a1       0x31 build/system_stm32f0xx.o
 .ARM.attributes
                0x00000000000001d2       0x31 build/hc595.o
 .ARM.attributes
                0x0000000000000203       0x31 build/ec11.o
 .ARM.attributes
                0x0000000000000234       0x31 build/table.o
 .ARM.attributes
                0x0000000000000265       0x31 build/iic.o
 .ARM.attributes
                0x0000000000000296       0x31 build/at24cxx.o
 .ARM.attributes
                0x00000000000002c7       0x31 build/stm32f0xx_hal_cortex.o
 .ARM.attributes
                0x00000000000002f8       0x31 build/stm32f0xx_hal.o
 .ARM.attributes
                0x0000000000000329       0x31 build/stm32f0xx_hal_adc.o
 .ARM.attributes
                0x000000000000035a       0x31 build/stm32f0xx_hal_rcc.o
 .ARM.attributes
                0x000000000000038b       0x31 build/stm32f0xx_hal_tim.o
 .ARM.attributes
                0x00000000000003bc       0x31 build/stm32f0xx_hal_dma.o
 .ARM.attributes
                0x00000000000003ed       0x31 build/stm32f0xx_hal_tim_ex.o
 .ARM.attributes
                0x000000000000041e       0x31 build/stm32f0xx_hal_uart.o
 .ARM.attributes
                0x000000000000044f       0x31 build/stm32f0xx_hal_rcc_ex.o
 .ARM.attributes
                0x0000000000000480       0x31 build/stm32f0xx_hal_gpio.o
 .ARM.attributes
                0x00000000000004b1       0x21 build/startup_stm32f030x6.o
 .ARM.attributes
                0x00000000000004d2       0x2c /home/xiao/Tool/gcc-arm-none-eabi-7-2017-q4-major/bin/../lib/gcc/arm-none-eabi/7.2.1/../../../../arm-none-eabi/lib/thumb/v6-m/libc_nano.a(lib_a-impure.o)
 .ARM.attributes
                0x00000000000004fe       0x2c /home/xiao/Tool/gcc-arm-none-eabi-7-2017-q4-major/bin/../lib/gcc/arm-none-eabi/7.2.1/../../../../arm-none-eabi/lib/thumb/v6-m/libc_nano.a(lib_a-init.o)
 .ARM.attributes
                0x000000000000052a       0x2c /home/xiao/Tool/gcc-arm-none-eabi-7-2017-q4-major/bin/../lib/gcc/arm-none-eabi/7.2.1/../../../../arm-none-eabi/lib/thumb/v6-m/libc_nano.a(lib_a-memset.o)
 .ARM.attributes
                0x0000000000000556       0x2c /home/xiao/Tool/gcc-arm-none-eabi-7-2017-q4-major/bin/../lib/gcc/arm-none-eabi/7.2.1/../../../../arm-none-eabi/lib/thumb/v6-m/libc_nano.a(lib_a-puts.o)
 .ARM.attributes
                0x0000000000000582       0x2c /home/xiao/Tool/gcc-arm-none-eabi-7-2017-q4-major/bin/../lib/gcc/arm-none-eabi/7.2.1/../../../../arm-none-eabi/lib/thumb/v6-m/libc_nano.a(lib_a-wbuf.o)
 .ARM.attributes
                0x00000000000005ae       0x2c /home/xiao/Tool/gcc-arm-none-eabi-7-2017-q4-major/bin/../lib/gcc/arm-none-eabi/7.2.1/../../../../arm-none-eabi/lib/thumb/v6-m/libc_nano.a(lib_a-wsetup.o)
 .ARM.attributes
                0x00000000000005da       0x2c /home/xiao/Tool/gcc-arm-none-eabi-7-2017-q4-major/bin/../lib/gcc/arm-none-eabi/7.2.1/../../../../arm-none-eabi/lib/thumb/v6-m/libc_nano.a(lib_a-fflush.o)
 .ARM.attributes
                0x0000000000000606       0x2c /home/xiao/Tool/gcc-arm-none-eabi-7-2017-q4-major/bin/../lib/gcc/arm-none-eabi/7.2.1/../../../../arm-none-eabi/lib/thumb/v6-m/libc_nano.a(lib_a-findfp.o)
 .ARM.attributes
                0x0000000000000632       0x2c /home/xiao/Tool/gcc-arm-none-eabi-7-2017-q4-major/bin/../lib/gcc/arm-none-eabi/7.2.1/../../../../arm-none-eabi/lib/thumb/v6-m/libc_nano.a(lib_a-fwalk.o)
 .ARM.attributes
                0x000000000000065e       0x2c /home/xiao/Tool/gcc-arm-none-eabi-7-2017-q4-major/bin/../lib/gcc/arm-none-eabi/7.2.1/../../../../arm-none-eabi/lib/thumb/v6-m/libc_nano.a(lib_a-makebuf.o)
 .ARM.attributes
                0x000000000000068a       0x2c /home/xiao/Tool/gcc-arm-none-eabi-7-2017-q4-major/bin/../lib/gcc/arm-none-eabi/7.2.1/../../../../arm-none-eabi/lib/thumb/v6-m/libc_nano.a(lib_a-nano-freer.o)
 .ARM.attributes
                0x00000000000006b6       0x2c /home/xiao/Tool/gcc-arm-none-eabi-7-2017-q4-major/bin/../lib/gcc/arm-none-eabi/7.2.1/../../../../arm-none-eabi/lib/thumb/v6-m/libc_nano.a(lib_a-nano-mallocr.o)
 .ARM.attributes
                0x00000000000006e2       0x2c /home/xiao/Tool/gcc-arm-none-eabi-7-2017-q4-major/bin/../lib/gcc/arm-none-eabi/7.2.1/../../../../arm-none-eabi/lib/thumb/v6-m/libc_nano.a(lib_a-sbrkr.o)
 .ARM.attributes
                0x000000000000070e       0x2c /home/xiao/Tool/gcc-arm-none-eabi-7-2017-q4-major/bin/../lib/gcc/arm-none-eabi/7.2.1/../../../../arm-none-eabi/lib/thumb/v6-m/libc_nano.a(lib_a-stdio.o)
 .ARM.attributes
                0x000000000000073a       0x2c /home/xiao/Tool/gcc-arm-none-eabi-7-2017-q4-major/bin/../lib/gcc/arm-none-eabi/7.2.1/../../../../arm-none-eabi/lib/thumb/v6-m/libc_nano.a(lib_a-writer.o)
 .ARM.attributes
                0x0000000000000766       0x2c /home/xiao/Tool/gcc-arm-none-eabi-7-2017-q4-major/bin/../lib/gcc/arm-none-eabi/7.2.1/../../../../arm-none-eabi/lib/thumb/v6-m/libc_nano.a(lib_a-closer.o)
 .ARM.attributes
                0x0000000000000792       0x2c /home/xiao/Tool/gcc-arm-none-eabi-7-2017-q4-major/bin/../lib/gcc/arm-none-eabi/7.2.1/../../../../arm-none-eabi/lib/thumb/v6-m/libc_nano.a(lib_a-fstatr.o)
 .ARM.attributes
                0x00000000000007be       0x2c /home/xiao/Tool/gcc-arm-none-eabi-7-2017-q4-major/bin/../lib/gcc/arm-none-eabi/7.2.1/../../../../arm-none-eabi/lib/thumb/v6-m/libc_nano.a(lib_a-isattyr.o)
 .ARM.attributes
                0x00000000000007ea       0x2c /home/xiao/Tool/gcc-arm-none-eabi-7-2017-q4-major/bin/../lib/gcc/arm-none-eabi/7.2.1/../../../../arm-none-eabi/lib/thumb/v6-m/libc_nano.a(lib_a-lseekr.o)
 .ARM.attributes
                0x0000000000000816       0x2c /home/xiao/Tool/gcc-arm-none-eabi-7-2017-q4-major/bin/../lib/gcc/arm-none-eabi/7.2.1/../../../../arm-none-eabi/lib/thumb/v6-m/libc_nano.a(lib_a-mlock.o)
 .ARM.attributes
                0x0000000000000842       0x2c /home/xiao/Tool/gcc-arm-none-eabi-7-2017-q4-major/bin/../lib/gcc/arm-none-eabi/7.2.1/../../../../arm-none-eabi/lib/thumb/v6-m/libc_nano.a(lib_a-readr.o)
 .ARM.attributes
                0x000000000000086e       0x2c /home/xiao/Tool/gcc-arm-none-eabi-7-2017-q4-major/bin/../lib/gcc/arm-none-eabi/7.2.1/../../../../arm-none-eabi/lib/thumb/v6-m/libc_nano.a(lib_a-reent.o)
 .ARM.attributes
                0x000000000000089a       0x2c /home/xiao/Tool/gcc-arm-none-eabi-7-2017-q4-major/bin/../lib/gcc/arm-none-eabi/7.2.1/../../../../arm-none-eabi/lib/thumb/v6-m/libnosys.a(close.o)
 .ARM.attributes
                0x00000000000008c6       0x2c /home/xiao/Tool/gcc-arm-none-eabi-7-2017-q4-major/bin/../lib/gcc/arm-none-eabi/7.2.1/../../../../arm-none-eabi/lib/thumb/v6-m/libnosys.a(fstat.o)
 .ARM.attributes
                0x00000000000008f2       0x2c /home/xiao/Tool/gcc-arm-none-eabi-7-2017-q4-major/bin/../lib/gcc/arm-none-eabi/7.2.1/../../../../arm-none-eabi/lib/thumb/v6-m/libnosys.a(isatty.o)
 .ARM.attributes
                0x000000000000091e       0x2c /home/xiao/Tool/gcc-arm-none-eabi-7-2017-q4-major/bin/../lib/gcc/arm-none-eabi/7.2.1/../../../../arm-none-eabi/lib/thumb/v6-m/libnosys.a(lseek.o)
 .ARM.attributes
                0x000000000000094a       0x2c /home/xiao/Tool/gcc-arm-none-eabi-7-2017-q4-major/bin/../lib/gcc/arm-none-eabi/7.2.1/../../../../arm-none-eabi/lib/thumb/v6-m/libnosys.a(read.o)
 .ARM.attributes
                0x0000000000000976       0x2c /home/xiao/Tool/gcc-arm-none-eabi-7-2017-q4-major/bin/../lib/gcc/arm-none-eabi/7.2.1/../../../../arm-none-eabi/lib/thumb/v6-m/libnosys.a(sbrk.o)
 .ARM.attributes
                0x00000000000009a2       0x1e /home/xiao/Tool/gcc-arm-none-eabi-7-2017-q4-major/bin/../lib/gcc/arm-none-eabi/7.2.1/thumb/v6-m/libgcc.a(_udivsi3.o)
 .ARM.attributes
                0x00000000000009c0       0x1e /home/xiao/Tool/gcc-arm-none-eabi-7-2017-q4-major/bin/../lib/gcc/arm-none-eabi/7.2.1/thumb/v6-m/libgcc.a(_dvmd_tls.o)
 .ARM.attributes
                0x00000000000009de       0x2c /home/xiao/Tool/gcc-arm-none-eabi-7-2017-q4-major/bin/../lib/gcc/arm-none-eabi/7.2.1/thumb/v6-m/libgcc.a(_fixunssfsi.o)
 .ARM.attributes
                0x0000000000000a0a       0x2c /home/xiao/Tool/gcc-arm-none-eabi-7-2017-q4-major/bin/../lib/gcc/arm-none-eabi/7.2.1/thumb/v6-m/libgcc.a(addsf3.o)
 .ARM.attributes
                0x0000000000000a36       0x2c /home/xiao/Tool/gcc-arm-none-eabi-7-2017-q4-major/bin/../lib/gcc/arm-none-eabi/7.2.1/thumb/v6-m/libgcc.a(divsf3.o)
 .ARM.attributes
                0x0000000000000a62       0x2c /home/xiao/Tool/gcc-arm-none-eabi-7-2017-q4-major/bin/../lib/gcc/arm-none-eabi/7.2.1/thumb/v6-m/libgcc.a(mulsf3.o)
 .ARM.attributes
                0x0000000000000a8e       0x2c /home/xiao/Tool/gcc-arm-none-eabi-7-2017-q4-major/bin/../lib/gcc/arm-none-eabi/7.2.1/thumb/v6-m/libgcc.a(subsf3.o)
 .ARM.attributes
                0x0000000000000aba       0x2c /home/xiao/Tool/gcc-arm-none-eabi-7-2017-q4-major/bin/../lib/gcc/arm-none-eabi/7.2.1/thumb/v6-m/libgcc.a(fixsfsi.o)
 .ARM.attributes
                0x0000000000000ae6       0x2c /home/xiao/Tool/gcc-arm-none-eabi-7-2017-q4-major/bin/../lib/gcc/arm-none-eabi/7.2.1/thumb/v6-m/libgcc.a(floatsisf.o)
 .ARM.attributes
                0x0000000000000b12       0x2c /home/xiao/Tool/gcc-arm-none-eabi-7-2017-q4-major/bin/../lib/gcc/arm-none-eabi/7.2.1/thumb/v6-m/libgcc.a(floatunsisf.o)
 .ARM.attributes
                0x0000000000000b3e       0x2c /home/xiao/Tool/gcc-arm-none-eabi-7-2017-q4-major/bin/../lib/gcc/arm-none-eabi/7.2.1/thumb/v6-m/libgcc.a(adddf3.o)
 .ARM.attributes
                0x0000000000000b6a       0x2c /home/xiao/Tool/gcc-arm-none-eabi-7-2017-q4-major/bin/../lib/gcc/arm-none-eabi/7.2.1/thumb/v6-m/libgcc.a(muldf3.o)
 .ARM.attributes
                0x0000000000000b96       0x2c /home/xiao/Tool/gcc-arm-none-eabi-7-2017-q4-major/bin/../lib/gcc/arm-none-eabi/7.2.1/thumb/v6-m/libgcc.a(fixdfsi.o)
 .ARM.attributes
                0x0000000000000bc2       0x2c /home/xiao/Tool/gcc-arm-none-eabi-7-2017-q4-major/bin/../lib/gcc/arm-none-eabi/7.2.1/thumb/v6-m/libgcc.a(floatsidf.o)
 .ARM.attributes
                0x0000000000000bee       0x2c /home/xiao/Tool/gcc-arm-none-eabi-7-2017-q4-major/bin/../lib/gcc/arm-none-eabi/7.2.1/thumb/v6-m/libgcc.a(floatunsidf.o)
 .ARM.attributes
                0x0000000000000c1a       0x1e /home/xiao/Tool/gcc-arm-none-eabi-7-2017-q4-major/bin/../lib/gcc/arm-none-eabi/7.2.1/thumb/v6-m/libgcc.a(_arm_cmpsf2.o)
 .ARM.attributes
                0x0000000000000c38       0x1e /home/xiao/Tool/gcc-arm-none-eabi-7-2017-q4-major/bin/../lib/gcc/arm-none-eabi/7.2.1/thumb/v6-m/libgcc.a(_clzsi2.o)
 .ARM.attributes
                0x0000000000000c56       0x2c /home/xiao/Tool/gcc-arm-none-eabi-7-2017-q4-major/bin/../lib/gcc/arm-none-eabi/7.2.1/thumb/v6-m/libgcc.a(eqsf2.o)
 .ARM.attributes
                0x0000000000000c82       0x2c /home/xiao/Tool/gcc-arm-none-eabi-7-2017-q4-major/bin/../lib/gcc/arm-none-eabi/7.2.1/thumb/v6-m/libgcc.a(gesf2.o)
 .ARM.attributes
                0x0000000000000cae       0x2c /home/xiao/Tool/gcc-arm-none-eabi-7-2017-q4-major/bin/../lib/gcc/arm-none-eabi/7.2.1/thumb/v6-m/libgcc.a(lesf2.o)
 .ARM.attributes
                0x0000000000000cda       0x1e /home/xiao/Tool/gcc-arm-none-eabi-7-2017-q4-major/bin/../lib/gcc/arm-none-eabi/7.2.1/thumb/v6-m/crtn.o
OUTPUT(build/stm32f030k6.elf elf32-littlearm)

.debug_info     0x0000000000000000    0x1c645
 .debug_info    0x0000000000000000      0xc25 build/stm32f0xx_hal_msp.o
 .debug_info    0x0000000000000c25     0x146d build/usart.o
 .debug_info    0x0000000000002092     0x1284 build/adc.o
 .debug_info    0x0000000000003316     0x13da build/tim.o
 .debug_info    0x00000000000046f0     0x1a8f build/main.o
 .debug_info    0x000000000000617f     0x1078 build/stm32f0xx_it.o
 .debug_info    0x00000000000071f7      0xeb5 build/gpio.o
 .debug_info    0x00000000000080ac      0xb7f build/system_stm32f0xx.o
 .debug_info    0x0000000000008c2b      0xbe7 build/hc595.o
 .debug_info    0x0000000000009812      0xc2d build/ec11.o
 .debug_info    0x000000000000a43f      0xf00 build/table.o
 .debug_info    0x000000000000b33f     0x1391 build/iic.o
 .debug_info    0x000000000000c6d0      0xb07 build/at24cxx.o
 .debug_info    0x000000000000d1d7     0x1106 build/stm32f0xx_hal_cortex.o
 .debug_info    0x000000000000e2dd      0xfbd build/stm32f0xx_hal.o
 .debug_info    0x000000000000f29a     0x186b build/stm32f0xx_hal_adc.o
 .debug_info    0x0000000000010b05     0x12d1 build/stm32f0xx_hal_rcc.o
 .debug_info    0x0000000000011dd6     0x3a95 build/stm32f0xx_hal_tim.o
 .debug_info    0x000000000001586b     0x1185 build/stm32f0xx_hal_dma.o
 .debug_info    0x00000000000169f0     0x1cce build/stm32f0xx_hal_tim_ex.o
 .debug_info    0x00000000000186be     0x228c build/stm32f0xx_hal_uart.o
 .debug_info    0x000000000001a94a      0xd27 build/stm32f0xx_hal_rcc_ex.o
 .debug_info    0x000000000001b671      0xfb2 build/stm32f0xx_hal_gpio.o
 .debug_info    0x000000000001c623       0x22 build/startup_stm32f030x6.o

.debug_abbrev   0x0000000000000000     0x3ac7
 .debug_abbrev  0x0000000000000000      0x216 build/stm32f0xx_hal_msp.o
 .debug_abbrev  0x0000000000000216      0x28d build/usart.o
 .debug_abbrev  0x00000000000004a3      0x23b build/adc.o
 .debug_abbrev  0x00000000000006de      0x273 build/tim.o
 .debug_abbrev  0x0000000000000951      0x2b8 build/main.o
 .debug_abbrev  0x0000000000000c09      0x204 build/stm32f0xx_it.o
 .debug_abbrev  0x0000000000000e0d      0x228 build/gpio.o
 .debug_abbrev  0x0000000000001035      0x1e6 build/system_stm32f0xx.o
 .debug_abbrev  0x000000000000121b      0x22e build/hc595.o
 .debug_abbrev  0x0000000000001449      0x22e build/ec11.o
 .debug_abbrev  0x0000000000001677      0x288 build/table.o
 .debug_abbrev  0x00000000000018ff      0x2eb build/iic.o
 .debug_abbrev  0x0000000000001bea      0x1e9 build/at24cxx.o
 .debug_abbrev  0x0000000000001dd3      0x32e build/stm32f0xx_hal_cortex.o
 .debug_abbrev  0x0000000000002101      0x2d9 build/stm32f0xx_hal.o
 .debug_abbrev  0x00000000000023da      0x2f9 build/stm32f0xx_hal_adc.o
 .debug_abbrev  0x00000000000026d3      0x2e6 build/stm32f0xx_hal_rcc.o
 .debug_abbrev  0x00000000000029b9      0x310 build/stm32f0xx_hal_tim.o
 .debug_abbrev  0x0000000000002cc9      0x2ce build/stm32f0xx_hal_dma.o
 .debug_abbrev  0x0000000000002f97      0x2f8 build/stm32f0xx_hal_tim_ex.o
 .debug_abbrev  0x000000000000328f      0x2e1 build/stm32f0xx_hal_uart.o
 .debug_abbrev  0x0000000000003570      0x287 build/stm32f0xx_hal_rcc_ex.o
 .debug_abbrev  0x00000000000037f7      0x2be build/stm32f0xx_hal_gpio.o
 .debug_abbrev  0x0000000000003ab5       0x12 build/startup_stm32f030x6.o

.debug_loc      0x0000000000000000     0xa92f
 .debug_loc     0x0000000000000000       0x2c build/stm32f0xx_hal_msp.o
 .debug_loc     0x000000000000002c      0x183 build/usart.o
 .debug_loc     0x00000000000001af       0xec build/adc.o
 .debug_loc     0x000000000000029b       0xb2 build/tim.o
 .debug_loc     0x000000000000034d       0x97 build/main.o
 .debug_loc     0x00000000000003e4       0x40 build/stm32f0xx_it.o
 .debug_loc     0x0000000000000424       0x2c build/gpio.o
 .debug_loc     0x0000000000000450      0x15b build/system_stm32f0xx.o
 .debug_loc     0x00000000000005ab      0x13a build/hc595.o
 .debug_loc     0x00000000000006e5       0x40 build/ec11.o
 .debug_loc     0x0000000000000725      0x32d build/table.o
 .debug_loc     0x0000000000000a52      0x420 build/iic.o
 .debug_loc     0x0000000000000e72       0x40 build/at24cxx.o
 .debug_loc     0x0000000000000eb2      0x3d3 build/stm32f0xx_hal_cortex.o
 .debug_loc     0x0000000000001285      0x108 build/stm32f0xx_hal.o
 .debug_loc     0x000000000000138d      0xe9f build/stm32f0xx_hal_adc.o
 .debug_loc     0x000000000000222c      0x584 build/stm32f0xx_hal_rcc.o
 .debug_loc     0x00000000000027b0     0x4163 build/stm32f0xx_hal_tim.o
 .debug_loc     0x0000000000006913      0x95a build/stm32f0xx_hal_dma.o
 .debug_loc     0x000000000000726d     0x14de build/stm32f0xx_hal_tim_ex.o
 .debug_loc     0x000000000000874b     0x1a9d build/stm32f0xx_hal_uart.o
 .debug_loc     0x000000000000a1e8      0x3a5 build/stm32f0xx_hal_rcc_ex.o
 .debug_loc     0x000000000000a58d      0x3a2 build/stm32f0xx_hal_gpio.o

.debug_aranges  0x0000000000000000      0xd30
 .debug_aranges
                0x0000000000000000       0x20 build/stm32f0xx_hal_msp.o
 .debug_aranges
                0x0000000000000020       0x38 build/usart.o
 .debug_aranges
                0x0000000000000058       0x30 build/adc.o
 .debug_aranges
                0x0000000000000088       0x38 build/tim.o
 .debug_aranges
                0x00000000000000c0       0x40 build/main.o
 .debug_aranges
                0x0000000000000100       0x48 build/stm32f0xx_it.o
 .debug_aranges
                0x0000000000000148       0x20 build/gpio.o
 .debug_aranges
                0x0000000000000168       0x28 build/system_stm32f0xx.o
 .debug_aranges
                0x0000000000000190       0x28 build/hc595.o
 .debug_aranges
                0x00000000000001b8       0x30 build/ec11.o
 .debug_aranges
                0x00000000000001e8       0x38 build/table.o
 .debug_aranges
                0x0000000000000220       0x78 build/iic.o
 .debug_aranges
                0x0000000000000298       0x28 build/at24cxx.o
 .debug_aranges
                0x00000000000002c0       0x78 build/stm32f0xx_hal_cortex.o
 .debug_aranges
                0x0000000000000338       0xb8 build/stm32f0xx_hal.o
 .debug_aranges
                0x00000000000003f0       0xf8 build/stm32f0xx_hal_adc.o
 .debug_aranges
                0x00000000000004e8       0x80 build/stm32f0xx_hal_rcc.o
 .debug_aranges
                0x0000000000000568      0x378 build/stm32f0xx_hal_tim.o
 .debug_aranges
                0x00000000000008e0       0x88 build/stm32f0xx_hal_dma.o
 .debug_aranges
                0x0000000000000968      0x140 build/stm32f0xx_hal_tim_ex.o
 .debug_aranges
                0x0000000000000aa8      0x1d8 build/stm32f0xx_hal_uart.o
 .debug_aranges
                0x0000000000000c80       0x30 build/stm32f0xx_hal_rcc_ex.o
 .debug_aranges
                0x0000000000000cb0       0x58 build/stm32f0xx_hal_gpio.o
 .debug_aranges
                0x0000000000000d08       0x28 build/startup_stm32f030x6.o

.debug_ranges   0x0000000000000000      0xc30
 .debug_ranges  0x0000000000000000       0x10 build/stm32f0xx_hal_msp.o
 .debug_ranges  0x0000000000000010       0x28 build/usart.o
 .debug_ranges  0x0000000000000038       0x20 build/adc.o
 .debug_ranges  0x0000000000000058       0x28 build/tim.o
 .debug_ranges  0x0000000000000080       0x30 build/main.o
 .debug_ranges  0x00000000000000b0       0x38 build/stm32f0xx_it.o
 .debug_ranges  0x00000000000000e8       0x10 build/gpio.o
 .debug_ranges  0x00000000000000f8       0x18 build/system_stm32f0xx.o
 .debug_ranges  0x0000000000000110       0x18 build/hc595.o
 .debug_ranges  0x0000000000000128       0x20 build/ec11.o
 .debug_ranges  0x0000000000000148       0x28 build/table.o
 .debug_ranges  0x0000000000000170       0x68 build/iic.o
 .debug_ranges  0x00000000000001d8       0x18 build/at24cxx.o
 .debug_ranges  0x00000000000001f0       0xb0 build/stm32f0xx_hal_cortex.o
 .debug_ranges  0x00000000000002a0       0xa8 build/stm32f0xx_hal.o
 .debug_ranges  0x0000000000000348       0xe8 build/stm32f0xx_hal_adc.o
 .debug_ranges  0x0000000000000430       0x88 build/stm32f0xx_hal_rcc.o
 .debug_ranges  0x00000000000004b8      0x368 build/stm32f0xx_hal_tim.o
 .debug_ranges  0x0000000000000820       0x78 build/stm32f0xx_hal_dma.o
 .debug_ranges  0x0000000000000898      0x130 build/stm32f0xx_hal_tim_ex.o
 .debug_ranges  0x00000000000009c8      0x1c8 build/stm32f0xx_hal_uart.o
 .debug_ranges  0x0000000000000b90       0x38 build/stm32f0xx_hal_rcc_ex.o
 .debug_ranges  0x0000000000000bc8       0x48 build/stm32f0xx_hal_gpio.o
 .debug_ranges  0x0000000000000c10       0x20 build/startup_stm32f030x6.o

.debug_line     0x0000000000000000     0x6999
 .debug_line    0x0000000000000000      0x218 build/stm32f0xx_hal_msp.o
 .debug_line    0x0000000000000218      0x2ef build/usart.o
 .debug_line    0x0000000000000507      0x2b4 build/adc.o
 .debug_line    0x00000000000007bb      0x2d0 build/tim.o
 .debug_line    0x0000000000000a8b      0x38b build/main.o
 .debug_line    0x0000000000000e16      0x2bf build/stm32f0xx_it.o
 .debug_line    0x00000000000010d5      0x23e build/gpio.o
 .debug_line    0x0000000000001313      0x211 build/system_stm32f0xx.o
 .debug_line    0x0000000000001524      0x23c build/hc595.o
 .debug_line    0x0000000000001760      0x238 build/ec11.o
 .debug_line    0x0000000000001998      0x263 build/table.o
 .debug_line    0x0000000000001bfb      0x37c build/iic.o
 .debug_line    0x0000000000001f77      0x24a build/at24cxx.o
 .debug_line    0x00000000000021c1      0x384 build/stm32f0xx_hal_cortex.o
 .debug_line    0x0000000000002545      0x3e5 build/stm32f0xx_hal.o
 .debug_line    0x000000000000292a      0x7bb build/stm32f0xx_hal_adc.o
 .debug_line    0x00000000000030e5      0x4f3 build/stm32f0xx_hal_rcc.o
 .debug_line    0x00000000000035d8     0x1357 build/stm32f0xx_hal_tim.o
 .debug_line    0x000000000000492f      0x4a1 build/stm32f0xx_hal_dma.o
 .debug_line    0x0000000000004dd0      0x835 build/stm32f0xx_hal_tim_ex.o
 .debug_line    0x0000000000005605      0xc36 build/stm32f0xx_hal_uart.o
 .debug_line    0x000000000000623b      0x352 build/stm32f0xx_hal_rcc_ex.o
 .debug_line    0x000000000000658d      0x394 build/stm32f0xx_hal_gpio.o
 .debug_line    0x0000000000006921       0x78 build/startup_stm32f030x6.o

.debug_str      0x0000000000000000     0x3a83
 .debug_str     0x0000000000000000      0x6d9 build/stm32f0xx_hal_msp.o
                                        0x755 (size before relaxing)
 .debug_str     0x00000000000006d9      0x579 build/usart.o
                                        0xce3 (size before relaxing)
 .debug_str     0x0000000000000c52      0x1e7 build/adc.o
                                        0xa7f (size before relaxing)
 .debug_str     0x0000000000000e39      0x33c build/tim.o
                                        0xbb4 (size before relaxing)
 .debug_str     0x0000000000001175      0x2fa build/main.o
                                       0x11df (size before relaxing)
 .debug_str     0x000000000000146f       0xa5 build/stm32f0xx_it.o
                                        0xa8e (size before relaxing)
 .debug_str     0x0000000000001514       0x39 build/gpio.o
                                        0x819 (size before relaxing)
 .debug_str     0x000000000000154d       0x57 build/system_stm32f0xx.o
                                        0x620 (size before relaxing)
 .debug_str     0x00000000000015a4       0x41 build/hc595.o
                                        0x60e (size before relaxing)
 .debug_str     0x00000000000015e5       0x81 build/ec11.o
                                        0x64f (size before relaxing)
 .debug_str     0x0000000000001666       0x8d build/table.o
                                        0x6e2 (size before relaxing)
 .debug_str     0x00000000000016f3       0xdf build/iic.o
                                        0x793 (size before relaxing)
 .debug_str     0x00000000000017d2       0x2f build/at24cxx.o
                                        0x607 (size before relaxing)
 .debug_str     0x0000000000001801      0x17b build/stm32f0xx_hal_cortex.o
                                        0x9a0 (size before relaxing)
 .debug_str     0x000000000000197c      0x1d8 build/stm32f0xx_hal.o
                                        0x998 (size before relaxing)
 .debug_str     0x0000000000001b54      0x2de build/stm32f0xx_hal_adc.o
                                        0xca0 (size before relaxing)
 .debug_str     0x0000000000001e32      0x19d build/stm32f0xx_hal_rcc.o
                                        0x9d3 (size before relaxing)
 .debug_str     0x0000000000001fcf      0xca6 build/stm32f0xx_hal_tim.o
                                       0x1775 (size before relaxing)
 .debug_str     0x0000000000002c75      0x225 build/stm32f0xx_hal_dma.o
                                        0xa09 (size before relaxing)
 .debug_str     0x0000000000002e9a      0x49a build/stm32f0xx_hal_tim_ex.o
                                        0xfe7 (size before relaxing)
 .debug_str     0x0000000000003334      0x5bc build/stm32f0xx_hal_uart.o
                                       0x1148 (size before relaxing)
 .debug_str     0x00000000000038f0       0x94 build/stm32f0xx_hal_rcc_ex.o
                                        0x79a (size before relaxing)
 .debug_str     0x0000000000003984       0xda build/stm32f0xx_hal_gpio.o
                                        0x7fa (size before relaxing)
 .debug_str     0x0000000000003a5e       0x25 build/startup_stm32f030x6.o
                                         0x42 (size before relaxing)

.comment        0x0000000000000000       0x7e
 .comment       0x0000000000000000       0x7e build/stm32f0xx_hal_msp.o
                                         0x7f (size before relaxing)
 .comment       0x000000000000007e       0x7f build/usart.o
 .comment       0x000000000000007e       0x7f build/adc.o
 .comment       0x000000000000007e       0x7f build/tim.o
 .comment       0x000000000000007e       0x7f build/main.o
 .comment       0x000000000000007e       0x7f build/stm32f0xx_it.o
 .comment       0x000000000000007e       0x7f build/gpio.o
 .comment       0x000000000000007e       0x7f build/system_stm32f0xx.o
 .comment       0x000000000000007e       0x7f build/hc595.o
 .comment       0x000000000000007e       0x7f build/ec11.o
 .comment       0x000000000000007e       0x7f build/table.o
 .comment       0x000000000000007e       0x7f build/iic.o
 .comment       0x000000000000007e       0x7f build/at24cxx.o
 .comment       0x000000000000007e       0x7f build/stm32f0xx_hal_cortex.o
 .comment       0x000000000000007e       0x7f build/stm32f0xx_hal.o
 .comment       0x000000000000007e       0x7f build/stm32f0xx_hal_adc.o
 .comment       0x000000000000007e       0x7f build/stm32f0xx_hal_rcc.o
 .comment       0x000000000000007e       0x7f build/stm32f0xx_hal_tim.o
 .comment       0x000000000000007e       0x7f build/stm32f0xx_hal_dma.o
 .comment       0x000000000000007e       0x7f build/stm32f0xx_hal_tim_ex.o
 .comment       0x000000000000007e       0x7f build/stm32f0xx_hal_uart.o
 .comment       0x000000000000007e       0x7f build/stm32f0xx_hal_rcc_ex.o
 .comment       0x000000000000007e       0x7f build/stm32f0xx_hal_gpio.o

.debug_frame    0x0000000000000000     0x2dcc
 .debug_frame   0x0000000000000000       0x2c build/stm32f0xx_hal_msp.o
 .debug_frame   0x000000000000002c       0x80 build/usart.o
 .debug_frame   0x00000000000000ac       0x64 build/adc.o
 .debug_frame   0x0000000000000110       0x6c build/tim.o
 .debug_frame   0x000000000000017c       0x84 build/main.o
 .debug_frame   0x0000000000000200       0x88 build/stm32f0xx_it.o
 .debug_frame   0x0000000000000288       0x38 build/gpio.o
 .debug_frame   0x00000000000002c0       0x3c build/system_stm32f0xx.o
 .debug_frame   0x00000000000002fc       0x48 build/hc595.o
 .debug_frame   0x0000000000000344       0x58 build/ec11.o
 .debug_frame   0x000000000000039c       0xb0 build/table.o
 .debug_frame   0x000000000000044c      0x180 build/iic.o
 .debug_frame   0x00000000000005cc       0x48 build/at24cxx.o
 .debug_frame   0x0000000000000614       0xec build/stm32f0xx_hal_cortex.o
 .debug_frame   0x0000000000000700      0x184 build/stm32f0xx_hal.o
 .debug_frame   0x0000000000000884      0x2f8 build/stm32f0xx_hal_adc.o
 .debug_frame   0x0000000000000b7c      0x14c build/stm32f0xx_hal_rcc.o
 .debug_frame   0x0000000000000cc8      0xaec build/stm32f0xx_hal_tim.o
 .debug_frame   0x00000000000017b4      0x198 build/stm32f0xx_hal_dma.o
 .debug_frame   0x000000000000194c      0x3f8 build/stm32f0xx_hal_tim_ex.o
 .debug_frame   0x0000000000001d44      0x580 build/stm32f0xx_hal_uart.o
 .debug_frame   0x00000000000022c4       0x60 build/stm32f0xx_hal_rcc_ex.o
 .debug_frame   0x0000000000002324       0xdc build/stm32f0xx_hal_gpio.o
 .debug_frame   0x0000000000002400       0x2c /home/xiao/Tool/gcc-arm-none-eabi-7-2017-q4-major/bin/../lib/gcc/arm-none-eabi/7.2.1/../../../../arm-none-eabi/lib/thumb/v6-m/libc_nano.a(lib_a-init.o)
 .debug_frame   0x000000000000242c       0x20 /home/xiao/Tool/gcc-arm-none-eabi-7-2017-q4-major/bin/../lib/gcc/arm-none-eabi/7.2.1/../../../../arm-none-eabi/lib/thumb/v6-m/libc_nano.a(lib_a-memset.o)
 .debug_frame   0x000000000000244c       0x44 /home/xiao/Tool/gcc-arm-none-eabi-7-2017-q4-major/bin/../lib/gcc/arm-none-eabi/7.2.1/../../../../arm-none-eabi/lib/thumb/v6-m/libc_nano.a(lib_a-puts.o)
 .debug_frame   0x0000000000002490       0x48 /home/xiao/Tool/gcc-arm-none-eabi-7-2017-q4-major/bin/../lib/gcc/arm-none-eabi/7.2.1/../../../../arm-none-eabi/lib/thumb/v6-m/libc_nano.a(lib_a-wbuf.o)
 .debug_frame   0x00000000000024d8       0x2c /home/xiao/Tool/gcc-arm-none-eabi-7-2017-q4-major/bin/../lib/gcc/arm-none-eabi/7.2.1/../../../../arm-none-eabi/lib/thumb/v6-m/libc_nano.a(lib_a-wsetup.o)
 .debug_frame   0x0000000000002504       0x68 /home/xiao/Tool/gcc-arm-none-eabi-7-2017-q4-major/bin/../lib/gcc/arm-none-eabi/7.2.1/../../../../arm-none-eabi/lib/thumb/v6-m/libc_nano.a(lib_a-fflush.o)
 .debug_frame   0x000000000000256c      0x140 /home/xiao/Tool/gcc-arm-none-eabi-7-2017-q4-major/bin/../lib/gcc/arm-none-eabi/7.2.1/../../../../arm-none-eabi/lib/thumb/v6-m/libc_nano.a(lib_a-findfp.o)
 .debug_frame   0x00000000000026ac       0x58 /home/xiao/Tool/gcc-arm-none-eabi-7-2017-q4-major/bin/../lib/gcc/arm-none-eabi/7.2.1/../../../../arm-none-eabi/lib/thumb/v6-m/libc_nano.a(lib_a-fwalk.o)
 .debug_frame   0x0000000000002704       0x54 /home/xiao/Tool/gcc-arm-none-eabi-7-2017-q4-major/bin/../lib/gcc/arm-none-eabi/7.2.1/../../../../arm-none-eabi/lib/thumb/v6-m/libc_nano.a(lib_a-makebuf.o)
 .debug_frame   0x0000000000002758       0x2c /home/xiao/Tool/gcc-arm-none-eabi-7-2017-q4-major/bin/../lib/gcc/arm-none-eabi/7.2.1/../../../../arm-none-eabi/lib/thumb/v6-m/libc_nano.a(lib_a-nano-freer.o)
 .debug_frame   0x0000000000002784       0x2c /home/xiao/Tool/gcc-arm-none-eabi-7-2017-q4-major/bin/../lib/gcc/arm-none-eabi/7.2.1/../../../../arm-none-eabi/lib/thumb/v6-m/libc_nano.a(lib_a-nano-mallocr.o)
 .debug_frame   0x00000000000027b0       0x2c /home/xiao/Tool/gcc-arm-none-eabi-7-2017-q4-major/bin/../lib/gcc/arm-none-eabi/7.2.1/../../../../arm-none-eabi/lib/thumb/v6-m/libc_nano.a(lib_a-sbrkr.o)
 .debug_frame   0x00000000000027dc       0x90 /home/xiao/Tool/gcc-arm-none-eabi-7-2017-q4-major/bin/../lib/gcc/arm-none-eabi/7.2.1/../../../../arm-none-eabi/lib/thumb/v6-m/libc_nano.a(lib_a-stdio.o)
 .debug_frame   0x000000000000286c       0x2c /home/xiao/Tool/gcc-arm-none-eabi-7-2017-q4-major/bin/../lib/gcc/arm-none-eabi/7.2.1/../../../../arm-none-eabi/lib/thumb/v6-m/libc_nano.a(lib_a-writer.o)
 .debug_frame   0x0000000000002898       0x2c /home/xiao/Tool/gcc-arm-none-eabi-7-2017-q4-major/bin/../lib/gcc/arm-none-eabi/7.2.1/../../../../arm-none-eabi/lib/thumb/v6-m/libc_nano.a(lib_a-closer.o)
 .debug_frame   0x00000000000028c4       0x2c /home/xiao/Tool/gcc-arm-none-eabi-7-2017-q4-major/bin/../lib/gcc/arm-none-eabi/7.2.1/../../../../arm-none-eabi/lib/thumb/v6-m/libc_nano.a(lib_a-fstatr.o)
 .debug_frame   0x00000000000028f0       0x2c /home/xiao/Tool/gcc-arm-none-eabi-7-2017-q4-major/bin/../lib/gcc/arm-none-eabi/7.2.1/../../../../arm-none-eabi/lib/thumb/v6-m/libc_nano.a(lib_a-isattyr.o)
 .debug_frame   0x000000000000291c       0x2c /home/xiao/Tool/gcc-arm-none-eabi-7-2017-q4-major/bin/../lib/gcc/arm-none-eabi/7.2.1/../../../../arm-none-eabi/lib/thumb/v6-m/libc_nano.a(lib_a-lseekr.o)
 .debug_frame   0x0000000000002948       0x30 /home/xiao/Tool/gcc-arm-none-eabi-7-2017-q4-major/bin/../lib/gcc/arm-none-eabi/7.2.1/../../../../arm-none-eabi/lib/thumb/v6-m/libc_nano.a(lib_a-mlock.o)
 .debug_frame   0x0000000000002978       0x2c /home/xiao/Tool/gcc-arm-none-eabi-7-2017-q4-major/bin/../lib/gcc/arm-none-eabi/7.2.1/../../../../arm-none-eabi/lib/thumb/v6-m/libc_nano.a(lib_a-readr.o)
 .debug_frame   0x00000000000029a4       0x48 /home/xiao/Tool/gcc-arm-none-eabi-7-2017-q4-major/bin/../lib/gcc/arm-none-eabi/7.2.1/../../../../arm-none-eabi/lib/thumb/v6-m/libc_nano.a(lib_a-reent.o)
 .debug_frame   0x00000000000029ec       0x20 /home/xiao/Tool/gcc-arm-none-eabi-7-2017-q4-major/bin/../lib/gcc/arm-none-eabi/7.2.1/../../../../arm-none-eabi/lib/thumb/v6-m/libnosys.a(close.o)
 .debug_frame   0x0000000000002a0c       0x20 /home/xiao/Tool/gcc-arm-none-eabi-7-2017-q4-major/bin/../lib/gcc/arm-none-eabi/7.2.1/../../../../arm-none-eabi/lib/thumb/v6-m/libnosys.a(fstat.o)
 .debug_frame   0x0000000000002a2c       0x20 /home/xiao/Tool/gcc-arm-none-eabi-7-2017-q4-major/bin/../lib/gcc/arm-none-eabi/7.2.1/../../../../arm-none-eabi/lib/thumb/v6-m/libnosys.a(isatty.o)
 .debug_frame   0x0000000000002a4c       0x20 /home/xiao/Tool/gcc-arm-none-eabi-7-2017-q4-major/bin/../lib/gcc/arm-none-eabi/7.2.1/../../../../arm-none-eabi/lib/thumb/v6-m/libnosys.a(lseek.o)
 .debug_frame   0x0000000000002a6c       0x20 /home/xiao/Tool/gcc-arm-none-eabi-7-2017-q4-major/bin/../lib/gcc/arm-none-eabi/7.2.1/../../../../arm-none-eabi/lib/thumb/v6-m/libnosys.a(read.o)
 .debug_frame   0x0000000000002a8c       0x20 /home/xiao/Tool/gcc-arm-none-eabi-7-2017-q4-major/bin/../lib/gcc/arm-none-eabi/7.2.1/../../../../arm-none-eabi/lib/thumb/v6-m/libnosys.a(sbrk.o)
 .debug_frame   0x0000000000002aac       0x20 /home/xiao/Tool/gcc-arm-none-eabi-7-2017-q4-major/bin/../lib/gcc/arm-none-eabi/7.2.1/thumb/v6-m/libgcc.a(_udivsi3.o)
 .debug_frame   0x0000000000002acc       0x28 /home/xiao/Tool/gcc-arm-none-eabi-7-2017-q4-major/bin/../lib/gcc/arm-none-eabi/7.2.1/thumb/v6-m/libgcc.a(_fixunssfsi.o)
 .debug_frame   0x0000000000002af4       0x38 /home/xiao/Tool/gcc-arm-none-eabi-7-2017-q4-major/bin/../lib/gcc/arm-none-eabi/7.2.1/thumb/v6-m/libgcc.a(addsf3.o)
 .debug_frame   0x0000000000002b2c       0x3c /home/xiao/Tool/gcc-arm-none-eabi-7-2017-q4-major/bin/../lib/gcc/arm-none-eabi/7.2.1/thumb/v6-m/libgcc.a(divsf3.o)
 .debug_frame   0x0000000000002b68       0x3c /home/xiao/Tool/gcc-arm-none-eabi-7-2017-q4-major/bin/../lib/gcc/arm-none-eabi/7.2.1/thumb/v6-m/libgcc.a(mulsf3.o)
 .debug_frame   0x0000000000002ba4       0x38 /home/xiao/Tool/gcc-arm-none-eabi-7-2017-q4-major/bin/../lib/gcc/arm-none-eabi/7.2.1/thumb/v6-m/libgcc.a(subsf3.o)
 .debug_frame   0x0000000000002bdc       0x20 /home/xiao/Tool/gcc-arm-none-eabi-7-2017-q4-major/bin/../lib/gcc/arm-none-eabi/7.2.1/thumb/v6-m/libgcc.a(fixsfsi.o)
 .debug_frame   0x0000000000002bfc       0x2c /home/xiao/Tool/gcc-arm-none-eabi-7-2017-q4-major/bin/../lib/gcc/arm-none-eabi/7.2.1/thumb/v6-m/libgcc.a(floatsisf.o)
 .debug_frame   0x0000000000002c28       0x2c /home/xiao/Tool/gcc-arm-none-eabi-7-2017-q4-major/bin/../lib/gcc/arm-none-eabi/7.2.1/thumb/v6-m/libgcc.a(floatunsisf.o)
 .debug_frame   0x0000000000002c54       0x38 /home/xiao/Tool/gcc-arm-none-eabi-7-2017-q4-major/bin/../lib/gcc/arm-none-eabi/7.2.1/thumb/v6-m/libgcc.a(adddf3.o)
 .debug_frame   0x0000000000002c8c       0x3c /home/xiao/Tool/gcc-arm-none-eabi-7-2017-q4-major/bin/../lib/gcc/arm-none-eabi/7.2.1/thumb/v6-m/libgcc.a(muldf3.o)
 .debug_frame   0x0000000000002cc8       0x2c /home/xiao/Tool/gcc-arm-none-eabi-7-2017-q4-major/bin/../lib/gcc/arm-none-eabi/7.2.1/thumb/v6-m/libgcc.a(fixdfsi.o)
 .debug_frame   0x0000000000002cf4       0x2c /home/xiao/Tool/gcc-arm-none-eabi-7-2017-q4-major/bin/../lib/gcc/arm-none-eabi/7.2.1/thumb/v6-m/libgcc.a(floatsidf.o)
 .debug_frame   0x0000000000002d20       0x28 /home/xiao/Tool/gcc-arm-none-eabi-7-2017-q4-major/bin/../lib/gcc/arm-none-eabi/7.2.1/thumb/v6-m/libgcc.a(floatunsidf.o)
 .debug_frame   0x0000000000002d48       0x2c /home/xiao/Tool/gcc-arm-none-eabi-7-2017-q4-major/bin/../lib/gcc/arm-none-eabi/7.2.1/thumb/v6-m/libgcc.a(eqsf2.o)
 .debug_frame   0x0000000000002d74       0x2c /home/xiao/Tool/gcc-arm-none-eabi-7-2017-q4-major/bin/../lib/gcc/arm-none-eabi/7.2.1/thumb/v6-m/libgcc.a(gesf2.o)
 .debug_frame   0x0000000000002da0       0x2c /home/xiao/Tool/gcc-arm-none-eabi-7-2017-q4-major/bin/../lib/gcc/arm-none-eabi/7.2.1/thumb/v6-m/libgcc.a(lesf2.o)

.stab           0x0000000000000000       0x84
 .stab          0x0000000000000000       0x24 /home/xiao/Tool/gcc-arm-none-eabi-7-2017-q4-major/bin/../lib/gcc/arm-none-eabi/7.2.1/../../../../arm-none-eabi/lib/thumb/v6-m/libnosys.a(close.o)
 .stab          0x0000000000000024       0x18 /home/xiao/Tool/gcc-arm-none-eabi-7-2017-q4-major/bin/../lib/gcc/arm-none-eabi/7.2.1/../../../../arm-none-eabi/lib/thumb/v6-m/libnosys.a(fstat.o)
                                         0x24 (size before relaxing)
 .stab          0x000000000000003c       0x18 /home/xiao/Tool/gcc-arm-none-eabi-7-2017-q4-major/bin/../lib/gcc/arm-none-eabi/7.2.1/../../../../arm-none-eabi/lib/thumb/v6-m/libnosys.a(isatty.o)
                                         0x24 (size before relaxing)
 .stab          0x0000000000000054       0x18 /home/xiao/Tool/gcc-arm-none-eabi-7-2017-q4-major/bin/../lib/gcc/arm-none-eabi/7.2.1/../../../../arm-none-eabi/lib/thumb/v6-m/libnosys.a(lseek.o)
                                         0x24 (size before relaxing)
 .stab          0x000000000000006c       0x18 /home/xiao/Tool/gcc-arm-none-eabi-7-2017-q4-major/bin/../lib/gcc/arm-none-eabi/7.2.1/../../../../arm-none-eabi/lib/thumb/v6-m/libnosys.a(read.o)
                                         0x24 (size before relaxing)

.stabstr        0x0000000000000000      0x117
 .stabstr       0x0000000000000000      0x117 /home/xiao/Tool/gcc-arm-none-eabi-7-2017-q4-major/bin/../lib/gcc/arm-none-eabi/7.2.1/../../../../arm-none-eabi/lib/thumb/v6-m/libnosys.a(close.o)

Cross Reference Table

Symbol                                            File
ADC1_IRQHandler                                   build/startup_stm32f030x6.o
AHBPrescTable                                     build/system_stm32f0xx.o
                                                  build/stm32f0xx_hal_rcc.o
APBPrescTable                                     build/system_stm32f0xx.o
                                                  build/stm32f0xx_hal_rcc.o
DMA1_Channel1_IRQHandler                          build/startup_stm32f030x6.o
DMA1_Channel2_3_IRQHandler                        build/startup_stm32f030x6.o
DMA1_Channel4_5_IRQHandler                        build/startup_stm32f030x6.o
Default_Handler                                   build/startup_stm32f030x6.o
EEPROM_CheckOk                                    build/iic.o
                                                  build/main.o
EEPROM_ReadBytes                                  build/iic.o
                                                  build/at24cxx.o
EEPROM_WriteBytes                                 build/iic.o
                                                  build/at24cxx.o
EXTI0_1_IRQHandler                                build/startup_stm32f030x6.o
EXTI2_3_IRQHandler                                build/startup_stm32f030x6.o
EXTI4_15_IRQHandler                               build/ec11.o
FLASH_IRQHandler                                  build/startup_stm32f030x6.o
FLASH_PageErase                                   build/stm32f0xx_hal_flash_ex.o
                                                  build/stm32f0xx_hal_flash.o
FLASH_WaitForLastOperation                        build/stm32f0xx_hal_flash.o
                                                  build/stm32f0xx_hal_flash_ex.o
HAL_ADCEx_Calibration_Start                       build/stm32f0xx_hal_adc_ex.o
HAL_ADC_AnalogWDGConfig                           build/stm32f0xx_hal_adc.o
HAL_ADC_ConfigChannel                             build/stm32f0xx_hal_adc.o
                                                  build/adc.o
HAL_ADC_ConvCpltCallback                          build/stm32f0xx_hal_adc.o
HAL_ADC_ConvHalfCpltCallback                      build/stm32f0xx_hal_adc.o
HAL_ADC_DeInit                                    build/stm32f0xx_hal_adc.o
HAL_ADC_ErrorCallback                             build/stm32f0xx_hal_adc.o
HAL_ADC_GetError                                  build/stm32f0xx_hal_adc.o
HAL_ADC_GetState                                  build/stm32f0xx_hal_adc.o
HAL_ADC_GetValue                                  build/stm32f0xx_hal_adc.o
HAL_ADC_IRQHandler                                build/stm32f0xx_hal_adc.o
HAL_ADC_Init                                      build/stm32f0xx_hal_adc.o
                                                  build/adc.o
HAL_ADC_LevelOutOfWindowCallback                  build/stm32f0xx_hal_adc.o
HAL_ADC_MspDeInit                                 build/adc.o
HAL_ADC_MspInit                                   build/adc.o
HAL_ADC_PollForConversion                         build/stm32f0xx_hal_adc.o
HAL_ADC_PollForEvent                              build/stm32f0xx_hal_adc.o
HAL_ADC_Start                                     build/stm32f0xx_hal_adc.o
                                                  build/main.o
HAL_ADC_Start_DMA                                 build/stm32f0xx_hal_adc.o
HAL_ADC_Start_IT                                  build/stm32f0xx_hal_adc.o
HAL_ADC_Stop                                      build/stm32f0xx_hal_adc.o
HAL_ADC_Stop_DMA                                  build/stm32f0xx_hal_adc.o
HAL_ADC_Stop_IT                                   build/stm32f0xx_hal_adc.o
HAL_DBGMCU_DisableDBGStandbyMode                  build/stm32f0xx_hal.o
HAL_DBGMCU_DisableDBGStopMode                     build/stm32f0xx_hal.o
HAL_DBGMCU_EnableDBGStandbyMode                   build/stm32f0xx_hal.o
HAL_DBGMCU_EnableDBGStopMode                      build/stm32f0xx_hal.o
HAL_DMA_Abort                                     build/stm32f0xx_hal_dma.o
                                                  build/stm32f0xx_hal_uart.o
                                                  build/stm32f0xx_hal_tim.o
                                                  build/stm32f0xx_hal_adc.o
HAL_DMA_Abort_IT                                  build/stm32f0xx_hal_dma.o
                                                  build/stm32f0xx_hal_i2c.o
                                                  build/stm32f0xx_hal_uart.o
HAL_DMA_DeInit                                    build/stm32f0xx_hal_dma.o
HAL_DMA_GetError                                  build/stm32f0xx_hal_dma.o
HAL_DMA_GetState                                  build/stm32f0xx_hal_dma.o
HAL_DMA_IRQHandler                                build/stm32f0xx_hal_dma.o
HAL_DMA_Init                                      build/stm32f0xx_hal_dma.o
HAL_DMA_PollForTransfer                           build/stm32f0xx_hal_dma.o
HAL_DMA_RegisterCallback                          build/stm32f0xx_hal_dma.o
HAL_DMA_Start                                     build/stm32f0xx_hal_dma.o
HAL_DMA_Start_IT                                  build/stm32f0xx_hal_dma.o
                                                  build/stm32f0xx_hal_i2c.o
                                                  build/stm32f0xx_hal_uart.o
                                                  build/stm32f0xx_hal_tim_ex.o
                                                  build/stm32f0xx_hal_tim.o
                                                  build/stm32f0xx_hal_adc.o
HAL_DMA_UnRegisterCallback                        build/stm32f0xx_hal_dma.o
HAL_DeInit                                        build/stm32f0xx_hal.o
HAL_Delay                                         build/stm32f0xx_hal.o
HAL_FLASHEx_Erase                                 build/stm32f0xx_hal_flash_ex.o
HAL_FLASHEx_Erase_IT                              build/stm32f0xx_hal_flash_ex.o
HAL_FLASHEx_OBErase                               build/stm32f0xx_hal_flash_ex.o
HAL_FLASHEx_OBGetConfig                           build/stm32f0xx_hal_flash_ex.o
HAL_FLASHEx_OBGetUserData                         build/stm32f0xx_hal_flash_ex.o
HAL_FLASHEx_OBProgram                             build/stm32f0xx_hal_flash_ex.o
HAL_FLASH_EndOfOperationCallback                  build/stm32f0xx_hal_flash.o
HAL_FLASH_GetError                                build/stm32f0xx_hal_flash.o
HAL_FLASH_IRQHandler                              build/stm32f0xx_hal_flash.o
HAL_FLASH_Lock                                    build/stm32f0xx_hal_flash.o
HAL_FLASH_OB_Launch                               build/stm32f0xx_hal_flash.o
HAL_FLASH_OB_Lock                                 build/stm32f0xx_hal_flash.o
HAL_FLASH_OB_Unlock                               build/stm32f0xx_hal_flash.o
HAL_FLASH_OperationErrorCallback                  build/stm32f0xx_hal_flash.o
HAL_FLASH_Program                                 build/stm32f0xx_hal_flash.o
HAL_FLASH_Program_IT                              build/stm32f0xx_hal_flash.o
HAL_FLASH_Unlock                                  build/stm32f0xx_hal_flash.o
HAL_GPIO_DeInit                                   build/stm32f0xx_hal_gpio.o
                                                  build/adc.o
                                                  build/usart.o
HAL_GPIO_EXTI_Callback                            build/stm32f0xx_hal_gpio.o
HAL_GPIO_EXTI_IRQHandler                          build/stm32f0xx_hal_gpio.o
HAL_GPIO_Init                                     build/stm32f0xx_hal_gpio.o
                                                  build/stm32f0xx_hal_rcc.o
                                                  build/iic.o
                                                  build/gpio.o
                                                  build/tim.o
                                                  build/adc.o
                                                  build/usart.o
HAL_GPIO_LockPin                                  build/stm32f0xx_hal_gpio.o
HAL_GPIO_ReadPin                                  build/stm32f0xx_hal_gpio.o
                                                  build/iic.o
HAL_GPIO_TogglePin                                build/stm32f0xx_hal_gpio.o
HAL_GPIO_WritePin                                 build/stm32f0xx_hal_gpio.o
                                                  build/iic.o
                                                  build/gpio.o
HAL_GetDEVID                                      build/stm32f0xx_hal.o
HAL_GetHalVersion                                 build/stm32f0xx_hal.o
HAL_GetREVID                                      build/stm32f0xx_hal.o
HAL_GetTick                                       build/stm32f0xx_hal.o
                                                  build/stm32f0xx_hal_rcc_ex.o
                                                  build/stm32f0xx_hal_i2c.o
                                                  build/stm32f0xx_hal_uart.o
                                                  build/stm32f0xx_hal_adc_ex.o
                                                  build/stm32f0xx_hal_dma.o
                                                  build/stm32f0xx_hal_flash.o
                                                  build/stm32f0xx_hal_rcc.o
                                                  build/stm32f0xx_hal_adc.o
HAL_GetUIDw0                                      build/stm32f0xx_hal.o
HAL_GetUIDw1                                      build/stm32f0xx_hal.o
HAL_GetUIDw2                                      build/stm32f0xx_hal.o
HAL_HalfDuplex_EnableReceiver                     build/stm32f0xx_hal_uart.o
HAL_HalfDuplex_EnableTransmitter                  build/stm32f0xx_hal_uart.o
HAL_HalfDuplex_Init                               build/stm32f0xx_hal_uart.o