Archive member included to satisfy reference by file (symbol)

/home/xiao/Tool/gcc-arm-none-eabi-7-2017-q4-major/bin/../lib/gcc/arm-none-eabi/7.2.1/../../../../arm-none-eabi/lib/thumb/v6-m/libc_nano.a(lib_a-atoi.o)
                              build/at24cxx.o (atoi)
/home/xiao/Tool/gcc-arm-none-eabi-7-2017-q4-major/bin/../lib/gcc/arm-none-eabi/7.2.1/../../../../arm-none-eabi/lib/thumb/v6-m/libc_nano.a(lib_a-exit.o)
                              /home/xiao/Tool/gcc-arm-none-eabi-7-2017-q4-major/bin/../lib/gcc/arm-none-eabi/7.2.1/../../../../arm-none-eabi/lib/thumb/v6-m/crt0.o (exit)
/home/xiao/Tool/gcc-arm-none-eabi-7-2017-q4-major/bin/../lib/gcc/arm-none-eabi/7.2.1/../../../../arm-none-eabi/lib/thumb/v6-m/libc_nano.a(lib_a-impure.o)
                              /home/xiao/Tool/gcc-arm-none-eabi-7-2017-q4-major/bin/../lib/gcc/arm-none-eabi/7.2.1/../../../../arm-none-eabi/lib/thumb/v6-m/libc_nano.a(lib_a-exit.o) (_global_impure_ptr)
/home/xiao/Tool/gcc-arm-none-eabi-7-2017-q4-major/bin/../lib/gcc/arm-none-eabi/7.2.1/../../../../arm-none-eabi/lib/thumb/v6-m/libc_nano.a(lib_a-init.o)
                              /home/xiao/Tool/gcc-arm-none-eabi-7-2017-q4-major/bin/../lib/gcc/arm-none-eabi/7.2.1/../../../../arm-none-eabi/lib/thumb/v6-m/crt0.o (__libc_init_array)
/home/xiao/Tool/gcc-arm-none-eabi-7-2017-q4-major/bin/../lib/gcc/arm-none-eabi/7.2.1/../../../../arm-none-eabi/lib/thumb/v6-m/libc_nano.a(lib_a-itoa.o)
                              build/at24cxx.o (itoa)
/home/xiao/Tool/gcc-arm-none-eabi-7-2017-q4-major/bin/../lib/gcc/arm-none-eabi/7.2.1/../../../../arm-none-eabi/lib/thumb/v6-m/libc_nano.a(lib_a-memset.o)
                              /home/xiao/Tool/gcc-arm-none-eabi-7-2017-q4-major/bin/../lib/gcc/arm-none-eabi/7.2.1/../../../../arm-none-eabi/lib/thumb/v6-m/crt0.o (memset)
/home/xiao/Tool/gcc-arm-none-eabi-7-2017-q4-major/bin/../lib/gcc/arm-none-eabi/7.2.1/../../../../arm-none-eabi/lib/thumb/v6-m/libc_nano.a(lib_a-strtol.o)
                              /home/xiao/Tool/gcc-arm-none-eabi-7-2017-q4-major/bin/../lib/gcc/arm-none-eabi/7.2.1/../../../../arm-none-eabi/lib/thumb/v6-m/libc_nano.a(lib_a-atoi.o) (_strtol_r)
/home/xiao/Tool/gcc-arm-none-eabi-7-2017-q4-major/bin/../lib/gcc/arm-none-eabi/7.2.1/../../../../arm-none-eabi/lib/thumb/v6-m/libc_nano.a(lib_a-utoa.o)
                              /home/xiao/Tool/gcc-arm-none-eabi-7-2017-q4-major/bin/../lib/gcc/arm-none-eabi/7.2.1/../../../../arm-none-eabi/lib/thumb/v6-m/libc_nano.a(lib_a-itoa.o) (__utoa)
/home/xiao/Tool/gcc-arm-none-eabi-7-2017-q4-major/bin/../lib/gcc/arm-none-eabi/7.2.1/../../../../arm-none-eabi/lib/thumb/v6-m/libc_nano.a(lib_a-locale.o)
                              /home/xiao/Tool/gcc-arm-none-eabi-7-2017-q4-major/bin/../lib/gcc/arm-none-eabi/7.2.1/../../../../arm-none-eabi/lib/thumb/v6-m/libc_nano.a(lib_a-strtol.o) (__global_locale)
/home/xiao/Tool/gcc-arm-none-eabi-7-2017-q4-major/bin/../lib/gcc/arm-none-eabi/7.2.1/../../../../arm-none-eabi/lib/thumb/v6-m/libc_nano.a(lib_a-mbtowc_r.o)
                              /home/xiao/Tool/gcc-arm-none-eabi-7-2017-q4-major/bin/../lib/gcc/arm-none-eabi/7.2.1/../../../../arm-none-eabi/lib/thumb/v6-m/libc_nano.a(lib_a-locale.o) (__ascii_mbtowc)
/home/xiao/Tool/gcc-arm-none-eabi-7-2017-q4-major/bin/../lib/gcc/arm-none-eabi/7.2.1/../../../../arm-none-eabi/lib/thumb/v6-m/libc_nano.a(lib_a-memcpy-stub.o)
                              /home/xiao/Tool/gcc-arm-none-eabi-7-2017-q4-major/bin/../lib/gcc/arm-none-eabi/7.2.1/../../../../arm-none-eabi/lib/thumb/v6-m/libc_nano.a(lib_a-utoa.o) (memcpy)
/home/xiao/Tool/gcc-arm-none-eabi-7-2017-q4-major/bin/../lib/gcc/arm-none-eabi/7.2.1/../../../../arm-none-eabi/lib/thumb/v6-m/libc_nano.a(lib_a-strcmp.o)
                              /home/xiao/Tool/gcc-arm-none-eabi-7-2017-q4-major/bin/../lib/gcc/arm-none-eabi/7.2.1/../../../../arm-none-eabi/lib/thumb/v6-m/libc_nano.a(lib_a-locale.o) (strcmp)
/home/xiao/Tool/gcc-arm-none-eabi-7-2017-q4-major/bin/../lib/gcc/arm-none-eabi/7.2.1/../../../../arm-none-eabi/lib/thumb/v6-m/libc_nano.a(lib_a-wctomb_r.o)
                              /home/xiao/Tool/gcc-arm-none-eabi-7-2017-q4-major/bin/../lib/gcc/arm-none-eabi/7.2.1/../../../../arm-none-eabi/lib/thumb/v6-m/libc_nano.a(lib_a-locale.o) (__ascii_wctomb)
/home/xiao/Tool/gcc-arm-none-eabi-7-2017-q4-major/bin/../lib/gcc/arm-none-eabi/7.2.1/../../../../arm-none-eabi/lib/thumb/v6-m/libc_nano.a(lib_a-ctype_.o)
                              /home/xiao/Tool/gcc-arm-none-eabi-7-2017-q4-major/bin/../lib/gcc/arm-none-eabi/7.2.1/../../../../arm-none-eabi/lib/thumb/v6-m/libc_nano.a(lib_a-locale.o) (_ctype_)
/home/xiao/Tool/gcc-arm-none-eabi-7-2017-q4-major/bin/../lib/gcc/arm-none-eabi/7.2.1/../../../../arm-none-eabi/lib/thumb/v6-m/libnosys.a(_exit.o)
                              /home/xiao/Tool/gcc-arm-none-eabi-7-2017-q4-major/bin/../lib/gcc/arm-none-eabi/7.2.1/../../../../arm-none-eabi/lib/thumb/v6-m/libc_nano.a(lib_a-exit.o) (_exit)
[...]
Memory Configuration

Name             Origin             Length             Attributes
RAM              0x0000000020000000 0x0000000000001000 xrw
FLASH            0x0000000008000000 0x0000000000008000 xr
*default*        0x0000000000000000 0xffffffffffffffff

Linker script and memory map

LOAD /home/xiao/Tool/gcc-arm-none-eabi-7-2017-q4-major/bin/../lib/gcc/arm-none-eabi/7.2.1/thumb/v6-m/crti.o
LOAD /home/xiao/Tool/gcc-arm-none-eabi-7-2017-q4-major/bin/../lib/gcc/arm-none-eabi/7.2.1/thumb/v6-m/crtbegin.o
LOAD /home/xiao/Tool/gcc-arm-none-eabi-7-2017-q4-major/bin/../lib/gcc/arm-none-eabi/7.2.1/../../../../arm-none-eabi/lib/thumb/v6-m/crt0.o
LOAD build/stm32f0xx_hal_msp.o
LOAD build/usart.o
LOAD build/adc.o
LOAD build/tim.o
LOAD build/main.o
LOAD build/stm32f0xx_it.o
LOAD build/gpio.o
LOAD build/system_stm32f0xx.o
LOAD build/hc595.o
LOAD build/ec11.o
LOAD build/table.o
LOAD build/iic.o
LOAD build/at24cxx.o
LOAD build/stm32f0xx_hal_cortex.o
LOAD build/stm32f0xx_hal.o
LOAD build/stm32f0xx_hal_pwr.o
LOAD build/stm32f0xx_hal_adc.o
LOAD build/stm32f0xx_hal_uart_ex.o
LOAD build/stm32f0xx_hal_rcc.o
LOAD build/stm32f0xx_hal_flash.o
LOAD build/stm32f0xx_hal_tim.o
LOAD build/stm32f0xx_hal_flash_ex.o
LOAD build/stm32f0xx_hal_dma.o
LOAD build/stm32f0xx_hal_adc_ex.o
LOAD build/stm32f0xx_hal_tim_ex.o
LOAD build/stm32f0xx_hal_i2c_ex.o
LOAD build/stm32f0xx_hal_uart.o
LOAD build/stm32f0xx_hal_pwr_ex.o
LOAD build/stm32f0xx_hal_i2c.o
LOAD build/stm32f0xx_hal_rcc_ex.o
LOAD build/stm32f0xx_hal_gpio.o
LOAD build/startup_stm32f030x6.o
LOAD /home/xiao/Tool/gcc-arm-none-eabi-7-2017-q4-major/bin/../lib/gcc/arm-none-eabi/7.2.1/../../../../arm-none-eabi/lib/thumb/v6-m/libc_nano.a
LOAD /home/xiao/Tool/gcc-arm-none-eabi-7-2017-q4-major/bin/../lib/gcc/arm-none-eabi/7.2.1/../../../../arm-none-eabi/lib/thumb/v6-m/libm.a
LOAD /home/xiao/Tool/gcc-arm-none-eabi-7-2017-q4-major/bin/../lib/gcc/arm-none-eabi/7.2.1/../../../../arm-none-eabi/lib/thumb/v6-m/libnosys.a
START GROUP
LOAD /home/xiao/Tool/gcc-arm-none-eabi-7-2017-q4-major/bin/../lib/gcc/arm-none-eabi/7.2.1/thumb/v6-m/libgcc.a
LOAD /home/xiao/Tool/gcc-arm-none-eabi-7-2017-q4-major/bin/../lib/gcc/arm-none-eabi/7.2.1/../../../../arm-none-eabi/lib/thumb/v6-m/libc_nano.a
END GROUP
START GROUP
LOAD /home/xiao/Tool/gcc-arm-none-eabi-7-2017-q4-major/bin/../lib/gcc/arm-none-eabi/7.2.1/thumb/v6-m/libgcc.a
LOAD /home/xiao/Tool/gcc-arm-none-eabi-7-2017-q4-major/bin/../lib/gcc/arm-none-eabi/7.2.1/../../../../arm-none-eabi/lib/thumb/v6-m/libc_nano.a
END GROUP
LOAD /home/xiao/Tool/gcc-arm-none-eabi-7-2017-q4-major/bin/../lib/gcc/arm-none-eabi/7.2.1/thumb/v6-m/crtend.o
LOAD /home/xiao/Tool/gcc-arm-none-eabi-7-2017-q4-major/bin/../lib/gcc/arm-none-eabi/7.2.1/thumb/v6-m/crtn.o
                0x0000000020001000                _estack = 0x20001000
                0x0000000000000200                _Min_Heap_Size = 0x200
                0x0000000000000400                _Min_Stack_Size = 0x400

.isr_vector     0x0000000008000000       0xc0
                0x0000000008000000                . = ALIGN (0x4)
 *(.isr_vector)
 .isr_vector    0x0000000008000000       0xc0 build/startup_stm32f030x6.o
                0x0000000008000000                g_pfnVectors
                0x00000000080000c0                . = ALIGN (0x4)

.text           0x00000000080000c0     0x477c
                0x00000000080000c0                . = ALIGN (0x4)
 *(.text)
 .text          0x00000000080000c0       0x48 /home/xiao/Tool/gcc-arm-none-eabi-7-2017-q4-major/bin/../lib/gcc/arm-none-eabi/7.2.1/thumb/v6-m/crtbegin.o
 .text          0x0000000008000108      0x114 /home/xiao/Tool/gcc-arm-none-eabi-7-2017-q4-major/bin/../lib/gcc/arm-none-eabi/7.2.1/thumb/v6-m/libgcc.a(_udivsi3.o)
                0x0000000008000108                __udivsi3
                0x0000000008000108                __aeabi_uidiv
                0x0000000008000214                __aeabi_uidivmod
 .text          0x000000000800021c        0x4 /home/xiao/Tool/gcc-arm-none-eabi-7-2017-q4-major/bin/../lib/gcc/arm-none-eabi/7.2.1/thumb/v6-m/libgcc.a(_dvmd_tls.o)
                0x000000000800021c                __aeabi_ldiv0
                0x000000000800021c                __aeabi_idiv0
 .text          0x0000000008000220       0x30 /home/xiao/Tool/gcc-arm-none-eabi-7-2017-q4-major/bin/../lib/gcc/arm-none-eabi/7.2.1/thumb/v6-m/libgcc.a(_fixunssfsi.o)
                0x0000000008000220                __aeabi_f2uiz
                0x0000000008000220                __fixunssfsi
 .text          0x0000000008000250      0x334 /home/xiao/Tool/gcc-arm-none-eabi-7-2017-q4-major/bin/../lib/gcc/arm-none-eabi/7.2.1/thumb/v6-m/libgcc.a(addsf3.o)
                0x0000000008000250                __aeabi_fadd
 .text          0x0000000008000584      0x224 /home/xiao/Tool/gcc-arm-none-eabi-7-2017-q4-major/bin/../lib/gcc/arm-none-eabi/7.2.1/thumb/v6-m/libgcc.a(divsf3.o)
                0x0000000008000584                __aeabi_fdiv
 .text          0x00000000080007a8      0x264 /home/xiao/Tool/gcc-arm-none-eabi-7-2017-q4-major/bin/../lib/gcc/arm-none-eabi/7.2.1/thumb/v6-m/libgcc.a(mulsf3.o)
                0x00000000080007a8                __aeabi_fmul
 .text          0x0000000008000a0c      0x388 /home/xiao/Tool/gcc-arm-none-eabi-7-2017-q4-major/bin/../lib/gcc/arm-none-eabi/7.2.1/thumb/v6-m/libgcc.a(subsf3.o)
                0x0000000008000a0c                __aeabi_fsub
 .text          0x0000000008000d94       0x40 /home/xiao/Tool/gcc-arm-none-eabi-7-2017-q4-major/bin/../lib/gcc/arm-none-eabi/7.2.1/thumb/v6-m/libgcc.a(fixsfsi.o)
                0x0000000008000d94                __aeabi_f2iz
 .text          0x0000000008000dd4       0x94 /home/xiao/Tool/gcc-arm-none-eabi-7-2017-q4-major/bin/../lib/gcc/arm-none-eabi/7.2.1/thumb/v6-m/libgcc.a(floatsisf.o)
                0x0000000008000dd4                __aeabi_i2f
 .text          0x0000000008000e68       0x80 /home/xiao/Tool/gcc-arm-none-eabi-7-2017-q4-major/bin/../lib/gcc/arm-none-eabi/7.2.1/thumb/v6-m/libgcc.a(floatunsisf.o)
                0x0000000008000e68                __aeabi_ui2f
 .text          0x0000000008000ee8      0x638 /home/xiao/Tool/gcc-arm-none-eabi-7-2017-q4-major/bin/../lib/gcc/arm-none-eabi/7.2.1/thumb/v6-m/libgcc.a(adddf3.o)
                0x0000000008000ee8                __aeabi_dadd
 .text          0x0000000008001520      0x4e4 /home/xiao/Tool/gcc-arm-none-eabi-7-2017-q4-major/bin/../lib/gcc/arm-none-eabi/7.2.1/thumb/v6-m/libgcc.a(muldf3.o)
                0x0000000008001520                __aeabi_dmul
 .text          0x0000000008001a04       0x6c /home/xiao/Tool/gcc-arm-none-eabi-7-2017-q4-major/bin/../lib/gcc/arm-none-eabi/7.2.1/thumb/v6-m/libgcc.a(fixdfsi.o)
                0x0000000008001a04                __aeabi_d2iz
 .text          0x0000000008001a70       0x74 /home/xiao/Tool/gcc-arm-none-eabi-7-2017-q4-major/bin/../lib/gcc/arm-none-eabi/7.2.1/thumb/v6-m/libgcc.a(floatsidf.o)
                0x0000000008001a70                __aeabi_i2d
 .text          0x0000000008001ae4       0x64 /home/xiao/Tool/gcc-arm-none-eabi-7-2017-q4-major/bin/../lib/gcc/arm-none-eabi/7.2.1/thumb/v6-m/libgcc.a(floatunsidf.o)
                0x0000000008001ae4                __aeabi_ui2d
 .text          0x0000000008001b48       0x74 /home/xiao/Tool/gcc-arm-none-eabi-7-2017-q4-major/bin/../lib/gcc/arm-none-eabi/7.2.1/thumb/v6-m/libgcc.a(_arm_cmpsf2.o)
                0x0000000008001b48                __aeabi_cfrcmple
                0x0000000008001b50                __aeabi_cfcmple
                0x0000000008001b50                __aeabi_cfcmpeq
                0x0000000008001b60                __aeabi_fcmpeq
                0x0000000008001b6c                __aeabi_fcmplt
                0x0000000008001b80                __aeabi_fcmple
                0x0000000008001b94                __aeabi_fcmpgt
                0x0000000008001ba8                __aeabi_fcmpge
 .text          0x0000000008001bbc       0x3c /home/xiao/Tool/gcc-arm-none-eabi-7-2017-q4-major/bin/../lib/gcc/arm-none-eabi/7.2.1/thumb/v6-m/libgcc.a(_clzsi2.o)
                0x0000000008001bbc                __clzsi2
 .text          0x0000000008001bf8       0x50 /home/xiao/Tool/gcc-arm-none-eabi-7-2017-q4-major/bin/../lib/gcc/arm-none-eabi/7.2.1/thumb/v6-m/libgcc.a(eqsf2.o)
                0x0000000008001bf8                __nesf2
                0x0000000008001bf8                __eqsf2
 .text          0x0000000008001c48       0x9c /home/xiao/Tool/gcc-arm-none-eabi-7-2017-q4-major/bin/../lib/gcc/arm-none-eabi/7.2.1/thumb/v6-m/libgcc.a(gesf2.o)
                0x0000000008001c48                __gtsf2
                0x0000000008001c48                __gesf2
 .text          0x0000000008001ce4       0xa0 /home/xiao/Tool/gcc-arm-none-eabi-7-2017-q4-major/bin/../lib/gcc/arm-none-eabi/7.2.1/thumb/v6-m/libgcc.a(lesf2.o)
                0x0000000008001ce4                __lesf2
                0x0000000008001ce4                __ltsf2
 *(.text*)
 .text.HAL_MspInit
                0x0000000008001d84       0x44 build/stm32f0xx_hal_msp.o
                0x0000000008001d84                HAL_MspInit
 .text.MX_USART1_UART_Init
                0x0000000008001dc8       0x44 build/usart.o
                0x0000000008001dc8                MX_USART1_UART_Init
 .text.HAL_UART_MspInit
                0x0000000008001e0c       0x5c build/usart.o
                0x0000000008001e0c                HAL_UART_MspInit
 .text.MX_ADC_Init
                0x0000000008001e68       0x78 build/adc.o
                0x0000000008001e68                MX_ADC_Init
 .text.HAL_ADC_MspInit
                0x0000000008001ee0       0x48 build/adc.o
                0x0000000008001ee0                HAL_ADC_MspInit
 .text.HAL_TIM_PWM_MspInit
                0x0000000008001f28       0x2c build/tim.o
                0x0000000008001f28                HAL_TIM_PWM_MspInit
 .text.HAL_TIM_MspPostInit
                0x0000000008001f54       0x34 build/tim.o
                0x0000000008001f54                HAL_TIM_MspPostInit
 .text.MX_TIM3_Init
                0x0000000008001f88       0x8c build/tim.o
                0x0000000008001f88                MX_TIM3_Init
 .text.Task_main
                0x0000000008002014       0x88 build/main.o
                0x0000000008002014                Task_main
 .text.HAL_SYSTICK_Callback
                0x000000000800209c       0x28 build/main.o
                0x000000000800209c                HAL_SYSTICK_Callback
 .text._Error_Handler
                0x00000000080020c4        0x2 build/main.o
                0x00000000080020c4                _Error_Handler
 *fill*         0x00000000080020c6        0x2 
 .text.SystemClock_Config
                0x00000000080020c8       0x98 build/main.o
                0x00000000080020c8                SystemClock_Config
 .text.main     0x0000000008002160       0x54 build/main.o
                0x0000000008002160                main
 .text.NMI_Handler
                0x00000000080021b4        0x2 build/stm32f0xx_it.o
                0x00000000080021b4                NMI_Handler
 .text.HardFault_Handler
                0x00000000080021b6        0x2 build/stm32f0xx_it.o
                0x00000000080021b6                HardFault_Handler
 .text.SVC_Handler
                0x00000000080021b8        0x2 build/stm32f0xx_it.o
                0x00000000080021b8                SVC_Handler
 .text.PendSV_Handler
                0x00000000080021ba        0x2 build/stm32f0xx_it.o
                0x00000000080021ba                PendSV_Handler
 .text.SysTick_Handler
                0x00000000080021bc        0xc build/stm32f0xx_it.o
                0x00000000080021bc                SysTick_Handler
 .text.USART1_IRQHandler
                0x00000000080021c8       0x10 build/stm32f0xx_it.o
                0x00000000080021c8                USART1_IRQHandler
 .text.MX_GPIO_Init
                0x00000000080021d8       0xfc build/gpio.o
                0x00000000080021d8                MX_GPIO_Init
 .text.SystemInit
                0x00000000080022d4       0x60 build/system_stm32f0xx.o
                0x00000000080022d4                SystemInit
 .text.hc595_control
                0x0000000008002334       0x54 build/hc595.o
                0x0000000008002334                hc595_control
 .text.branches_bt
                0x0000000008002388       0xbc build/hc595.o
                0x0000000008002388                branches_bt
 .text.ec11_irq_handler
                0x0000000008002444       0x68 build/ec11.o
                0x0000000008002444                ec11_irq_handler
 .text.EXTI4_15_IRQHandler
                0x00000000080024ac        0x8 build/ec11.o
                0x00000000080024ac                EXTI4_15_IRQHandler
 .text.key_scanning
                0x00000000080024b4      0x11c build/ec11.o
                0x00000000080024b4                key_scanning
 .text.LinearValue
                0x00000000080025d0       0x38 build/table.o
                0x00000000080025d0                LinearValue
 .text.Temperature
                0x0000000008002608       0x80 build/table.o
                0x0000000008002608                Temperature
 .text.adc_entry
                0x0000000008002688       0xc4 build/table.o
                0x0000000008002688                adc_entry
 .text.adc_pid  0x000000000800274c      0x28c build/table.o
                0x000000000800274c                adc_pid
 .text.I2C_Start
                0x00000000080029d8       0x34 build/iic.o
                0x00000000080029d8                I2C_Start
 .text.I2C_Stop
                0x0000000008002a0c       0x28 build/iic.o
                0x0000000008002a0c                I2C_Stop
 .text.I2C_InitGPIO
                0x0000000008002a34       0x3c build/iic.o
 .text.I2C_SendByte
                0x0000000008002a70       0x5c build/iic.o
                0x0000000008002a70                I2C_SendByte
 .text.I2C_WaitAck
                0x0000000008002acc       0x3c build/iic.o
                0x0000000008002acc                I2C_WaitAck
 .text.I2C_Ack  0x0000000008002b08       0x34 build/iic.o
                0x0000000008002b08                I2C_Ack
 .text.I2C_NAck
                0x0000000008002b3c       0x28 build/iic.o
                0x0000000008002b3c                I2C_NAck
 .text.I2C_ReadByte
                0x0000000008002b64       0x54 build/iic.o
                0x0000000008002b64                I2C_ReadByte
 .text.I2C_CheckDevice
                0x0000000008002bb8       0x20 build/iic.o
                0x0000000008002bb8                I2C_CheckDevice
 .text.EEPROM_CheckOk
                0x0000000008002bd8       0x18 build/iic.o
                0x0000000008002bd8                EEPROM_CheckOk
 .text.AT24CXX_ReadOneByte
                0x0000000008002bf0       0x42 build/iic.o
                0x0000000008002bf0                AT24CXX_ReadOneByte
 .text.AT24CXX_WriteOneByte
                0x0000000008002c32       0x3c build/iic.o
                0x0000000008002c32                AT24CXX_WriteOneByte
 .text.AT24CXX_Read
                0x0000000008002c6e       0x22 build/iic.o
                0x0000000008002c6e                AT24CXX_Read
 .text.AT24CXX_Write
                0x0000000008002c90       0x22 build/iic.o
                0x0000000008002c90                AT24CXX_Write
 *fill*         0x0000000008002cb2        0x2 
 .text.at24c02_adc_write
                0x0000000008002cb4       0x38 build/at24cxx.o
                0x0000000008002cb4                at24c02_adc_write
 .text.at24c02_adc_read
                0x0000000008002cec       0x4c build/at24cxx.o
                0x0000000008002cec                at24c02_adc_read
 .text.HAL_NVIC_SetPriority
                0x0000000008002d38       0x60 build/stm32f0xx_hal_cortex.o
                0x0000000008002d38                HAL_NVIC_SetPriority
 .text.HAL_NVIC_EnableIRQ
                0x0000000008002d98       0x14 build/stm32f0xx_hal_cortex.o
                0x0000000008002d98                HAL_NVIC_EnableIRQ
 .text.HAL_SYSTICK_Config
                0x0000000008002dac       0x38 build/stm32f0xx_hal_cortex.o
                0x0000000008002dac                HAL_SYSTICK_Config
 .text.HAL_SYSTICK_CLKSourceConfig
                0x0000000008002de4       0x20 build/stm32f0xx_hal_cortex.o
                0x0000000008002de4                HAL_SYSTICK_CLKSourceConfig
 .text.HAL_SYSTICK_IRQHandler
                0x0000000008002e04        0x8 build/stm32f0xx_hal_cortex.o
                0x0000000008002e04                HAL_SYSTICK_IRQHandler
 .text.HAL_InitTick
                0x0000000008002e0c       0x24 build/stm32f0xx_hal.o
                0x0000000008002e0c                HAL_InitTick
 .text.HAL_Init
                0x0000000008002e30       0x20 build/stm32f0xx_hal.o
                0x0000000008002e30                HAL_Init
 .text.HAL_IncTick
                0x0000000008002e50       0x10 build/stm32f0xx_hal.o
                0x0000000008002e50                HAL_IncTick
 .text.HAL_GetTick
                0x0000000008002e60        0xc build/stm32f0xx_hal.o
                0x0000000008002e60                HAL_GetTick
 .text.HAL_Delay
                0x0000000008002e6c       0x22 build/stm32f0xx_hal.o
                0x0000000008002e6c                HAL_Delay
 *fill*         0x0000000008002e8e        0x2 
 .text.ADC_Enable
                0x0000000008002e90       0xa8 build/stm32f0xx_hal_adc.o
 .text.HAL_ADC_Init
                0x0000000008002f38      0x17c build/stm32f0xx_hal_adc.o
                0x0000000008002f38                HAL_ADC_Init
 .text.HAL_ADC_Start
                0x00000000080030b4       0x60 build/stm32f0xx_hal_adc.o
                0x00000000080030b4                HAL_ADC_Start
 .text.HAL_ADC_ConfigChannel
                0x0000000008003114      0x134 build/stm32f0xx_hal_adc.o
                0x0000000008003114                HAL_ADC_ConfigChannel
 .text.HAL_RCC_OscConfig
                0x0000000008003248      0x454 build/stm32f0xx_hal_rcc.o
                0x0000000008003248                HAL_RCC_OscConfig
 .text.HAL_RCC_GetSysClockFreq
                0x000000000800369c       0x70 build/stm32f0xx_hal_rcc.o
                0x000000000800369c                HAL_RCC_GetSysClockFreq
 .text.HAL_RCC_ClockConfig
                0x000000000800370c      0x154 build/stm32f0xx_hal_rcc.o
                0x000000000800370c                HAL_RCC_ClockConfig
 .text.HAL_RCC_GetHCLKFreq
                0x0000000008003860        0xc build/stm32f0xx_hal_rcc.o
                0x0000000008003860                HAL_RCC_GetHCLKFreq
 .text.HAL_RCC_GetPCLK1Freq
                0x000000000800386c       0x20 build/stm32f0xx_hal_rcc.o
                0x000000000800386c                HAL_RCC_GetPCLK1Freq
 .text.TIM_OC1_SetConfig
                0x000000000800388c       0x78 build/stm32f0xx_hal_tim.o
 .text.TIM_OC3_SetConfig
                0x0000000008003904       0x88 build/stm32f0xx_hal_tim.o
 .text.TIM_OC4_SetConfig
                0x000000000800398c       0x68 build/stm32f0xx_hal_tim.o
 .text.HAL_TIM_Base_Start
                0x00000000080039f4       0x18 build/stm32f0xx_hal_tim.o
                0x00000000080039f4                HAL_TIM_Base_Start
 .text.TIM_Base_SetConfig
                0x0000000008003a0c       0x84 build/stm32f0xx_hal_tim.o
                0x0000000008003a0c                TIM_Base_SetConfig
 .text.HAL_TIM_PWM_Init
                0x0000000008003a90       0x34 build/stm32f0xx_hal_tim.o
                0x0000000008003a90                HAL_TIM_PWM_Init
 .text.TIM_OC2_SetConfig
                0x0000000008003ac4       0x80 build/stm32f0xx_hal_tim.o
                0x0000000008003ac4                TIM_OC2_SetConfig
 .text.HAL_TIM_PWM_ConfigChannel
                0x0000000008003b44       0xec build/stm32f0xx_hal_tim.o
                0x0000000008003b44                HAL_TIM_PWM_ConfigChannel
 .text.TIM_CCxChannelCmd
                0x0000000008003c30       0x16 build/stm32f0xx_hal_tim.o
                0x0000000008003c30                TIM_CCxChannelCmd
 *fill*         0x0000000008003c46        0x2 
 .text.HAL_TIM_PWM_Start
                0x0000000008003c48       0x44 build/stm32f0xx_hal_tim.o
                0x0000000008003c48                HAL_TIM_PWM_Start
 .text.HAL_DMA_Abort_IT
                0x0000000008003c8c       0x4a build/stm32f0xx_hal_dma.o
                0x0000000008003c8c                HAL_DMA_Abort_IT
 .text.HAL_TIMEx_MasterConfigSynchronization
                0x0000000008003cd6       0x4c build/stm32f0xx_hal_tim_ex.o
                0x0000000008003cd6                HAL_TIMEx_MasterConfigSynchronization
 *fill*         0x0000000008003d22        0x2 
 .text.UART_EndRxTransfer
                0x0000000008003d24       0x24 build/stm32f0xx_hal_uart.o
 .text.HAL_UART_TxCpltCallback
                0x0000000008003d48        0x2 build/stm32f0xx_hal_uart.o
                0x0000000008003d48                HAL_UART_TxCpltCallback
 .text.HAL_UART_RxCpltCallback
                0x0000000008003d4a        0x2 build/stm32f0xx_hal_uart.o
                0x0000000008003d4a                HAL_UART_RxCpltCallback
 .text.HAL_UART_ErrorCallback
                0x0000000008003d4c        0x2 build/stm32f0xx_hal_uart.o
                0x0000000008003d4c                HAL_UART_ErrorCallback
 .text.UART_DMAAbortOnError
                0x0000000008003d4e       0x14 build/stm32f0xx_hal_uart.o
 *fill*         0x0000000008003d62        0x2 
 .text.UART_SetConfig
                0x0000000008003d64      0x1a0 build/stm32f0xx_hal_uart.o
                0x0000000008003d64                UART_SetConfig
 .text.UART_AdvFeatureConfig
                0x0000000008003f04       0xe0 build/stm32f0xx_hal_uart.o
                0x0000000008003f04                UART_AdvFeatureConfig
 .text.UART_CheckIdleState
                0x0000000008003fe4       0x16 build/stm32f0xx_hal_uart.o
                0x0000000008003fe4                UART_CheckIdleState
 *fill*         0x0000000008003ffa        0x2 
 .text.HAL_UART_Init
                0x0000000008003ffc       0x70 build/stm32f0xx_hal_uart.o
                0x0000000008003ffc                HAL_UART_Init
 .text.UART_Transmit_IT
                0x000000000800406c       0x6c build/stm32f0xx_hal_uart.o
                0x000000000800406c                UART_Transmit_IT
 .text.UART_EndTransmit_IT
                0x00000000080040d8       0x1a build/stm32f0xx_hal_uart.o
                0x00000000080040d8                UART_EndTransmit_IT
 *fill*         0x00000000080040f2        0x2 
 .text.UART_Receive_IT
                0x00000000080040f4       0x88 build/stm32f0xx_hal_uart.o
                0x00000000080040f4                UART_Receive_IT
 .text.HAL_UART_IRQHandler
                0x000000000800417c      0x124 build/stm32f0xx_hal_uart.o
                0x000000000800417c                HAL_UART_IRQHandler
 .text.HAL_RCCEx_PeriphCLKConfig
                0x00000000080042a0      0x118 build/stm32f0xx_hal_rcc_ex.o
                0x00000000080042a0                HAL_RCCEx_PeriphCLKConfig
 .text.HAL_GPIO_Init
                0x00000000080043b8      0x18c build/stm32f0xx_hal_gpio.o
                0x00000000080043b8                HAL_GPIO_Init
 .text.HAL_GPIO_ReadPin
                0x0000000008004544        0xe build/stm32f0xx_hal_gpio.o
                0x0000000008004544                HAL_GPIO_ReadPin
 .text.HAL_GPIO_WritePin
                0x0000000008004552        0xc build/stm32f0xx_hal_gpio.o
                0x0000000008004552                HAL_GPIO_WritePin
 *fill*         0x000000000800455e        0x2 
 .text.Reset_Handler
                0x0000000008004560       0x50 build/startup_stm32f030x6.o
                0x0000000008004560                Reset_Handler
 .text.Default_Handler
                0x00000000080045b0        0x2 build/startup_stm32f030x6.o
                0x00000000080045b0                TIM1_CC_IRQHandler
                0x00000000080045b0                I2C1_IRQHandler
                0x00000000080045b0                SPI1_IRQHandler
                0x00000000080045b0                EXTI2_3_IRQHandler
                0x00000000080045b0                ADC1_IRQHandler
                0x00000000080045b0                TIM17_IRQHandler
                0x00000000080045b0                RTC_IRQHandler
                0x00000000080045b0                TIM16_IRQHandler
                0x00000000080045b0                TIM3_IRQHandler
                0x00000000080045b0                RCC_IRQHandler
                0x00000000080045b0                DMA1_Channel1_IRQHandler
                0x00000000080045b0                Default_Handler
                0x00000000080045b0                TIM14_IRQHandler
                0x00000000080045b0                DMA1_Channel4_5_IRQHandler
                0x00000000080045b0                EXTI0_1_IRQHandler
                0x00000000080045b0                WWDG_IRQHandler
                0x00000000080045b0                DMA1_Channel2_3_IRQHandler
                0x00000000080045b0                FLASH_IRQHandler
                0x00000000080045b0                TIM1_BRK_UP_TRG_COM_IRQHandler
 .text.atoi     0x00000000080045b2        0xc /home/xiao/Tool/gcc-arm-none-eabi-7-2017-q4-major/bin/../lib/gcc/arm-none-eabi/7.2.1/../../../../arm-none-eabi/lib/thumb/v6-m/libc_nano.a(lib_a-atoi.o)
                0x00000000080045b2                atoi
 *fill*         0x00000000080045be        0x2 
 .text.__libc_init_array
                0x00000000080045c0       0x48 /home/xiao/Tool/gcc-arm-none-eabi-7-2017-q4-major/bin/../lib/gcc/arm-none-eabi/7.2.1/../../../../arm-none-eabi/lib/thumb/v6-m/libc_nano.a(lib_a-init.o)
                0x00000000080045c0                __libc_init_array
 .text.__itoa   0x0000000008004608       0x30 /home/xiao/Tool/gcc-arm-none-eabi-7-2017-q4-major/bin/../lib/gcc/arm-none-eabi/7.2.1/../../../../arm-none-eabi/lib/thumb/v6-m/libc_nano.a(lib_a-itoa.o)
                0x0000000008004608                __itoa
 .text.itoa     0x0000000008004638        0x8 /home/xiao/Tool/gcc-arm-none-eabi-7-2017-q4-major/bin/../lib/gcc/arm-none-eabi/7.2.1/../../../../arm-none-eabi/lib/thumb/v6-m/libc_nano.a(lib_a-itoa.o)
                0x0000000008004638                itoa
 .text._strtol_l.isra.0
                0x0000000008004640      0x104 /home/xiao/Tool/gcc-arm-none-eabi-7-2017-q4-major/bin/../lib/gcc/arm-none-eabi/7.2.1/../../../../arm-none-eabi/lib/thumb/v6-m/libc_nano.a(lib_a-strtol.o)
 .text.strtol   0x0000000008004744       0x28 /home/xiao/Tool/gcc-arm-none-eabi-7-2017-q4-major/bin/../lib/gcc/arm-none-eabi/7.2.1/../../../../arm-none-eabi/lib/thumb/v6-m/libc_nano.a(lib_a-strtol.o)
                0x0000000008004744                strtol
 .text.__utoa   0x000000000800476c       0x64 /home/xiao/Tool/gcc-arm-none-eabi-7-2017-q4-major/bin/../lib/gcc/arm-none-eabi/7.2.1/../../../../arm-none-eabi/lib/thumb/v6-m/libc_nano.a(lib_a-utoa.o)
                0x000000000800476c                __utoa
 .text.__locale_ctype_ptr_l
                0x00000000080047d0        0x6 /home/xiao/Tool/gcc-arm-none-eabi-7-2017-q4-major/bin/../lib/gcc/arm-none-eabi/7.2.1/../../../../arm-none-eabi/lib/thumb/v6-m/libc_nano.a(lib_a-locale.o)
                0x00000000080047d0                __locale_ctype_ptr_l
 .text.__ascii_mbtowc
                0x00000000080047d6       0x24 /home/xiao/Tool/gcc-arm-none-eabi-7-2017-q4-major/bin/../lib/gcc/arm-none-eabi/7.2.1/../../../../arm-none-eabi/lib/thumb/v6-m/libc_nano.a(lib_a-mbtowc_r.o)
                0x00000000080047d6                __ascii_mbtowc
 .text.memcpy   0x00000000080047fa       0x12 /home/xiao/Tool/gcc-arm-none-eabi-7-2017-q4-major/bin/../lib/gcc/arm-none-eabi/7.2.1/../../../../arm-none-eabi/lib/thumb/v6-m/libc_nano.a(lib_a-memcpy-stub.o)
                0x00000000080047fa                memcpy
 .text.__ascii_wctomb
                0x000000000800480c       0x18 /home/xiao/Tool/gcc-arm-none-eabi-7-2017-q4-major/bin/../lib/gcc/arm-none-eabi/7.2.1/../../../../arm-none-eabi/lib/thumb/v6-m/libc_nano.a(lib_a-wctomb_r.o)
                0x000000000800480c                __ascii_wctomb
 *(.glue_7)
 .glue_7        0x0000000008004824        0x0 linker stubs
 *(.glue_7t)
 .glue_7t       0x0000000008004824        0x0 linker stubs
 *(.eh_frame)
 .eh_frame      0x0000000008004824        0x0 /home/xiao/Tool/gcc-arm-none-eabi-7-2017-q4-major/bin/../lib/gcc/arm-none-eabi/7.2.1/thumb/v6-m/crtbegin.o
 *(.init)
 .init          0x0000000008004824        0x4 /home/xiao/Tool/gcc-arm-none-eabi-7-2017-q4-major/bin/../lib/gcc/arm-none-eabi/7.2.1/thumb/v6-m/crti.o
                0x0000000008004824                _init
 .init          0x0000000008004828        0x8 /home/xiao/Tool/gcc-arm-none-eabi-7-2017-q4-major/bin/../lib/gcc/arm-none-eabi/7.2.1/thumb/v6-m/crtn.o
 *(.fini)
 .fini          0x0000000008004830        0x4 /home/xiao/Tool/gcc-arm-none-eabi-7-2017-q4-major/bin/../lib/gcc/arm-none-eabi/7.2.1/thumb/v6-m/crti.o
                0x0000000008004830                _fini
 .fini          0x0000000008004834        0x8 /home/xiao/Tool/gcc-arm-none-eabi-7-2017-q4-major/bin/../lib/gcc/arm-none-eabi/7.2.1/thumb/v6-m/crtn.o
                0x000000000800483c                . = ALIGN (0x4)
                0x000000000800483c                _etext = .

.vfp11_veneer   0x000000000800483c        0x0
 .vfp11_veneer  0x000000000800483c        0x0 linker stubs

.v4_bx          0x000000000800483c        0x0
 .v4_bx         0x000000000800483c        0x0 linker stubs

.iplt           0x000000000800483c        0x0
 .iplt          0x000000000800483c        0x0 /home/xiao/Tool/gcc-arm-none-eabi-7-2017-q4-major/bin/../lib/gcc/arm-none-eabi/7.2.1/thumb/v6-m/crtbegin.o

.rodata         0x000000000800483c      0x2b0
                0x000000000800483c                . = ALIGN (0x4)
 *(.rodata)
 .rodata        0x000000000800483c       0x20 build/stm32f0xx_hal_rcc.o
 .rodata        0x000000000800485c       0x80 /home/xiao/Tool/gcc-arm-none-eabi-7-2017-q4-major/bin/../lib/gcc/arm-none-eabi/7.2.1/thumb/v6-m/libgcc.a(divsf3.o)
 .rodata        0x00000000080048dc       0x40 /home/xiao/Tool/gcc-arm-none-eabi-7-2017-q4-major/bin/../lib/gcc/arm-none-eabi/7.2.1/thumb/v6-m/libgcc.a(mulsf3.o)
 .rodata        0x000000000800491c       0x40 /home/xiao/Tool/gcc-arm-none-eabi-7-2017-q4-major/bin/../lib/gcc/arm-none-eabi/7.2.1/thumb/v6-m/libgcc.a(muldf3.o)
 *(.rodata*)
 .rodata.MX_USART1_UART_Init.str1.4
                0x000000000800495c        0xc build/usart.o
 .rodata.MX_ADC_Init.str1.4
                0x0000000008004968        0xa build/adc.o
 *fill*         0x0000000008004972        0x2 
 .rodata.MX_TIM3_Init.str1.4
                0x0000000008004974        0xa build/tim.o
 *fill*         0x000000000800497e        0x2 
 .rodata.SystemClock_Config.str1.4
                0x0000000008004980        0xc build/main.o
                                          0xb (size before relaxing)
 .rodata.AHBPrescTable
                0x000000000800498c       0x10 build/system_stm32f0xx.o
                0x000000000800498c                AHBPrescTable
 .rodata.APBPrescTable
                0x000000000800499c        0x8 build/system_stm32f0xx.o
                0x000000000800499c                APBPrescTable
 .rodata.key_scanning
                0x00000000080049a4       0x18 build/ec11.o
 .rodata.__utoa.str1.1
                0x00000000080049bc       0x25 /home/xiao/Tool/gcc-arm-none-eabi-7-2017-q4-major/bin/../lib/gcc/arm-none-eabi/7.2.1/../../../../arm-none-eabi/lib/thumb/v6-m/libc_nano.a(lib_a-utoa.o)
 .rodata._setlocale_r.str1.1
                0x00000000080049e1        0x8 /home/xiao/Tool/gcc-arm-none-eabi-7-2017-q4-major/bin/../lib/gcc/arm-none-eabi/7.2.1/../../../../arm-none-eabi/lib/thumb/v6-m/libc_nano.a(lib_a-locale.o)
                                          0x9 (size before relaxing)
 .rodata.str1.1
                0x00000000080049e9        0x2 /home/xiao/Tool/gcc-arm-none-eabi-7-2017-q4-major/bin/../lib/gcc/arm-none-eabi/7.2.1/../../../../arm-none-eabi/lib/thumb/v6-m/libc_nano.a(lib_a-locale.o)
 .rodata._ctype_
                0x00000000080049eb      0x101 /home/xiao/Tool/gcc-arm-none-eabi-7-2017-q4-major/bin/../lib/gcc/arm-none-eabi/7.2.1/../../../../arm-none-eabi/lib/thumb/v6-m/libc_nano.a(lib_a-ctype_.o)
                0x00000000080049eb                _ctype_
                0x0000000008004aec                . = ALIGN (0x4)

.rel.dyn        0x0000000008004aec        0x0
 .rel.iplt      0x0000000008004aec        0x0 /home/xiao/Tool/gcc-arm-none-eabi-7-2017-q4-major/bin/../lib/gcc/arm-none-eabi/7.2.1/thumb/v6-m/crtbegin.o

.ARM.extab
 *(.ARM.extab* .gnu.linkonce.armextab.*)

.ARM            0x0000000008004aec        0x0
                0x0000000008004aec                __exidx_start = .
 *(.ARM.exidx*)
                0x0000000008004aec                __exidx_end = .

.preinit_array  0x0000000008004aec        0x0
                0x0000000008004aec                PROVIDE (__preinit_array_start, .)
 *(.preinit_array*)
                0x0000000008004aec                PROVIDE (__preinit_array_end, .)

.init_array     0x0000000008004aec        0x4
                0x0000000008004aec                PROVIDE (__init_array_start, .)
 *(SORT_BY_NAME(.init_array.*))
 *(.init_array*)
 .init_array    0x0000000008004aec        0x4 /home/xiao/Tool/gcc-arm-none-eabi-7-2017-q4-major/bin/../lib/gcc/arm-none-eabi/7.2.1/thumb/v6-m/crtbegin.o
                0x0000000008004af0                PROVIDE (__init_array_end, .)

.fini_array     0x0000000008004af0        0x4
                [!provide]                        PROVIDE (__fini_array_start, .)
 *(SORT_BY_NAME(.fini_array.*))
 *(.fini_array*)
 .fini_array    0x0000000008004af0        0x4 /home/xiao/Tool/gcc-arm-none-eabi-7-2017-q4-major/bin/../lib/gcc/arm-none-eabi/7.2.1/thumb/v6-m/crtbegin.o
                [!provide]                        PROVIDE (__fini_array_end, .)
                0x0000000008004af4                _sidata = LOADADDR (.data)

.data           0x0000000020000000      0x344 load address 0x0000000008004af4
                0x0000000020000000                . = ALIGN (0x4)
                0x0000000020000000                _sdata = .
 *(.data)
 *(.data*)
 .data.SystemCoreClock
                0x0000000020000000        0x4 build/system_stm32f0xx.o
                0x0000000020000000                SystemCoreClock
 .data.num      0x0000000020000004       0xa0 build/hc595.o
                0x0000000020000004                num
 .data.t        0x00000000200000a4        0x1 build/ec11.o
 *fill*         0x00000000200000a5        0x3 
 .data.ad       0x00000000200000a8       0xca build/table.o
                0x00000000200000a8                ad
 .data.last.7415
                0x0000000020000172        0x1 build/at24cxx.o
 *fill*         0x0000000020000173        0x1 
 .data._impure_ptr
                0x0000000020000174        0x4 /home/xiao/Tool/gcc-arm-none-eabi-7-2017-q4-major/bin/../lib/gcc/arm-none-eabi/7.2.1/../../../../arm-none-eabi/lib/thumb/v6-m/libc_nano.a(lib_a-impure.o)
                0x0000000020000174                _impure_ptr
 .data.impure_data
                0x0000000020000178       0x60 /home/xiao/Tool/gcc-arm-none-eabi-7-2017-q4-major/bin/../lib/gcc/arm-none-eabi/7.2.1/../../../../arm-none-eabi/lib/thumb/v6-m/libc_nano.a(lib_a-impure.o)
 .data.__global_locale
                0x00000000200001d8      0x16c /home/xiao/Tool/gcc-arm-none-eabi-7-2017-q4-major/bin/../lib/gcc/arm-none-eabi/7.2.1/../../../../arm-none-eabi/lib/thumb/v6-m/libc_nano.a(lib_a-locale.o)
                0x00000000200001d8                __global_locale
                0x0000000020000344                . = ALIGN (0x4)
                0x0000000020000344                _edata = .

.igot.plt       0x0000000020000344        0x0 load address 0x0000000008004e38
 .igot.plt      0x0000000020000344        0x0 /home/xiao/Tool/gcc-arm-none-eabi-7-2017-q4-major/bin/../lib/gcc/arm-none-eabi/7.2.1/thumb/v6-m/crtbegin.o
                0x0000000020000344                . = ALIGN (0x4)

.bss            0x0000000020000344      0x174 load address 0x0000000008004e38
                0x0000000020000344                _sbss = .
                0x0000000020000344                __bss_start__ = _sbss
 *(.bss)
 .bss           0x0000000020000344       0x1c /home/xiao/Tool/gcc-arm-none-eabi-7-2017-q4-major/bin/../lib/gcc/arm-none-eabi/7.2.1/thumb/v6-m/crtbegin.o
 *(.bss*)
 .bss.flag      0x0000000020000360        0x1 build/main.o
                0x0000000020000360                flag
 *fill*         0x0000000020000361        0x1 
 .bss.adc_cont  0x0000000020000362        0x2 build/hc595.o
                0x0000000020000362                adc_cont
 .bss.adc_target
                0x0000000020000364        0x2 build/hc595.o
                0x0000000020000364                adc_target
 .bss.k_data.6959
                0x0000000020000366        0x1 build/ec11.o
 .bss.press.6960
                0x0000000020000367        0x1 build/ec11.o
 .bss.press_l.6961
                0x0000000020000368        0x1 build/ec11.o
 *fill*         0x0000000020000369        0x1 
 .bss.I2c_Write
                0x000000002000036a        0x2 build/table.o
                0x000000002000036a                I2c_Write
 .bss.I2c_last  0x000000002000036c        0x2 build/table.o
                0x000000002000036c                I2c_last
 .bss.LastError.6988
                0x000000002000036e        0x2 build/table.o
 .bss.a_stat.6976
                0x0000000020000370        0x2 build/table.o
 .bss.add       0x0000000020000372        0x2 build/table.o
                0x0000000020000372                add
 .bss.add_t     0x0000000020000374        0x2 build/table.o
                0x0000000020000374                add_t
 .bss.cn.6974   0x0000000020000376        0x2 build/table.o
 .bss.ki.6991   0x0000000020000378        0x4 build/table.o
 .bss.kp.6990   0x000000002000037c        0x2 build/table.o
 .bss.m1.6973   0x000000002000037e        0x2 build/table.o
 .bss.sumError.6986
                0x0000000020000380        0x2 build/table.o
 .bss.t1.6993   0x0000000020000382        0x2 build/table.o
 .bss.flag_ec11
                0x0000000020000384        0x1 build/at24cxx.o
                0x0000000020000384                flag_ec11
 *(COMMON)
 *fill*         0x0000000020000385        0x3 
 COMMON         0x0000000020000388       0x70 build/usart.o
                0x0000000020000388                huart1
 COMMON         0x00000000200003f8       0x4c build/adc.o
                0x00000000200003f8                hadc
 COMMON         0x0000000020000444       0x40 build/tim.o
                0x0000000020000444                htim3
 COMMON         0x0000000020000484       0x28 build/main.o
                0x0000000020000484                Task_Delay
 COMMON         0x00000000200004ac        0x5 build/at24cxx.o
                0x00000000200004ac                I2c_Read
 *fill*         0x00000000200004b1        0x3 
 COMMON         0x00000000200004b4        0x4 build/stm32f0xx_hal.o
                0x00000000200004b4                uwTick
                0x00000000200004b8                . = ALIGN (0x4)
                0x00000000200004b8                _ebss = .
                0x00000000200004b8                __bss_end__ = _ebss

._user_heap_stack
                0x00000000200004b8      0x600 load address 0x0000000008004e38
                0x00000000200004b8                . = ALIGN (0x8)
                [!provide]                        PROVIDE (end, .)
                [!provide]                        PROVIDE (_end, .)
                0x00000000200006b8                . = (. + _Min_Heap_Size)
 *fill*         0x00000000200004b8      0x200 
                0x0000000020000ab8                . = (. + _Min_Stack_Size)
 *fill*         0x00000000200006b8      0x400 
                0x0000000020000ab8                . = ALIGN (0x8)

/DISCARD/
 libc.a(*)
 libm.a(*)
 libgcc.a(*)

.ARM.attributes
                0x0000000000000000       0x28
 *(.ARM.attributes)
 .ARM.attributes
                0x0000000000000000       0x1e /home/xiao/Tool/gcc-arm-none-eabi-7-2017-q4-major/bin/../lib/gcc/arm-none-eabi/7.2.1/thumb/v6-m/crti.o
 .ARM.attributes
                0x000000000000001e       0x2c /home/xiao/Tool/gcc-arm-none-eabi-7-2017-q4-major/bin/../lib/gcc/arm-none-eabi/7.2.1/thumb/v6-m/crtbegin.o
 .ARM.attributes
                0x000000000000004a       0x31 build/stm32f0xx_hal_msp.o
 .ARM.attributes
                0x000000000000007b       0x31 build/usart.o
 .ARM.attributes
                0x00000000000000ac       0x31 build/adc.o
 .ARM.attributes
                0x00000000000000dd       0x31 build/tim.o
 .ARM.attributes
                0x000000000000010e       0x31 build/main.o
 .ARM.attributes
                0x000000000000013f       0x31 build/stm32f0xx_it.o
 .ARM.attributes
                0x0000000000000170       0x31 build/gpio.o
 .ARM.attributes
                0x00000000000001a1       0x31 build/system_stm32f0xx.o
 .ARM.attributes
                0x00000000000001d2       0x31 build/hc595.o
 .ARM.attributes
                0x0000000000000203       0x31 build/ec11.o
 .ARM.attributes
                0x0000000000000234       0x31 build/table.o
 .ARM.attributes
                0x0000000000000265       0x31 build/iic.o
 .ARM.attributes
                0x0000000000000296       0x31 build/at24cxx.o
 .ARM.attributes
                0x00000000000002c7       0x31 build/stm32f0xx_hal_cortex.o
 .ARM.attributes
                0x00000000000002f8       0x31 build/stm32f0xx_hal.o
 .ARM.attributes
                0x0000000000000329       0x31 build/stm32f0xx_hal_adc.o
 .ARM.attributes
                0x000000000000035a       0x31 build/stm32f0xx_hal_rcc.o
 .ARM.attributes
                0x000000000000038b       0x31 build/stm32f0xx_hal_tim.o
 .ARM.attributes
                0x00000000000003bc       0x31 build/stm32f0xx_hal_dma.o
 .ARM.attributes
                0x00000000000003ed       0x31 build/stm32f0xx_hal_tim_ex.o
 .ARM.attributes
                0x000000000000041e       0x31 build/stm32f0xx_hal_uart.o
 .ARM.attributes
                0x000000000000044f       0x31 build/stm32f0xx_hal_rcc_ex.o
 .ARM.attributes
                0x0000000000000480       0x31 build/stm32f0xx_hal_gpio.o
 .ARM.attributes
                0x00000000000004b1       0x21 build/startup_stm32f030x6.o
 .ARM.attributes
                0x00000000000004d2       0x2c /home/xiao/Tool/gcc-arm-none-eabi-7-2017-q4-major/bin/../lib/gcc/arm-none-eabi/7.2.1/../../../../arm-none-eabi/lib/thumb/v6-m/libc_nano.a(lib_a-atoi.o)
 .ARM.attributes
                0x00000000000004fe       0x2c /home/xiao/Tool/gcc-arm-none-eabi-7-2017-q4-major/bin/../lib/gcc/arm-none-eabi/7.2.1/../../../../arm-none-eabi/lib/thumb/v6-m/libc_nano.a(lib_a-impure.o)
 .ARM.attributes
                0x000000000000052a       0x2c /home/xiao/Tool/gcc-arm-none-eabi-7-2017-q4-major/bin/../lib/gcc/arm-none-eabi/7.2.1/../../../../arm-none-eabi/lib/thumb/v6-m/libc_nano.a(lib_a-init.o)
 .ARM.attributes
                0x0000000000000556       0x2c /home/xiao/Tool/gcc-arm-none-eabi-7-2017-q4-major/bin/../lib/gcc/arm-none-eabi/7.2.1/../../../../arm-none-eabi/lib/thumb/v6-m/libc_nano.a(lib_a-itoa.o)
 .ARM.attributes
                0x0000000000000582       0x2c /home/xiao/Tool/gcc-arm-none-eabi-7-2017-q4-major/bin/../lib/gcc/arm-none-eabi/7.2.1/../../../../arm-none-eabi/lib/thumb/v6-m/libc_nano.a(lib_a-strtol.o)
 .ARM.attributes
                0x00000000000005ae       0x2c /home/xiao/Tool/gcc-arm-none-eabi-7-2017-q4-major/bin/../lib/gcc/arm-none-eabi/7.2.1/../../../../arm-none-eabi/lib/thumb/v6-m/libc_nano.a(lib_a-utoa.o)
 .ARM.attributes
                0x00000000000005da       0x2c /home/xiao/Tool/gcc-arm-none-eabi-7-2017-q4-major/bin/../lib/gcc/arm-none-eabi/7.2.1/../../../../arm-none-eabi/lib/thumb/v6-m/libc_nano.a(lib_a-locale.o)
 .ARM.attributes
                0x0000000000000606       0x2c /home/xiao/Tool/gcc-arm-none-eabi-7-2017-q4-major/bin/../lib/gcc/arm-none-eabi/7.2.1/../../../../arm-none-eabi/lib/thumb/v6-m/libc_nano.a(lib_a-mbtowc_r.o)
 .ARM.attributes
                0x0000000000000632       0x2c /home/xiao/Tool/gcc-arm-none-eabi-7-2017-q4-major/bin/../lib/gcc/arm-none-eabi/7.2.1/../../../../arm-none-eabi/lib/thumb/v6-m/libc_nano.a(lib_a-memcpy-stub.o)
 .ARM.attributes
                0x000000000000065e       0x2c /home/xiao/Tool/gcc-arm-none-eabi-7-2017-q4-major/bin/../lib/gcc/arm-none-eabi/7.2.1/../../../../arm-none-eabi/lib/thumb/v6-m/libc_nano.a(lib_a-wctomb_r.o)
 .ARM.attributes
                0x000000000000068a       0x2c /home/xiao/Tool/gcc-arm-none-eabi-7-2017-q4-major/bin/../lib/gcc/arm-none-eabi/7.2.1/../../../../arm-none-eabi/lib/thumb/v6-m/libc_nano.a(lib_a-ctype_.o)
 .ARM.attributes
                0x00000000000006b6       0x1e /home/xiao/Tool/gcc-arm-none-eabi-7-2017-q4-major/bin/../lib/gcc/arm-none-eabi/7.2.1/thumb/v6-m/libgcc.a(_udivsi3.o)
 .ARM.attributes
                0x00000000000006d4       0x1e /home/xiao/Tool/gcc-arm-none-eabi-7-2017-q4-major/bin/../lib/gcc/arm-none-eabi/7.2.1/thumb/v6-m/libgcc.a(_dvmd_tls.o)
 .ARM.attributes
                0x00000000000006f2       0x2c /home/xiao/Tool/gcc-arm-none-eabi-7-2017-q4-major/bin/../lib/gcc/arm-none-eabi/7.2.1/thumb/v6-m/libgcc.a(_fixunssfsi.o)
 .ARM.attributes
                0x000000000000071e       0x2c /home/xiao/Tool/gcc-arm-none-eabi-7-2017-q4-major/bin/../lib/gcc/arm-none-eabi/7.2.1/thumb/v6-m/libgcc.a(addsf3.o)
 .ARM.attributes
                0x000000000000074a       0x2c /home/xiao/Tool/gcc-arm-none-eabi-7-2017-q4-major/bin/../lib/gcc/arm-none-eabi/7.2.1/thumb/v6-m/libgcc.a(divsf3.o)
 .ARM.attributes
                0x0000000000000776       0x2c /home/xiao/Tool/gcc-arm-none-eabi-7-2017-q4-major/bin/../lib/gcc/arm-none-eabi/7.2.1/thumb/v6-m/libgcc.a(mulsf3.o)
 .ARM.attributes
                0x00000000000007a2       0x2c /home/xiao/Tool/gcc-arm-none-eabi-7-2017-q4-major/bin/../lib/gcc/arm-none-eabi/7.2.1/thumb/v6-m/libgcc.a(subsf3.o)
 .ARM.attributes
                0x00000000000007ce       0x2c /home/xiao/Tool/gcc-arm-none-eabi-7-2017-q4-major/bin/../lib/gcc/arm-none-eabi/7.2.1/thumb/v6-m/libgcc.a(fixsfsi.o)
 .ARM.attributes
                0x00000000000007fa       0x2c /home/xiao/Tool/gcc-arm-none-eabi-7-2017-q4-major/bin/../lib/gcc/arm-none-eabi/7.2.1/thumb/v6-m/libgcc.a(floatsisf.o)
 .ARM.attributes
                0x0000000000000826       0x2c /home/xiao/Tool/gcc-arm-none-eabi-7-2017-q4-major/bin/../lib/gcc/arm-none-eabi/7.2.1/thumb/v6-m/libgcc.a(floatunsisf.o)
 .ARM.attributes
                0x0000000000000852       0x2c /home/xiao/Tool/gcc-arm-none-eabi-7-2017-q4-major/bin/../lib/gcc/arm-none-eabi/7.2.1/thumb/v6-m/libgcc.a(adddf3.o)
 .ARM.attributes
                0x000000000000087e       0x2c /home/xiao/Tool/gcc-arm-none-eabi-7-2017-q4-major/bin/../lib/gcc/arm-none-eabi/7.2.1/thumb/v6-m/libgcc.a(muldf3.o)
 .ARM.attributes
                0x00000000000008aa       0x2c /home/xiao/Tool/gcc-arm-none-eabi-7-2017-q4-major/bin/../lib/gcc/arm-none-eabi/7.2.1/thumb/v6-m/libgcc.a(fixdfsi.o)
 .ARM.attributes
                0x00000000000008d6       0x2c /home/xiao/Tool/gcc-arm-none-eabi-7-2017-q4-major/bin/../lib/gcc/arm-none-eabi/7.2.1/thumb/v6-m/libgcc.a(floatsidf.o)
 .ARM.attributes
                0x0000000000000902       0x2c /home/xiao/Tool/gcc-arm-none-eabi-7-2017-q4-major/bin/../lib/gcc/arm-none-eabi/7.2.1/thumb/v6-m/libgcc.a(floatunsidf.o)
 .ARM.attributes
                0x000000000000092e       0x1e /home/xiao/Tool/gcc-arm-none-eabi-7-2017-q4-major/bin/../lib/gcc/arm-none-eabi/7.2.1/thumb/v6-m/libgcc.a(_arm_cmpsf2.o)
 .ARM.attributes
                0x000000000000094c       0x1e /home/xiao/Tool/gcc-arm-none-eabi-7-2017-q4-major/bin/../lib/gcc/arm-none-eabi/7.2.1/thumb/v6-m/libgcc.a(_clzsi2.o)
 .ARM.attributes
                0x000000000000096a       0x2c /home/xiao/Tool/gcc-arm-none-eabi-7-2017-q4-major/bin/../lib/gcc/arm-none-eabi/7.2.1/thumb/v6-m/libgcc.a(eqsf2.o)
 .ARM.attributes
                0x0000000000000996       0x2c /home/xiao/Tool/gcc-arm-none-eabi-7-2017-q4-major/bin/../lib/gcc/arm-none-eabi/7.2.1/thumb/v6-m/libgcc.a(gesf2.o)
 .ARM.attributes
                0x00000000000009c2       0x2c /home/xiao/Tool/gcc-arm-none-eabi-7-2017-q4-major/bin/../lib/gcc/arm-none-eabi/7.2.1/thumb/v6-m/libgcc.a(lesf2.o)
 .ARM.attributes
                0x00000000000009ee       0x1e /home/xiao/Tool/gcc-arm-none-eabi-7-2017-q4-major/bin/../lib/gcc/arm-none-eabi/7.2.1/thumb/v6-m/crtn.o
OUTPUT(build/stm32f030k6.elf elf32-littlearm)

.debug_info     0x0000000000000000    0x1ca37
 .debug_info    0x0000000000000000      0xc25 build/stm32f0xx_hal_msp.o
 .debug_info    0x0000000000000c25     0x146d build/usart.o
 .debug_info    0x0000000000002092     0x1284 build/adc.o
 .debug_info    0x0000000000003316     0x13da build/tim.o
 .debug_info    0x00000000000046f0     0x1aa5 build/main.o
 .debug_info    0x0000000000006195     0x1078 build/stm32f0xx_it.o
 .debug_info    0x000000000000720d      0xed3 build/gpio.o
 .debug_info    0x00000000000080e0      0xb7f build/system_stm32f0xx.o
 .debug_info    0x0000000000008c5f      0xbe7 build/hc595.o
 .debug_info    0x0000000000009846      0xbf1 build/ec11.o
 .debug_info    0x000000000000a437      0xfdd build/table.o
 .debug_info    0x000000000000b414     0x1573 build/iic.o
 .debug_info    0x000000000000c987      0xc42 build/at24cxx.o
 .debug_info    0x000000000000d5c9     0x1106 build/stm32f0xx_hal_cortex.o
 .debug_info    0x000000000000e6cf      0xfbd build/stm32f0xx_hal.o
 .debug_info    0x000000000000f68c     0x186b build/stm32f0xx_hal_adc.o
 .debug_info    0x0000000000010ef7     0x12d1 build/stm32f0xx_hal_rcc.o
 .debug_info    0x00000000000121c8     0x3a95 build/stm32f0xx_hal_tim.o
 .debug_info    0x0000000000015c5d     0x1185 build/stm32f0xx_hal_dma.o
 .debug_info    0x0000000000016de2     0x1cce build/stm32f0xx_hal_tim_ex.o
 .debug_info    0x0000000000018ab0     0x228c build/stm32f0xx_hal_uart.o
 .debug_info    0x000000000001ad3c      0xd27 build/stm32f0xx_hal_rcc_ex.o
 .debug_info    0x000000000001ba63      0xfb2 build/stm32f0xx_hal_gpio.o
 .debug_info    0x000000000001ca15       0x22 build/startup_stm32f030x6.o

.debug_abbrev   0x0000000000000000     0x3aff
 .debug_abbrev  0x0000000000000000      0x216 build/stm32f0xx_hal_msp.o
 .debug_abbrev  0x0000000000000216      0x28d build/usart.o
 .debug_abbrev  0x00000000000004a3      0x23b build/adc.o
 .debug_abbrev  0x00000000000006de      0x273 build/tim.o
 .debug_abbrev  0x0000000000000951      0x2b8 build/main.o
 .debug_abbrev  0x0000000000000c09      0x204 build/stm32f0xx_it.o
 .debug_abbrev  0x0000000000000e0d      0x228 build/gpio.o
 .debug_abbrev  0x0000000000001035      0x1e6 build/system_stm32f0xx.o
 .debug_abbrev  0x000000000000121b      0x22e build/hc595.o
 .debug_abbrev  0x0000000000001449      0x20f build/ec11.o
 .debug_abbrev  0x0000000000001658      0x295 build/table.o
 .debug_abbrev  0x00000000000018ed      0x316 build/iic.o
 .debug_abbrev  0x0000000000001c03      0x208 build/at24cxx.o
 .debug_abbrev  0x0000000000001e0b      0x32e build/stm32f0xx_hal_cortex.o
 .debug_abbrev  0x0000000000002139      0x2d9 build/stm32f0xx_hal.o
 .debug_abbrev  0x0000000000002412      0x2f9 build/stm32f0xx_hal_adc.o
 .debug_abbrev  0x000000000000270b      0x2e6 build/stm32f0xx_hal_rcc.o
 .debug_abbrev  0x00000000000029f1      0x310 build/stm32f0xx_hal_tim.o
 .debug_abbrev  0x0000000000002d01      0x2ce build/stm32f0xx_hal_dma.o
 .debug_abbrev  0x0000000000002fcf      0x2f8 build/stm32f0xx_hal_tim_ex.o
 .debug_abbrev  0x00000000000032c7      0x2e1 build/stm32f0xx_hal_uart.o
 .debug_abbrev  0x00000000000035a8      0x287 build/stm32f0xx_hal_rcc_ex.o
 .debug_abbrev  0x000000000000382f      0x2be build/stm32f0xx_hal_gpio.o
 .debug_abbrev  0x0000000000003aed       0x12 build/startup_stm32f030x6.o

.debug_loc      0x0000000000000000     0xab62
 .debug_loc     0x0000000000000000       0x2c build/stm32f0xx_hal_msp.o
 .debug_loc     0x000000000000002c      0x183 build/usart.o
 .debug_loc     0x00000000000001af       0xec build/adc.o
 .debug_loc     0x000000000000029b       0xb2 build/tim.o
 .debug_loc     0x000000000000034d       0x97 build/main.o
 .debug_loc     0x00000000000003e4       0x40 build/stm32f0xx_it.o
 .debug_loc     0x0000000000000424       0x2c build/gpio.o
 .debug_loc     0x0000000000000450      0x15b build/system_stm32f0xx.o
 .debug_loc     0x00000000000005ab      0x13a build/hc595.o
 .debug_loc     0x00000000000006e5       0x20 build/ec11.o
 .debug_loc     0x0000000000000705      0x339 build/table.o
 .debug_loc     0x0000000000000a3e      0x65b build/iic.o
 .debug_loc     0x0000000000001099       0x4c build/at24cxx.o
 .debug_loc     0x00000000000010e5      0x3d3 build/stm32f0xx_hal_cortex.o
 .debug_loc     0x00000000000014b8      0x108 build/stm32f0xx_hal.o
 .debug_loc     0x00000000000015c0      0xe9f build/stm32f0xx_hal_adc.o
 .debug_loc     0x000000000000245f      0x584 build/stm32f0xx_hal_rcc.o
 .debug_loc     0x00000000000029e3     0x4163 build/stm32f0xx_hal_tim.o
 .debug_loc     0x0000000000006b46      0x95a build/stm32f0xx_hal_dma.o
 .debug_loc     0x00000000000074a0     0x14de build/stm32f0xx_hal_tim_ex.o
 .debug_loc     0x000000000000897e     0x1a9d build/stm32f0xx_hal_uart.o
 .debug_loc     0x000000000000a41b      0x3a5 build/stm32f0xx_hal_rcc_ex.o
 .debug_loc     0x000000000000a7c0      0x3a2 build/stm32f0xx_hal_gpio.o

.debug_aranges  0x0000000000000000      0xd58
 .debug_aranges
                0x0000000000000000       0x20 build/stm32f0xx_hal_msp.o
 .debug_aranges
                0x0000000000000020       0x38 build/usart.o
 .debug_aranges
                0x0000000000000058       0x30 build/adc.o
 .debug_aranges
                0x0000000000000088       0x38 build/tim.o
 .debug_aranges
                0x00000000000000c0       0x40 build/main.o
 .debug_aranges
                0x0000000000000100       0x48 build/stm32f0xx_it.o
 .debug_aranges
                0x0000000000000148       0x20 build/gpio.o
 .debug_aranges
                0x0000000000000168       0x28 build/system_stm32f0xx.o
 .debug_aranges
                0x0000000000000190       0x28 build/hc595.o
 .debug_aranges
                0x00000000000001b8       0x30 build/ec11.o
 .debug_aranges
                0x00000000000001e8       0x38 build/table.o
 .debug_aranges
                0x0000000000000220       0xa0 build/iic.o
 .debug_aranges
                0x00000000000002c0       0x28 build/at24cxx.o
 .debug_aranges
                0x00000000000002e8       0x78 build/stm32f0xx_hal_cortex.o
 .debug_aranges
                0x0000000000000360       0xb8 build/stm32f0xx_hal.o
 .debug_aranges
                0x0000000000000418       0xf8 build/stm32f0xx_hal_adc.o
 .debug_aranges
                0x0000000000000510       0x80 build/stm32f0xx_hal_rcc.o
 .debug_aranges
                0x0000000000000590      0x378 build/stm32f0xx_hal_tim.o
 .debug_aranges
                0x0000000000000908       0x88 build/stm32f0xx_hal_dma.o
 .debug_aranges
                0x0000000000000990      0x140 build/stm32f0xx_hal_tim_ex.o
 .debug_aranges
                0x0000000000000ad0      0x1d8 build/stm32f0xx_hal_uart.o
 .debug_aranges
                0x0000000000000ca8       0x30 build/stm32f0xx_hal_rcc_ex.o
 .debug_aranges
                0x0000000000000cd8       0x58 build/stm32f0xx_hal_gpio.o
 .debug_aranges
                0x0000000000000d30       0x28 build/startup_stm32f030x6.o

.debug_ranges   0x0000000000000000      0xc58
 .debug_ranges  0x0000000000000000       0x10 build/stm32f0xx_hal_msp.o
 .debug_ranges  0x0000000000000010       0x28 build/usart.o
 .debug_ranges  0x0000000000000038       0x20 build/adc.o
 .debug_ranges  0x0000000000000058       0x28 build/tim.o
 .debug_ranges  0x0000000000000080       0x30 build/main.o
 .debug_ranges  0x00000000000000b0       0x38 build/stm32f0xx_it.o
 .debug_ranges  0x00000000000000e8       0x10 build/gpio.o
 .debug_ranges  0x00000000000000f8       0x18 build/system_stm32f0xx.o
 .debug_ranges  0x0000000000000110       0x18 build/hc595.o
 .debug_ranges  0x0000000000000128       0x20 build/ec11.o
 .debug_ranges  0x0000000000000148       0x28 build/table.o
 .debug_ranges  0x0000000000000170       0x90 build/iic.o
 .debug_ranges  0x0000000000000200       0x18 build/at24cxx.o
 .debug_ranges  0x0000000000000218       0xb0 build/stm32f0xx_hal_cortex.o
 .debug_ranges  0x00000000000002c8       0xa8 build/stm32f0xx_hal.o
 .debug_ranges  0x0000000000000370       0xe8 build/stm32f0xx_hal_adc.o
 .debug_ranges  0x0000000000000458       0x88 build/stm32f0xx_hal_rcc.o
 .debug_ranges  0x00000000000004e0      0x368 build/stm32f0xx_hal_tim.o
 .debug_ranges  0x0000000000000848       0x78 build/stm32f0xx_hal_dma.o
 .debug_ranges  0x00000000000008c0      0x130 build/stm32f0xx_hal_tim_ex.o
 .debug_ranges  0x00000000000009f0      0x1c8 build/stm32f0xx_hal_uart.o
 .debug_ranges  0x0000000000000bb8       0x38 build/stm32f0xx_hal_rcc_ex.o
 .debug_ranges  0x0000000000000bf0       0x48 build/stm32f0xx_hal_gpio.o
 .debug_ranges  0x0000000000000c38       0x20 build/startup_stm32f030x6.o

.debug_line     0x0000000000000000     0x6a00
 .debug_line    0x0000000000000000      0x218 build/stm32f0xx_hal_msp.o
 .debug_line    0x0000000000000218      0x2ef build/usart.o
 .debug_line    0x0000000000000507      0x2b4 build/adc.o
 .debug_line    0x00000000000007bb      0x2d0 build/tim.o
 .debug_line    0x0000000000000a8b      0x38d build/main.o
 .debug_line    0x0000000000000e18      0x2bf build/stm32f0xx_it.o
 .debug_line    0x00000000000010d7      0x23f build/gpio.o
 .debug_line    0x0000000000001316      0x211 build/system_stm32f0xx.o
 .debug_line    0x0000000000001527      0x23c build/hc595.o
 .debug_line    0x0000000000001763      0x220 build/ec11.o
 .debug_line    0x0000000000001983      0x26f build/table.o
 .debug_line    0x0000000000001bf2      0x3df build/iic.o
 .debug_line    0x0000000000001fd1      0x257 build/at24cxx.o
 .debug_line    0x0000000000002228      0x384 build/stm32f0xx_hal_cortex.o
 .debug_line    0x00000000000025ac      0x3e5 build/stm32f0xx_hal.o
 .debug_line    0x0000000000002991      0x7bb build/stm32f0xx_hal_adc.o
 .debug_line    0x000000000000314c      0x4f3 build/stm32f0xx_hal_rcc.o
 .debug_line    0x000000000000363f     0x1357 build/stm32f0xx_hal_tim.o
 .debug_line    0x0000000000004996      0x4a1 build/stm32f0xx_hal_dma.o
 .debug_line    0x0000000000004e37      0x835 build/stm32f0xx_hal_tim_ex.o
 .debug_line    0x000000000000566c      0xc36 build/stm32f0xx_hal_uart.o
 .debug_line    0x00000000000062a2      0x352 build/stm32f0xx_hal_rcc_ex.o
 .debug_line    0x00000000000065f4      0x394 build/stm32f0xx_hal_gpio.o
 .debug_line    0x0000000000006988       0x78 build/startup_stm32f030x6.o

.debug_str      0x0000000000000000     0x3afa
 .debug_str     0x0000000000000000      0x6d9 build/stm32f0xx_hal_msp.o
                                        0x755 (size before relaxing)
 .debug_str     0x00000000000006d9      0x579 build/usart.o
                                        0xce3 (size before relaxing)
 .debug_str     0x0000000000000c52      0x1e7 build/adc.o
                                        0xa7f (size before relaxing)
 .debug_str     0x0000000000000e39      0x33c build/tim.o
                                        0xbb4 (size before relaxing)
 .debug_str     0x0000000000001175      0x30b build/main.o
                                       0x11f0 (size before relaxing)
 .debug_str     0x0000000000001480       0xa5 build/stm32f0xx_it.o
                                        0xa8e (size before relaxing)
 .debug_str     0x0000000000001525       0x39 build/gpio.o
                                        0x819 (size before relaxing)
 .debug_str     0x000000000000155e       0x57 build/system_stm32f0xx.o
                                        0x620 (size before relaxing)
 .debug_str     0x00000000000015b5       0x41 build/hc595.o
                                        0x60e (size before relaxing)
 .debug_str     0x00000000000015f6       0x72 build/ec11.o
                                        0x63b (size before relaxing)
 .debug_str     0x0000000000001668       0x93 build/table.o
                                        0x71a (size before relaxing)
 .debug_str     0x00000000000016fb      0x15c build/iic.o
                                        0x808 (size before relaxing)
 .debug_str     0x0000000000001857       0x2b build/at24cxx.o
                                        0x64c (size before relaxing)
 .debug_str     0x0000000000001882      0x17b build/stm32f0xx_hal_cortex.o
                                        0x9a0 (size before relaxing)
 .debug_str     0x00000000000019fd      0x1ce build/stm32f0xx_hal.o
                                        0x998 (size before relaxing)
 .debug_str     0x0000000000001bcb      0x2de build/stm32f0xx_hal_adc.o
                                        0xca0 (size before relaxing)
 .debug_str     0x0000000000001ea9      0x19d build/stm32f0xx_hal_rcc.o
                                        0x9d3 (size before relaxing)
 .debug_str     0x0000000000002046      0xca6 build/stm32f0xx_hal_tim.o
                                       0x1775 (size before relaxing)
 .debug_str     0x0000000000002cec      0x225 build/stm32f0xx_hal_dma.o
                                        0xa09 (size before relaxing)
 .debug_str     0x0000000000002f11      0x49a build/stm32f0xx_hal_tim_ex.o
                                        0xfe7 (size before relaxing)
 .debug_str     0x00000000000033ab      0x5bc build/stm32f0xx_hal_uart.o
                                       0x1148 (size before relaxing)
 .debug_str     0x0000000000003967       0x94 build/stm32f0xx_hal_rcc_ex.o
                                        0x79a (size before relaxing)
 .debug_str     0x00000000000039fb       0xda build/stm32f0xx_hal_gpio.o
                                        0x7fa (size before relaxing)
 .debug_str     0x0000000000003ad5       0x25 build/startup_stm32f030x6.o
                                         0x42 (size before relaxing)

.comment        0x0000000000000000       0x7e
 .comment       0x0000000000000000       0x7e build/stm32f0xx_hal_msp.o
                                         0x7f (size before relaxing)
 .comment       0x000000000000007e       0x7f build/usart.o
 .comment       0x000000000000007e       0x7f build/adc.o
 .comment       0x000000000000007e       0x7f build/tim.o
 .comment       0x000000000000007e       0x7f build/main.o
 .comment       0x000000000000007e       0x7f build/stm32f0xx_it.o
 .comment       0x000000000000007e       0x7f build/gpio.o
 .comment       0x000000000000007e       0x7f build/system_stm32f0xx.o
 .comment       0x000000000000007e       0x7f build/hc595.o
 .comment       0x000000000000007e       0x7f build/ec11.o
 .comment       0x000000000000007e       0x7f build/table.o
 .comment       0x000000000000007e       0x7f build/iic.o
 .comment       0x000000000000007e       0x7f build/at24cxx.o
 .comment       0x000000000000007e       0x7f build/stm32f0xx_hal_cortex.o
 .comment       0x000000000000007e       0x7f build/stm32f0xx_hal.o
 .comment       0x000000000000007e       0x7f build/stm32f0xx_hal_adc.o
 .comment       0x000000000000007e       0x7f build/stm32f0xx_hal_rcc.o
 .comment       0x000000000000007e       0x7f build/stm32f0xx_hal_tim.o
 .comment       0x000000000000007e       0x7f build/stm32f0xx_hal_dma.o
 .comment       0x000000000000007e       0x7f build/stm32f0xx_hal_tim_ex.o
 .comment       0x000000000000007e       0x7f build/stm32f0xx_hal_uart.o
 .comment       0x000000000000007e       0x7f build/stm32f0xx_hal_rcc_ex.o
 .comment       0x000000000000007e       0x7f build/stm32f0xx_hal_gpio.o

.debug_frame    0x0000000000000000     0x2a4c
 .debug_frame   0x0000000000000000       0x2c build/stm32f0xx_hal_msp.o
 .debug_frame   0x000000000000002c       0x80 build/usart.o
 .debug_frame   0x00000000000000ac       0x64 build/adc.o
 .debug_frame   0x0000000000000110       0x6c build/tim.o
 .debug_frame   0x000000000000017c       0x84 build/main.o
 .debug_frame   0x0000000000000200       0x88 build/stm32f0xx_it.o
 .debug_frame   0x0000000000000288       0x38 build/gpio.o
 .debug_frame   0x00000000000002c0       0x3c build/system_stm32f0xx.o
 .debug_frame   0x00000000000002fc       0x48 build/hc595.o
 .debug_frame   0x0000000000000344       0x4c build/ec11.o
 .debug_frame   0x0000000000000390       0xac build/table.o
 .debug_frame   0x000000000000043c      0x228 build/iic.o
 .debug_frame   0x0000000000000664       0x48 build/at24cxx.o
 .debug_frame   0x00000000000006ac       0xec build/stm32f0xx_hal_cortex.o
 .debug_frame   0x0000000000000798      0x184 build/stm32f0xx_hal.o
 .debug_frame   0x000000000000091c      0x2f8 build/stm32f0xx_hal_adc.o
 .debug_frame   0x0000000000000c14      0x14c build/stm32f0xx_hal_rcc.o
 .debug_frame   0x0000000000000d60      0xaec build/stm32f0xx_hal_tim.o
 .debug_frame   0x000000000000184c      0x198 build/stm32f0xx_hal_dma.o
 .debug_frame   0x00000000000019e4      0x3f8 build/stm32f0xx_hal_tim_ex.o
 .debug_frame   0x0000000000001ddc      0x580 build/stm32f0xx_hal_uart.o
 .debug_frame   0x000000000000235c       0x60 build/stm32f0xx_hal_rcc_ex.o
 .debug_frame   0x00000000000023bc       0xdc build/stm32f0xx_hal_gpio.o
 .debug_frame   0x0000000000002498       0x40 /home/xiao/Tool/gcc-arm-none-eabi-7-2017-q4-major/bin/../lib/gcc/arm-none-eabi/7.2.1/../../../../arm-none-eabi/lib/thumb/v6-m/libc_nano.a(lib_a-atoi.o)
 .debug_frame   0x00000000000024d8       0x2c /home/xiao/Tool/gcc-arm-none-eabi-7-2017-q4-major/bin/../lib/gcc/arm-none-eabi/7.2.1/../../../../arm-none-eabi/lib/thumb/v6-m/libc_nano.a(lib_a-init.o)
 .debug_frame   0x0000000000002504       0x40 /home/xiao/Tool/gcc-arm-none-eabi-7-2017-q4-major/bin/../lib/gcc/arm-none-eabi/7.2.1/../../../../arm-none-eabi/lib/thumb/v6-m/libc_nano.a(lib_a-itoa.o)
 .debug_frame   0x0000000000002544       0x88 /home/xiao/Tool/gcc-arm-none-eabi-7-2017-q4-major/bin/../lib/gcc/arm-none-eabi/7.2.1/../../../../arm-none-eabi/lib/thumb/v6-m/libc_nano.a(lib_a-strtol.o)
 .debug_frame   0x00000000000025cc       0x48 /home/xiao/Tool/gcc-arm-none-eabi-7-2017-q4-major/bin/../lib/gcc/arm-none-eabi/7.2.1/../../../../arm-none-eabi/lib/thumb/v6-m/libc_nano.a(lib_a-utoa.o)
 .debug_frame   0x0000000000002614       0x74 /home/xiao/Tool/gcc-arm-none-eabi-7-2017-q4-major/bin/../lib/gcc/arm-none-eabi/7.2.1/../../../../arm-none-eabi/lib/thumb/v6-m/libc_nano.a(lib_a-locale.o)
 .debug_frame   0x0000000000002688       0x44 /home/xiao/Tool/gcc-arm-none-eabi-7-2017-q4-major/bin/../lib/gcc/arm-none-eabi/7.2.1/../../../../arm-none-eabi/lib/thumb/v6-m/libc_nano.a(lib_a-mbtowc_r.o)
 .debug_frame   0x00000000000026cc       0x28 /home/xiao/Tool/gcc-arm-none-eabi-7-2017-q4-major/bin/../lib/gcc/arm-none-eabi/7.2.1/../../../../arm-none-eabi/lib/thumb/v6-m/libc_nano.a(lib_a-memcpy-stub.o)
 .debug_frame   0x00000000000026f4       0x38 /home/xiao/Tool/gcc-arm-none-eabi-7-2017-q4-major/bin/../lib/gcc/arm-none-eabi/7.2.1/../../../../arm-none-eabi/lib/thumb/v6-m/libc_nano.a(lib_a-wctomb_r.o)
 .debug_frame   0x000000000000272c       0x20 /home/xiao/Tool/gcc-arm-none-eabi-7-2017-q4-major/bin/../lib/gcc/arm-none-eabi/7.2.1/thumb/v6-m/libgcc.a(_udivsi3.o)
 .debug_frame   0x000000000000274c       0x28 /home/xiao/Tool/gcc-arm-none-eabi-7-2017-q4-major/bin/../lib/gcc/arm-none-eabi/7.2.1/thumb/v6-m/libgcc.a(_fixunssfsi.o)
 .debug_frame   0x0000000000002774       0x38 /home/xiao/Tool/gcc-arm-none-eabi-7-2017-q4-major/bin/../lib/gcc/arm-none-eabi/7.2.1/thumb/v6-m/libgcc.a(addsf3.o)
 .debug_frame   0x00000000000027ac       0x3c /home/xiao/Tool/gcc-arm-none-eabi-7-2017-q4-major/bin/../lib/gcc/arm-none-eabi/7.2.1/thumb/v6-m/libgcc.a(divsf3.o)
 .debug_frame   0x00000000000027e8       0x3c /home/xiao/Tool/gcc-arm-none-eabi-7-2017-q4-major/bin/../lib/gcc/arm-none-eabi/7.2.1/thumb/v6-m/libgcc.a(mulsf3.o)
 .debug_frame   0x0000000000002824       0x38 /home/xiao/Tool/gcc-arm-none-eabi-7-2017-q4-major/bin/../lib/gcc/arm-none-eabi/7.2.1/thumb/v6-m/libgcc.a(subsf3.o)
 .debug_frame   0x000000000000285c       0x20 /home/xiao/Tool/gcc-arm-none-eabi-7-2017-q4-major/bin/../lib/gcc/arm-none-eabi/7.2.1/thumb/v6-m/libgcc.a(fixsfsi.o)
 .debug_frame   0x000000000000287c       0x2c /home/xiao/Tool/gcc-arm-none-eabi-7-2017-q4-major/bin/../lib/gcc/arm-none-eabi/7.2.1/thumb/v6-m/libgcc.a(floatsisf.o)
 .debug_frame   0x00000000000028a8       0x2c /home/xiao/Tool/gcc-arm-none-eabi-7-2017-q4-major/bin/../lib/gcc/arm-none-eabi/7.2.1/thumb/v6-m/libgcc.a(floatunsisf.o)
 .debug_frame   0x00000000000028d4       0x38 /home/xiao/Tool/gcc-arm-none-eabi-7-2017-q4-major/bin/../lib/gcc/arm-none-eabi/7.2.1/thumb/v6-m/libgcc.a(adddf3.o)
 .debug_frame   0x000000000000290c       0x3c /home/xiao/Tool/gcc-arm-none-eabi-7-2017-q4-major/bin/../lib/gcc/arm-none-eabi/7.2.1/thumb/v6-m/libgcc.a(muldf3.o)
 .debug_frame   0x0000000000002948       0x2c /home/xiao/Tool/gcc-arm-none-eabi-7-2017-q4-major/bin/../lib/gcc/arm-none-eabi/7.2.1/thumb/v6-m/libgcc.a(fixdfsi.o)
 .debug_frame   0x0000000000002974       0x2c /home/xiao/Tool/gcc-arm-none-eabi-7-2017-q4-major/bin/../lib/gcc/arm-none-eabi/7.2.1/thumb/v6-m/libgcc.a(floatsidf.o)
 .debug_frame   0x00000000000029a0       0x28 /home/xiao/Tool/gcc-arm-none-eabi-7-2017-q4-major/bin/../lib/gcc/arm-none-eabi/7.2.1/thumb/v6-m/libgcc.a(floatunsidf.o)
 .debug_frame   0x00000000000029c8       0x2c /home/xiao/Tool/gcc-arm-none-eabi-7-2017-q4-major/bin/../lib/gcc/arm-none-eabi/7.2.1/thumb/v6-m/libgcc.a(eqsf2.o)
 .debug_frame   0x00000000000029f4       0x2c /home/xiao/Tool/gcc-arm-none-eabi-7-2017-q4-major/bin/../lib/gcc/arm-none-eabi/7.2.1/thumb/v6-m/libgcc.a(gesf2.o)
 .debug_frame   0x0000000000002a20       0x2c /home/xiao/Tool/gcc-arm-none-eabi-7-2017-q4-major/bin/../lib/gcc/arm-none-eabi/7.2.1/thumb/v6-m/libgcc.a(lesf2.o)

Cross Reference Table

Symbol                                            File
ADC1_IRQHandler                                   build/startup_stm32f030x6.o
AHBPrescTable                                     build/system_stm32f0xx.o
                                                  build/stm32f0xx_hal_rcc.o
APBPrescTable                                     build/system_stm32f0xx.o
                                                  build/stm32f0xx_hal_rcc.o
AT24CXX_Check                                     build/iic.o
AT24CXX_Read                                      build/iic.o
                                                  build/at24cxx.o
AT24CXX_ReadLenByte                               build/iic.o
AT24CXX_ReadOneByte                               build/iic.o
AT24CXX_Write                                     build/iic.o
                                                  build/at24cxx.o
AT24CXX_WriteLenByte                              build/iic.o
AT24CXX_WriteOneByte                              build/iic.o
DMA1_Channel1_IRQHandler                          build/startup_stm32f030x6.o
DMA1_Channel2_3_IRQHandler                        build/startup_stm32f030x6.o
DMA1_Channel4_5_IRQHandler                        build/startup_stm32f030x6.o
Default_Handler                                   build/startup_stm32f030x6.o
EEPROM_CheckOk                                    build/iic.o
                                                  build/main.o
EXTI0_1_IRQHandler                                build/startup_stm32f030x6.o
EXTI2_3_IRQHandler                                build/startup_stm32f030x6.o
EXTI4_15_IRQHandler                               build/ec11.o
FLASH_IRQHandler                                  build/startup_stm32f030x6.o
FLASH_PageErase                                   build/stm32f0xx_hal_flash_ex.o
                                                  build/stm32f0xx_hal_flash.o
FLASH_WaitForLastOperation                        build/stm32f0xx_hal_flash.o
                                                  build/stm32f0xx_hal_flash_ex.o
HAL_ADCEx_Calibration_Start                       build/stm32f0xx_hal_adc_ex.o
HAL_ADC_AnalogWDGConfig                           build/stm32f0xx_hal_adc.o
HAL_ADC_ConfigChannel                             build/stm32f0xx_hal_adc.o
                                                  build/adc.o
HAL_ADC_ConvCpltCallback                          build/stm32f0xx_hal_adc.o
HAL_ADC_ConvHalfCpltCallback                      build/stm32f0xx_hal_adc.o
HAL_ADC_DeInit                                    build/stm32f0xx_hal_adc.o
HAL_ADC_ErrorCallback                             build/stm32f0xx_hal_adc.o
HAL_ADC_GetError                                  build/stm32f0xx_hal_adc.o
HAL_ADC_GetState                                  build/stm32f0xx_hal_adc.o
HAL_ADC_GetValue                                  build/stm32f0xx_hal_adc.o
HAL_ADC_IRQHandler                                build/stm32f0xx_hal_adc.o
HAL_ADC_Init                                      build/stm32f0xx_hal_adc.o
                                                  build/adc.o
HAL_ADC_LevelOutOfWindowCallback                  build/stm32f0xx_hal_adc.o
HAL_ADC_MspDeInit                                 build/adc.o
HAL_ADC_MspInit                                   build/adc.o
HAL_ADC_PollForConversion                         build/stm32f0xx_hal_adc.o
HAL_ADC_PollForEvent                              build/stm32f0xx_hal_adc.o
HAL_ADC_Start                                     build/stm32f0xx_hal_adc.o
                                                  build/main.o
HAL_ADC_Start_DMA                                 build/stm32f0xx_hal_adc.o
HAL_ADC_Start_IT                                  build/stm32f0xx_hal_adc.o
HAL_ADC_Stop                                      build/stm32f0xx_hal_adc.o
HAL_ADC_Stop_DMA                                  build/stm32f0xx_hal_adc.o
HAL_ADC_Stop_IT                                   build/stm32f0xx_hal_adc.o
HAL_DBGMCU_DisableDBGStandbyMode                  build/stm32f0xx_hal.o
HAL_DBGMCU_DisableDBGStopMode                     build/stm32f0xx_hal.o
HAL_DBGMCU_EnableDBGStandbyMode                   build/stm32f0xx_hal.o
HAL_DBGMCU_EnableDBGStopMode                      build/stm32f0xx_hal.o
HAL_DMA_Abort                                     build/stm32f0xx_hal_dma.o
                                                  build/stm32f0xx_hal_uart.o
                                                  build/stm32f0xx_hal_tim.o
                                                  build/stm32f0xx_hal_adc.o
HAL_DMA_Abort_IT                                  build/stm32f0xx_hal_dma.o
                                                  build/stm32f0xx_hal_i2c.o
                                                  build/stm32f0xx_hal_uart.o
HAL_DMA_DeInit                                    build/stm32f0xx_hal_dma.o
HAL_DMA_GetError                                  build/stm32f0xx_hal_dma.o
HAL_DMA_GetState                                  build/stm32f0xx_hal_dma.o
HAL_DMA_IRQHandler                                build/stm32f0xx_hal_dma.o
HAL_DMA_Init                                      build/stm32f0xx_hal_dma.o
HAL_DMA_PollForTransfer                           build/stm32f0xx_hal_dma.o
HAL_DMA_RegisterCallback                          build/stm32f0xx_hal_dma.o
HAL_DMA_Start                                     build/stm32f0xx_hal_dma.o
HAL_DMA_Start_IT                                  build/stm32f0xx_hal_dma.o
                                                  build/stm32f0xx_hal_i2c.o
                                                  build/stm32f0xx_hal_uart.o
                                                  build/stm32f0xx_hal_tim_ex.o
                                                  build/stm32f0xx_hal_tim.o
                                                  build/stm32f0xx_hal_adc.o
HAL_DMA_UnRegisterCallback                        build/stm32f0xx_hal_dma.o
HAL_DeInit                                        build/stm32f0xx_hal.o
HAL_Delay                                         build/stm32f0xx_hal.o
                                                  build/iic.o
HAL_FLASHEx_Erase                                 build/stm32f0xx_hal_flash_ex.o
HAL_FLASHEx_Erase_IT                              build/stm32f0xx_hal_flash_ex.o
HAL_FLASHEx_OBErase                               build/stm32f0xx_hal_flash_ex.o
HAL_FLASHEx_OBGetConfig                           build/stm32f0xx_hal_flash_ex.o
HAL_FLASHEx_OBGetUserData                         build/stm32f0xx_hal_flash_ex.o
HAL_FLASHEx_OBProgram                             build/stm32f0xx_hal_flash_ex.o
HAL_FLASH_EndOfOperationCallback                  build/stm32f0xx_hal_flash.o
HAL_FLASH_GetError                                build/stm32f0xx_hal_flash.o
HAL_FLASH_IRQHandler                              build/stm32f0xx_hal_flash.o
HAL_FLASH_Lock                                    build/stm32f0xx_hal_flash.o
HAL_FLASH_OB_Launch                               build/stm32f0xx_hal_flash.o
HAL_FLASH_OB_Lock                                 build/stm32f0xx_hal_flash.o
HAL_FLASH_OB_Unlock                               build/stm32f0xx_hal_flash.o
HAL_FLASH_OperationErrorCallback                  build/stm32f0xx_hal_flash.o
HAL_FLASH_Program                                 build/stm32f0xx_hal_flash.o
HAL_FLASH_Program_IT                              build/stm32f0xx_hal_flash.o
HAL_FLASH_Unlock                                  build/stm32f0xx_hal_flash.o
HAL_GPIO_DeInit                                   build/stm32f0xx_hal_gpio.o
                                                  build/adc.o
                                                  build/usart.o
HAL_GPIO_EXTI_Callback                            build/stm32f0xx_hal_gpio.o
HAL_GPIO_EXTI_IRQHandler                          build/stm32f0xx_hal_gpio.o
HAL_GPIO_Init                                     build/stm32f0xx_hal_gpio.o
                                                  build/stm32f0xx_hal_rcc.o
                                                  build/iic.o
                                                  build/gpio.o
                                                  build/tim.o
                                                  build/adc.o
                                                  build/usart.o
HAL_GPIO_LockPin                                  build/stm32f0xx_hal_gpio.o
HAL_GPIO_ReadPin                                  build/stm32f0xx_hal_gpio.o
                                                  build/iic.o
HAL_GPIO_TogglePin                                build/stm32f0xx_hal_gpio.o
HAL_GPIO_WritePin                                 build/stm32f0xx_hal_gpio.o
                                                  build/iic.o
                                                  build/gpio.o
HAL_GetDEVID                                      build/stm32f0xx_hal.o
HAL_GetHalVersion                                 build/stm32f0xx_hal.o
HAL_GetREVID                                      build/stm32f0xx_hal.o
HAL_GetTick                                       build/stm32f0xx_hal.o
                                                  build/stm32f0xx_hal_rcc_ex.o
                                                  build/stm32f0xx_hal_i2c.o
                                                  build/stm32f0xx_hal_uart.o
                                                  build/stm32f0xx_hal_adc_ex.o
                                                  build/stm32f0xx_hal_dma.o
                                                  build/stm32f0xx_hal_flash.o
                                                  build/stm32f0xx_hal_rcc.o
                                                  build/stm32f0xx_hal_adc.o
HAL_GetUIDw0                                      build/stm32f0xx_hal.o
HAL_GetUIDw1                                      build/stm32f0xx_hal.o
HAL_GetUIDw2                                      build/stm32f0xx_hal.o
HAL_HalfDuplex_EnableReceiver                     build/stm32f0xx_hal_uart.o
HAL_HalfDuplex_EnableTransmitter                  build/stm32f0xx_hal_uart.o
HAL_HalfDuplex_Init                               build/stm32f0xx_hal_uart.o
HAL_I2CEx_ConfigAnalogFilter                      build/stm32f0xx_hal_i2c_ex.o
HAL_I2CEx_ConfigDigitalFilter                     build/stm32f0xx_hal_i2c_ex.o
HAL_I2CEx_DisableFastModePlus                     build/stm32f0xx_hal_i2c_ex.o
HAL_I2CEx_EnableFastModePlus                      build/stm32f0xx_hal_i2c_ex.o
HAL_I2C_AbortCpltCallback                         build/stm32f0xx_hal_i2c.o
HAL_I2C_AddrCallback                              build/stm32f0xx_hal_i2c.o
HAL_I2C_DeInit                                    build/stm32f0xx_hal_i2c.o
HAL_I2C_DisableListen_IT                          build/stm32f0xx_hal_i2c.o
HAL_I2C_ER_IRQHandler                             build/stm32f0xx_hal_i2c.o
HAL_I2C_EV_IRQHandler                             build/stm32f0xx_hal_i2c.o
HAL_I2C_EnableListen_IT                           build/stm32f0xx_hal_i2c.o
HAL_I2C_ErrorCallback                             build/stm32f0xx_hal_i2c.o
HAL_I2C_GetError                                  build/stm32f0xx_hal_i2c.o
HAL_I2C_GetMode                                   build/stm32f0xx_hal_i2c.o
HAL_I2C_GetState                                  build/stm32f0xx_hal_i2c.o
HAL_I2C_Init                                      build/stm32f0xx_hal_i2c.o
HAL_I2C_IsDeviceReady                             build/stm32f0xx_hal_i2c.o
HAL_I2C_ListenCpltCallback                        build/stm32f0xx_hal_i2c.o
HAL_I2C_MasterRxCpltCallback                      build/stm32f0xx_hal_i2c.o
HAL_I2C_MasterTxCpltCallback                      build/stm32f0xx_hal_i2c.o
HAL_I2C_Master_Abort_IT                           build/stm32f0xx_hal_i2c.o
HAL_I2C_Master_Receive                            build/stm32f0xx_hal_i2c.o
HAL_I2C_Master_Receive_DMA                        build/stm32f0xx_hal_i2c.o
HAL_I2C_Master_Receive_IT                         build/stm32f0xx_hal_i2c.o
HAL_I2C_Master_Sequential_Receive_IT              build/stm32f0xx_hal_i2c.o
HAL_I2C_Master_Sequential_Transmit_IT             build/stm32f0xx_hal_i2c.o
HAL_I2C_Master_Transmit                           build/stm32f0xx_hal_i2c.o
HAL_I2C_Master_Transmit_DMA                       build/stm32f0xx_hal_i2c.o
HAL_I2C_Master_Transmit_IT                        build/stm32f0xx_hal_i2c.o
HAL_I2C_MemRxCpltCallback                         build/stm32f0xx_hal_i2c.o
HAL_I2C_MemTxCpltCallback                         build/stm32f0xx_hal_i2c.o
HAL_I2C_Mem_Read                                  build/stm32f0xx_hal_i2c.o
HAL_I2C_Mem_Read_DMA                              build/stm32f0xx_hal_i2c.o
HAL_I2C_Mem_Read_IT                               build/stm32f0xx_hal_i2c.o
HAL_I2C_Mem_Write                                 build/stm32f0xx_hal_i2c.o
HAL_I2C_Mem_Write_DMA                             build/stm32f0xx_hal_i2c.o
HAL_I2C_Mem_Write_IT                              build/stm32f0xx_hal_i2c.o
HAL_I2C_MspDeInit                                 build/stm32f0xx_hal_i2c.o
HAL_I2C_MspInit                                   build/stm32f0xx_hal_i2c.o
HAL_I2C_SlaveRxCpltCallback                       build/stm32f0xx_hal_i2c.o
HAL_I2C_SlaveTxCpltCallback                       build/stm32f0xx_hal_i2c.o
HAL_I2C_Slave_Receive                             build/stm32f0xx_hal_i2c.o
HAL_I2C_Slave_Receive_DMA                         build/stm32f0xx_hal_i2c.o
HAL_I2C_Slave_Receive_IT                          build/stm32f0xx_hal_i2c.o
HAL_I2C_Slave_Sequential_Receive_IT               build/stm32f0xx_hal_i2c.o
HAL_I2C_Slave_Sequential_Transmit_IT              build/stm32f0xx_hal_i2c.o
HAL_I2C_Slave_Transmit                            build/stm32f0xx_hal_i2c.o
HAL_I2C_Slave_Transmit_DMA                        build/stm32f0xx_hal_i2c.o
HAL_I2C_Slave_Transmit_IT                         build/stm32f0xx_hal_i2c.o
HAL_IncTick                                       build/stm32f0xx_hal.o
                                                  build/stm32f0xx_it.o
HAL_Init                                          build/stm32f0xx_hal.o
                                                  build/main.o
HAL_InitTick                                      build/stm32f0xx_hal.o
                                                  build/stm32f0xx_hal_rcc.o
HAL_MspDeInit                                     build/stm32f0xx_hal.o
HAL_MspInit                                       build/stm32f0xx_hal_msp.o
HAL_MultiProcessorEx_AddressLength_Set            build/stm32f0xx_hal_uart_ex.o
HAL_MultiProcessor_DisableMuteMode                build/stm32f0xx_hal_uart.o
HAL_MultiProcessor_EnableMuteMode                 build/stm32f0xx_hal_uart.o
HAL_MultiProcessor_EnterMuteMode                  build/stm32f0xx_hal_uart.o
HAL_MultiProcessor_Init                           build/stm32f0xx_hal_uart.o
HAL_NVIC_ClearPendingIRQ                          build/stm32f0xx_hal_cortex.o
HAL_NVIC_DisableIRQ                               build/stm32f0xx_hal_cortex.o
                                                  build/usart.o
HAL_NVIC_EnableIRQ                                build/stm32f0xx_hal_cortex.o
                                                  build/gpio.o
                                                  build/usart.o
HAL_NVIC_GetPendingIRQ                            build/stm32f0xx_hal_cortex.o
HAL_NVIC_GetPriority                              build/stm32f0xx_hal_cortex.o
HAL_NVIC_SetPendingIRQ                            build/stm32f0xx_hal_cortex.o
HAL_NVIC_SetPriority                              build/stm32f0xx_hal_cortex.o
                                                  build/stm32f0xx_hal.o
                                                  build/gpio.o
                                                  build/main.o
                                                  build/usart.o
                                                  build/stm32f0xx_hal_msp.o
HAL_NVIC_SystemReset                              build/stm32f0xx_hal_cortex.o
HAL_PWR_DeInit                                    build/stm32f0xx_hal_pwr.o
HAL_PWR_DisableBkUpAccess                         build/stm32f0xx_hal_pwr.o
HAL_PWR_DisableSEVOnPend                          build/stm32f0xx_hal_pwr.o
HAL_PWR_DisableSleepOnExit                        build/stm32f0xx_hal_pwr.o
HAL_PWR_DisableWakeUpPin                          build/stm32f0xx_hal_pwr.o
HAL_PWR_EnableBkUpAccess                          build/stm32f0xx_hal_pwr.o
HAL_PWR_EnableSEVOnPend                           build/stm32f0xx_hal_pwr.o
HAL_PWR_EnableSleepOnExit                         build/stm32f0xx_hal_pwr.o
HAL_PWR_EnableWakeUpPin                           build/stm32f0xx_hal_pwr.o
HAL_PWR_EnterSLEEPMode                            build/stm32f0xx_hal_pwr.o
HAL_PWR_EnterSTANDBYMode                          build/stm32f0xx_hal_pwr.o
HAL_PWR_EnterSTOPMode                             build/stm32f0xx_hal_pwr.o
HAL_RCCEx_GetPeriphCLKConfig                      build/stm32f0xx_hal_rcc_ex.o
HAL_RCCEx_GetPeriphCLKFreq                        build/stm32f0xx_hal_rcc_ex.o
HAL_RCCEx_PeriphCLKConfig                         build/stm32f0xx_hal_rcc_ex.o
                                                  build/main.o
HAL_RCC_CSSCallback                               build/stm32f0xx_hal_rcc.o
HAL_RCC_ClockConfig                               build/stm32f0xx_hal_rcc.o
                                                  build/main.o
HAL_RCC_DeInit                                    build/stm32f0xx_hal_rcc.o
HAL_RCC_DisableCSS                                build/stm32f0xx_hal_rcc.o
HAL_RCC_EnableCSS                                 build/stm32f0xx_hal_rcc.o
HAL_RCC_GetClockConfig                            build/stm32f0xx_hal_rcc.o
HAL_RCC_GetHCLKFreq                               build/stm32f0xx_hal_rcc.o
                                                  build/stm32f0xx_hal.o
                                                  build/main.o
HAL_RCC_GetOscConfig                              build/stm32f0xx_hal_rcc.o
HAL_RCC_GetPCLK1Freq                              build/stm32f0xx_hal_rcc.o
                                                  build/stm32f0xx_hal_rcc_ex.o
                                                  build/stm32f0xx_hal_uart.o
HAL_RCC_GetSysClockFreq                           build/stm32f0xx_hal_rcc.o
                                                  build/stm32f0xx_hal_rcc_ex.o
                                                  build/stm32f0xx_hal_uart.o
HAL_RCC_MCOConfig                                 build/stm32f0xx_hal_rcc.o
HAL_RCC_NMI_IRQHandler                            build/stm32f0xx_hal_rcc.o
HAL_RCC_OscConfig                                 build/stm32f0xx_hal_rcc.o
                                                  build/main.o
HAL_RS485Ex_Init                                  build/stm32f0xx_hal_uart_ex.o
HAL_ResumeTick                                    build/stm32f0xx_hal.o
HAL_SYSTICK_CLKSourceConfig                       build/stm32f0xx_hal_cortex.o
                                                  build/main.o
HAL_SYSTICK_Callback                              build/main.o
HAL_SYSTICK_Config                                build/stm32f0xx_hal_cortex.o
                                                  build/stm32f0xx_hal.o
                                                  build/main.o
HAL_SYSTICK_IRQHandler                            build/stm32f0xx_hal_cortex.o
                                                  build/stm32f0xx_it.o
HAL_SuspendTick                                   build/stm32f0xx_hal.o
HAL_TIMEx_BreakCallback                           build/stm32f0xx_hal_tim_ex.o
                                                  build/stm32f0xx_hal_tim.o
HAL_TIMEx_CommutationCallback                     build/stm32f0xx_hal_tim_ex.o
                                                  build/stm32f0xx_hal_tim.o
HAL_TIMEx_ConfigBreakDeadTime                     build/stm32f0xx_hal_tim_ex.o
HAL_TIMEx_ConfigCommutationEvent                  build/stm32f0xx_hal_tim_ex.o
HAL_TIMEx_ConfigCommutationEvent_DMA              build/stm32f0xx_hal_tim_ex.o
HAL_TIMEx_ConfigCommutationEvent_IT               build/stm32f0xx_hal_tim_ex.o
HAL_TIMEx_HallSensor_DeInit                       build/stm32f0xx_hal_tim_ex.o
HAL_TIMEx_HallSensor_GetState                     build/stm32f0xx_hal_tim_ex.o
HAL_TIMEx_HallSensor_Init                         build/stm32f0xx_hal_tim_ex.o
HAL_TIMEx_HallSensor_MspDeInit                    build/stm32f0xx_hal_tim_ex.o
HAL_TIMEx_HallSensor_MspInit                      build/stm32f0xx_hal_tim_ex.o
HAL_TIMEx_HallSensor_Start                        build/stm32f0xx_hal_tim_ex.o
HAL_TIMEx_HallSensor_Start_DMA                    build/stm32f0xx_hal_tim_ex.o
HAL_TIMEx_HallSensor_Start_IT                     build/stm32f0xx_hal_tim_ex.o
HAL_TIMEx_HallSensor_Stop                         build/stm32f0xx_hal_tim_ex.o
HAL_TIMEx_HallSensor_Stop_DMA                     build/stm32f0xx_hal_tim_ex.o
HAL_TIMEx_HallSensor_Stop_IT                      build/stm32f0xx_hal_tim_ex.o
HAL_TIMEx_MasterConfigSynchronization             build/stm32f0xx_hal_tim_ex.o
                                                  build/tim.o
HAL_TIMEx_OCN_Start                               build/stm32f0xx_hal_tim_ex.o
HAL_TIMEx_OCN_Start_DMA                           build/stm32f0xx_hal_tim_ex.o
HAL_TIMEx_OCN_Start_IT                            build/stm32f0xx_hal_tim_ex.o
HAL_TIMEx_OCN_Stop                                build/stm32f0xx_hal_tim_ex.o
HAL_TIMEx_OCN_Stop_DMA                            build/stm32f0xx_hal_tim_ex.o
HAL_TIMEx_OCN_Stop_IT                             build/stm32f0xx_hal_tim_ex.o
HAL_TIMEx_OnePulseN_Start                         build/stm32f0xx_hal_tim_ex.o
HAL_TIMEx_OnePulseN_Start_IT                      build/stm32f0xx_hal_tim_ex.o
HAL_TIMEx_OnePulseN_Stop                          build/stm32f0xx_hal_tim_ex.o
HAL_TIMEx_OnePulseN_Stop_IT                       build/stm32f0xx_hal_tim_ex.o
HAL_TIMEx_PWMN_Start                              build/stm32f0xx_hal_tim_ex.o
HAL_TIMEx_PWMN_Start_DMA                          build/stm32f0xx_hal_tim_ex.o
HAL_TIMEx_PWMN_Start_IT                           build/stm32f0xx_hal_tim_ex.o
HAL_TIMEx_PWMN_Stop                               build/stm32f0xx_hal_tim_ex.o
HAL_TIMEx_PWMN_Stop_DMA                           build/stm32f0xx_hal_tim_ex.o
HAL_TIMEx_PWMN_Stop_IT                            build/stm32f0xx_hal_tim_ex.o
HAL_TIMEx_RemapConfig                             build/stm32f0xx_hal_tim_ex.o
HAL_TIM_Base_DeInit                               build/stm32f0xx_hal_tim.o
HAL_TIM_Base_GetState                             build/stm32f0xx_hal_tim.o
HAL_TIM_Base_Init                                 build/stm32f0xx_hal_tim.o
HAL_TIM_Base_MspDeInit                            build/stm32f0xx_hal_tim.o
HAL_TIM_Base_MspInit                              build/stm32f0xx_hal_tim.o
HAL_TIM_Base_Start                                build/stm32f0xx_hal_tim.o
                                                  build/main.o
HAL_TIM_Base_Start_DMA                            build/stm32f0xx_hal_tim.o
HAL_TIM_Base_Start_IT                             build/stm32f0xx_hal_tim.o
HAL_TIM_Base_Stop                                 build/stm32f0xx_hal_tim.o
HAL_TIM_Base_Stop_DMA                             build/stm32f0xx_hal_tim.o
HAL_TIM_Base_Stop_IT                              build/stm32f0xx_hal_tim.o
HAL_TIM_ConfigClockSource                         build/stm32f0xx_hal_tim.o
HAL_TIM_ConfigOCrefClear                          build/stm32f0xx_hal_tim.o
HAL_TIM_ConfigTI1Input                            build/stm32f0xx_hal_tim.o
HAL_TIM_DMABurst_MultiReadStart                   build/stm32f0xx_hal_tim.o
HAL_TIM_DMABurst_MultiWriteStart                  build/stm32f0xx_hal_tim.o
HAL_TIM_DMABurst_ReadStart                        build/stm32f0xx_hal_tim.o
HAL_TIM_DMABurst_ReadStop                         build/stm32f0xx_hal_tim.o
HAL_TIM_DMABurst_WriteStart                       build/stm32f0xx_hal_tim.o
HAL_TIM_DMABurst_WriteStop                        build/stm32f0xx_hal_tim.o
HAL_TIM_Encoder_DeInit                            build/stm32f0xx_hal_tim.o
HAL_TIM_Encoder_GetState                          build/stm32f0xx_hal_tim.o
HAL_TIM_Encoder_Init                              build/stm32f0xx_hal_tim.o
HAL_TIM_Encoder_MspDeInit                         build/stm32f0xx_hal_tim.o
HAL_TIM_Encoder_MspInit                           build/stm32f0xx_hal_tim.o
HAL_TIM_Encoder_Start                             build/stm32f0xx_hal_tim.o
HAL_TIM_Encoder_Start_DMA                         build/stm32f0xx_hal_tim.o
HAL_TIM_Encoder_Start_IT                          build/stm32f0xx_hal_tim.o
HAL_TIM_Encoder_Stop                              build/stm32f0xx_hal_tim.o
HAL_TIM_Encoder_Stop_DMA                          build/stm32f0xx_hal_tim.o
HAL_TIM_Encoder_Stop_IT                           build/stm32f0xx_hal_tim.o
HAL_TIM_ErrorCallback                             build/stm32f0xx_hal_tim.o